Archive member included to satisfy reference by file (symbol)

c:/program files (x86)/atmel/studio/7.0/toolchain/arm/arm-gnu-toolchain/bin/../lib/gcc/arm-none-eabi/6.3.1/thumb/v7e-m\libgcc.a(_aeabi_uldivmod.o)
                              src/camera.o (__aeabi_uldivmod)
c:/program files (x86)/atmel/studio/7.0/toolchain/arm/arm-gnu-toolchain/bin/../lib/gcc/arm-none-eabi/6.3.1/thumb/v7e-m\libgcc.a(_udivmoddi4.o)
                              c:/program files (x86)/atmel/studio/7.0/toolchain/arm/arm-gnu-toolchain/bin/../lib/gcc/arm-none-eabi/6.3.1/thumb/v7e-m\libgcc.a(_aeabi_uldivmod.o) (__udivmoddi4)
c:/program files (x86)/atmel/studio/7.0/toolchain/arm/arm-gnu-toolchain/bin/../lib/gcc/arm-none-eabi/6.3.1/thumb/v7e-m\libgcc.a(_dvmd_tls.o)
                              c:/program files (x86)/atmel/studio/7.0/toolchain/arm/arm-gnu-toolchain/bin/../lib/gcc/arm-none-eabi/6.3.1/thumb/v7e-m\libgcc.a(_aeabi_uldivmod.o) (__aeabi_ldiv0)
c:/program files (x86)/atmel/studio/7.0/toolchain/arm/arm-gnu-toolchain/bin/../lib/gcc/arm-none-eabi/6.3.1/../../../../arm-none-eabi/lib/thumb/v7e-m\libc.a(lib_a-exit.o)
                              c:/program files (x86)/atmel/studio/7.0/toolchain/arm/arm-gnu-toolchain/bin/../lib/gcc/arm-none-eabi/6.3.1/../../../../arm-none-eabi/lib/thumb/v7e-m/crt0.o (exit)
c:/program files (x86)/atmel/studio/7.0/toolchain/arm/arm-gnu-toolchain/bin/../lib/gcc/arm-none-eabi/6.3.1/../../../../arm-none-eabi/lib/thumb/v7e-m\libc.a(lib_a-impure.o)
                              c:/program files (x86)/atmel/studio/7.0/toolchain/arm/arm-gnu-toolchain/bin/../lib/gcc/arm-none-eabi/6.3.1/../../../../arm-none-eabi/lib/thumb/v7e-m\libc.a(lib_a-exit.o) (_global_impure_ptr)
c:/program files (x86)/atmel/studio/7.0/toolchain/arm/arm-gnu-toolchain/bin/../lib/gcc/arm-none-eabi/6.3.1/../../../../arm-none-eabi/lib/thumb/v7e-m\libc.a(lib_a-init.o)
                              c:/program files (x86)/atmel/studio/7.0/toolchain/arm/arm-gnu-toolchain/bin/../lib/gcc/arm-none-eabi/6.3.1/../../../../arm-none-eabi/lib/thumb/v7e-m/crt0.o (__libc_init_array)
c:/program files (x86)/atmel/studio/7.0/toolchain/arm/arm-gnu-toolchain/bin/../lib/gcc/arm-none-eabi/6.3.1/../../../../arm-none-eabi/lib/thumb/v7e-m\libc.a(lib_a-memset.o)
                              c:/program files (x86)/atmel/studio/7.0/toolchain/arm/arm-gnu-toolchain/bin/../lib/gcc/arm-none-eabi/6.3.1/../../../../arm-none-eabi/lib/thumb/v7e-m/crt0.o (memset)
c:/program files (x86)/atmel/studio/7.0/toolchain/arm/arm-gnu-toolchain/bin/../lib/gcc/arm-none-eabi/6.3.1/../../../../arm-none-eabi/lib/thumb/v7e-m\libc.a(lib_a-sprintf.o)
                              src/wifi.o (sprintf)
c:/program files (x86)/atmel/studio/7.0/toolchain/arm/arm-gnu-toolchain/bin/../lib/gcc/arm-none-eabi/6.3.1/../../../../arm-none-eabi/lib/thumb/v7e-m\libc.a(lib_a-strstr.o)
                              src/wifi.o (strstr)
c:/program files (x86)/atmel/studio/7.0/toolchain/arm/arm-gnu-toolchain/bin/../lib/gcc/arm-none-eabi/6.3.1/../../../../arm-none-eabi/lib/thumb/v7e-m\libc.a(lib_a-svfprintf.o)
                              c:/program files (x86)/atmel/studio/7.0/toolchain/arm/arm-gnu-toolchain/bin/../lib/gcc/arm-none-eabi/6.3.1/../../../../arm-none-eabi/lib/thumb/v7e-m\libc.a(lib_a-sprintf.o) (_svfprintf_r)
c:/program files (x86)/atmel/studio/7.0/toolchain/arm/arm-gnu-toolchain/bin/../lib/gcc/arm-none-eabi/6.3.1/../../../../arm-none-eabi/lib/thumb/v7e-m\libc.a(lib_a-__call_atexit.o)
                              c:/program files (x86)/atmel/studio/7.0/toolchain/arm/arm-gnu-toolchain/bin/../lib/gcc/arm-none-eabi/6.3.1/../../../../arm-none-eabi/lib/thumb/v7e-m\libc.a(lib_a-exit.o) (__call_exitprocs)
c:/program files (x86)/atmel/studio/7.0/toolchain/arm/arm-gnu-toolchain/bin/../lib/gcc/arm-none-eabi/6.3.1/../../../../arm-none-eabi/lib/thumb/v7e-m\libc.a(lib_a-atexit.o)
                              c:/program files (x86)/atmel/studio/7.0/toolchain/arm/arm-gnu-toolchain/bin/../lib/gcc/arm-none-eabi/6.3.1/../../../../arm-none-eabi/lib/thumb/v7e-m\libc.a(lib_a-__call_atexit.o) (atexit)
c:/program files (x86)/atmel/studio/7.0/toolchain/arm/arm-gnu-toolchain/bin/../lib/gcc/arm-none-eabi/6.3.1/../../../../arm-none-eabi/lib/thumb/v7e-m\libc.a(lib_a-dtoa.o)
                              c:/program files (x86)/atmel/studio/7.0/toolchain/arm/arm-gnu-toolchain/bin/../lib/gcc/arm-none-eabi/6.3.1/../../../../arm-none-eabi/lib/thumb/v7e-m\libc.a(lib_a-svfprintf.o) (_dtoa_r)
c:/program files (x86)/atmel/studio/7.0/toolchain/arm/arm-gnu-toolchain/bin/../lib/gcc/arm-none-eabi/6.3.1/../../../../arm-none-eabi/lib/thumb/v7e-m\libc.a(lib_a-fini.o)
                              c:/program files (x86)/atmel/studio/7.0/toolchain/arm/arm-gnu-toolchain/bin/../lib/gcc/arm-none-eabi/6.3.1/../../../../arm-none-eabi/lib/thumb/v7e-m\libc.a(lib_a-__call_atexit.o) (__libc_fini_array)
[...]
Memory Configuration

Name             Origin             Length             Attributes
rom              0x00400000         0x00080000         xr
ram              0x20000000         0x00020000         xrw
*default*        0x00000000         0xffffffff

Linker script and memory map

LOAD c:/program files (x86)/atmel/studio/7.0/toolchain/arm/arm-gnu-toolchain/bin/../lib/gcc/arm-none-eabi/6.3.1/thumb/v7e-m/crti.o
LOAD c:/program files (x86)/atmel/studio/7.0/toolchain/arm/arm-gnu-toolchain/bin/../lib/gcc/arm-none-eabi/6.3.1/thumb/v7e-m/crtbegin.o
LOAD c:/program files (x86)/atmel/studio/7.0/toolchain/arm/arm-gnu-toolchain/bin/../lib/gcc/arm-none-eabi/6.3.1/../../../../arm-none-eabi/lib/thumb/v7e-m/crt0.o
LOAD src/ASF/common/services/clock/sam4s/sysclk.o
LOAD src/ASF/common/services/delay/sam/cycle_counter.o
LOAD src/ASF/common/services/serial/usart_serial.o
LOAD src/ASF/sam/drivers/pio/pio.o
LOAD src/ASF/sam/drivers/pio/pio_handler.o
LOAD src/ASF/sam/drivers/pmc/pmc.o
LOAD src/ASF/sam/drivers/pmc/sleep.o
LOAD src/ASF/sam/drivers/tc/tc.o
LOAD src/ASF/sam/drivers/twi/twi.o
LOAD src/ASF/sam/drivers/uart/uart.o
LOAD src/ASF/sam/drivers/usart/usart.o
LOAD src/ASF/sam/drivers/wdt/wdt.o
LOAD src/camera.o
LOAD src/ov2640.o
LOAD src/ov2640_table_registers.o
LOAD src/timer_interface.o
LOAD src/wifi.o
LOAD src/ASF/common/boards/user_board/init.o
LOAD src/ASF/common/utils/interrupt/interrupt_sam_nvic.o
LOAD src/ASF/sam/utils/cmsis/sam4s/source/templates/gcc/startup_sam4s.o
LOAD src/ASF/sam/utils/cmsis/sam4s/source/templates/system_sam4s.o
LOAD src/ASF/sam/utils/syscalls/gcc/syscalls.o
LOAD src/main.o
START GROUP
LOAD ../src/ASF/thirdparty/CMSIS/Lib/GCC\libarm_cortexM4l_math.a
LOAD c:/program files (x86)/atmel/studio/7.0/toolchain/arm/arm-gnu-toolchain/bin/../lib/gcc/arm-none-eabi/6.3.1/../../../../arm-none-eabi/lib/thumb/v7e-m\libm.a
END GROUP
START GROUP
LOAD c:/program files (x86)/atmel/studio/7.0/toolchain/arm/arm-gnu-toolchain/bin/../lib/gcc/arm-none-eabi/6.3.1/thumb/v7e-m\libgcc.a
LOAD c:/program files (x86)/atmel/studio/7.0/toolchain/arm/arm-gnu-toolchain/bin/../lib/gcc/arm-none-eabi/6.3.1/../../../../arm-none-eabi/lib/thumb/v7e-m\libc.a
END GROUP
LOAD c:/program files (x86)/atmel/studio/7.0/toolchain/arm/arm-gnu-toolchain/bin/../lib/gcc/arm-none-eabi/6.3.1/thumb/v7e-m/crtend.o
LOAD c:/program files (x86)/atmel/studio/7.0/toolchain/arm/arm-gnu-toolchain/bin/../lib/gcc/arm-none-eabi/6.3.1/thumb/v7e-m/crtn.o
                0x00003000                __stack_size__ = DEFINED (__stack_size__)?__stack_size__:0x3000
                0x2001fffc                __ram_end__ = ((ORIGIN (ram) + LENGTH (ram)) - 0x4)

.text           0x00400000     0x9364
                0x00400000                . = ALIGN (0x4)
                0x00400000                _sfixed = .
 *(.vectors .vectors.*)
 .vectors       0x00400000       0xcc src/ASF/sam/utils/cmsis/sam4s/source/templates/gcc/startup_sam4s.o
                0x00400000                exception_table
 *(.text .text.* .gnu.linkonce.t.*)
 .text          0x004000cc       0x6c c:/program files (x86)/atmel/studio/7.0/toolchain/arm/arm-gnu-toolchain/bin/../lib/gcc/arm-none-eabi/6.3.1/thumb/v7e-m/crtbegin.o
 .text.osc_enable
                0x00400138       0x88 src/ASF/common/services/clock/sam4s/sysclk.o
 .text.osc_is_ready
                0x004001c0       0x70 src/ASF/common/services/clock/sam4s/sysclk.o
 .text.osc_get_rate
                0x00400230       0x74 src/ASF/common/services/clock/sam4s/sysclk.o
 .text.osc_wait_ready
                0x004002a4       0x2c src/ASF/common/services/clock/sam4s/sysclk.o
 .text.pll_config_init
                0x004002d0       0x54 src/ASF/common/services/clock/sam4s/sysclk.o
 .text.pll_enable
                0x00400324       0x44 src/ASF/common/services/clock/sam4s/sysclk.o
 .text.pll_is_locked
                0x00400368       0x2c src/ASF/common/services/clock/sam4s/sysclk.o
 .text.pll_enable_source
                0x00400394       0x38 src/ASF/common/services/clock/sam4s/sysclk.o
 .text.pll_wait_for_lock
                0x004003cc       0x24 src/ASF/common/services/clock/sam4s/sysclk.o
 .text.sysclk_get_main_hz
                0x004003f0       0x1c src/ASF/common/services/clock/sam4s/sysclk.o
 .text.sysclk_get_cpu_hz
                0x0040040c       0x14 src/ASF/common/services/clock/sam4s/sysclk.o
 .text.sysclk_init
                0x00400420       0x70 src/ASF/common/services/clock/sam4s/sysclk.o
                0x00400420                sysclk_init
 .text.pio_pull_up
                0x00400490       0x2a src/ASF/sam/drivers/pio/pio.o
                0x00400490                pio_pull_up
 .text.pio_set_debounce_filter
                0x004004ba       0x36 src/ASF/sam/drivers/pio/pio.o
                0x004004ba                pio_set_debounce_filter
 .text.pio_set_peripheral
                0x004004f0      0x10e src/ASF/sam/drivers/pio/pio.o
                0x004004f0                pio_set_peripheral
 *fill*         0x004005fe        0x2 
 .text.pio_set_input
                0x00400600       0x80 src/ASF/sam/drivers/pio/pio.o
                0x00400600                pio_set_input
 .text.pio_set_output
                0x00400680       0x64 src/ASF/sam/drivers/pio/pio.o
                0x00400680                pio_set_output
 .text.pio_configure_interrupt
                0x004006e4       0x6a src/ASF/sam/drivers/pio/pio.o
                0x004006e4                pio_configure_interrupt
 .text.pio_enable_interrupt
                0x0040074e       0x1a src/ASF/sam/drivers/pio/pio.o
                0x0040074e                pio_enable_interrupt
 .text.pio_disable_interrupt
                0x00400768       0x1a src/ASF/sam/drivers/pio/pio.o
                0x00400768                pio_disable_interrupt
 .text.pio_get_interrupt_status
                0x00400782       0x16 src/ASF/sam/drivers/pio/pio.o
                0x00400782                pio_get_interrupt_status
 .text.pio_get_interrupt_mask
                0x00400798       0x16 src/ASF/sam/drivers/pio/pio.o
                0x00400798                pio_get_interrupt_mask
 *fill*         0x004007ae        0x2 
 .text.pio_configure_pin
                0x004007b0      0x1b0 src/ASF/sam/drivers/pio/pio.o
                0x004007b0                pio_configure_pin
 .text.pio_get_pin_group
                0x00400960       0x24 src/ASF/sam/drivers/pio/pio.o
                0x00400960                pio_get_pin_group
 .text.pio_capture_enable
                0x00400984       0x2c src/ASF/sam/drivers/pio/pio.o
                0x00400984                pio_capture_enable
 .text.pio_capture_disable
                0x004009b0       0x2c src/ASF/sam/drivers/pio/pio.o
                0x004009b0                pio_capture_disable
 .text.pio_handler_process
                0x004009dc       0xd4 src/ASF/sam/drivers/pio/pio_handler.o
                0x004009dc                pio_handler_process
 .text.pio_handler_set
                0x00400ab0       0xa0 src/ASF/sam/drivers/pio/pio_handler.o
                0x00400ab0                pio_handler_set
 .text.PIOA_Handler
                0x00400b50       0x18 src/ASF/sam/drivers/pio/pio_handler.o
                0x00400b50                PIOA_Handler
 .text.PIOB_Handler
                0x00400b68       0x18 src/ASF/sam/drivers/pio/pio_handler.o
                0x00400b68                PIOB_Handler
 .text.pmc_switch_mck_to_pllack
                0x00400b80       0x80 src/ASF/sam/drivers/pmc/pmc.o
                0x00400b80                pmc_switch_mck_to_pllack
 .text.pmc_switch_sclk_to_32kxtal
                0x00400c00       0x38 src/ASF/sam/drivers/pmc/pmc.o
                0x00400c00                pmc_switch_sclk_to_32kxtal
 .text.pmc_osc_is_ready_32kxtal
                0x00400c38       0x34 src/ASF/sam/drivers/pmc/pmc.o
                0x00400c38                pmc_osc_is_ready_32kxtal
 .text.pmc_switch_mainck_to_fastrc
                0x00400c6c       0x70 src/ASF/sam/drivers/pmc/pmc.o
                0x00400c6c                pmc_switch_mainck_to_fastrc
 .text.pmc_switch_mainck_to_xtal
                0x00400cdc       0x78 src/ASF/sam/drivers/pmc/pmc.o
                0x00400cdc                pmc_switch_mainck_to_xtal
 .text.pmc_osc_is_ready_mainck
                0x00400d54       0x18 src/ASF/sam/drivers/pmc/pmc.o
                0x00400d54                pmc_osc_is_ready_mainck
 .text.pmc_disable_pllack
                0x00400d6c       0x18 src/ASF/sam/drivers/pmc/pmc.o
                0x00400d6c                pmc_disable_pllack
 .text.pmc_is_locked_pllack
                0x00400d84       0x18 src/ASF/sam/drivers/pmc/pmc.o
                0x00400d84                pmc_is_locked_pllack
 .text.pmc_enable_pllbck
                0x00400d9c       0x50 src/ASF/sam/drivers/pmc/pmc.o
                0x00400d9c                pmc_enable_pllbck
 .text.pmc_disable_pllbck
                0x00400dec       0x18 src/ASF/sam/drivers/pmc/pmc.o
                0x00400dec                pmc_disable_pllbck
 .text.pmc_is_locked_pllbck
                0x00400e04       0x18 src/ASF/sam/drivers/pmc/pmc.o
                0x00400e04                pmc_is_locked_pllbck
 .text.pmc_enable_periph_clk
                0x00400e1c       0x80 src/ASF/sam/drivers/pmc/pmc.o
                0x00400e1c                pmc_enable_periph_clk
 .text.tc_init  0x00400e9c       0x38 src/ASF/sam/drivers/tc/tc.o
                0x00400e9c                tc_init
 .text.tc_start
                0x00400ed4       0x20 src/ASF/sam/drivers/tc/tc.o
                0x00400ed4                tc_start
 .text.tc_write_rc
                0x00400ef4       0x24 src/ASF/sam/drivers/tc/tc.o
                0x00400ef4                tc_write_rc
 .text.tc_enable_interrupt
                0x00400f18       0x26 src/ASF/sam/drivers/tc/tc.o
                0x00400f18                tc_enable_interrupt
 .text.tc_get_status
                0x00400f3e       0x22 src/ASF/sam/drivers/tc/tc.o
                0x00400f3e                tc_get_status
 .text.tc_find_mck_divisor
                0x00400f60       0xa4 src/ASF/sam/drivers/tc/tc.o
                0x00400f60                tc_find_mck_divisor
 .text.twi_enable_master_mode
                0x00401004       0x24 src/ASF/sam/drivers/twi/twi.o
                0x00401004                twi_enable_master_mode
 .text.twi_master_init
                0x00401028       0x64 src/ASF/sam/drivers/twi/twi.o
                0x00401028                twi_master_init
 .text.twi_set_speed
                0x0040108c       0xf4 src/ASF/sam/drivers/twi/twi.o
                0x0040108c                twi_set_speed
 .text.twi_mk_addr
                0x00401180       0x5a src/ASF/sam/drivers/twi/twi.o
                0x00401180                twi_mk_addr
 *fill*         0x004011da        0x2 
 .text.twi_master_read
                0x004011dc      0x10c src/ASF/sam/drivers/twi/twi.o
                0x004011dc                twi_master_read
 .text.twi_master_write
                0x004012e8       0xdc src/ASF/sam/drivers/twi/twi.o
                0x004012e8                twi_master_write
 .text.twi_reset
                0x004013c4       0x1c src/ASF/sam/drivers/twi/twi.o
                0x004013c4                twi_reset
 .text.usart_set_async_baudrate
                0x004013e0       0x88 src/ASF/sam/drivers/usart/usart.o
                0x004013e0                usart_set_async_baudrate
 .text.usart_reset
                0x00401468       0x60 src/ASF/sam/drivers/usart/usart.o
                0x00401468                usart_reset
 .text.usart_init_rs232
                0x004014c8       0x84 src/ASF/sam/drivers/usart/usart.o
                0x004014c8                usart_init_rs232
 .text.usart_init_hw_handshaking
                0x0040154c       0x40 src/ASF/sam/drivers/usart/usart.o
                0x0040154c                usart_init_hw_handshaking
 .text.usart_enable_tx
                0x0040158c       0x18 src/ASF/sam/drivers/usart/usart.o
                0x0040158c                usart_enable_tx
 .text.usart_reset_tx
                0x004015a4       0x18 src/ASF/sam/drivers/usart/usart.o
                0x004015a4                usart_reset_tx
 .text.usart_enable_rx
                0x004015bc       0x18 src/ASF/sam/drivers/usart/usart.o
                0x004015bc                usart_enable_rx
 .text.usart_reset_rx
                0x004015d4       0x18 src/ASF/sam/drivers/usart/usart.o
                0x004015d4                usart_reset_rx
 .text.usart_enable_interrupt
                0x004015ec       0x1a src/ASF/sam/drivers/usart/usart.o
                0x004015ec                usart_enable_interrupt
 .text.usart_disable_interrupt
                0x00401606       0x1a src/ASF/sam/drivers/usart/usart.o
                0x00401606                usart_disable_interrupt
 .text.usart_reset_status
                0x00401620       0x1a src/ASF/sam/drivers/usart/usart.o
                0x00401620                usart_reset_status
 .text.usart_drive_DTR_pin_high
                0x0040163a       0x1a src/ASF/sam/drivers/usart/usart.o
                0x0040163a                usart_drive_DTR_pin_high
 .text.usart_drive_RTS_pin_high
                0x00401654       0x1a src/ASF/sam/drivers/usart/usart.o
                0x00401654                usart_drive_RTS_pin_high
 .text.usart_putchar
                0x0040166e       0x2e src/ASF/sam/drivers/usart/usart.o
                0x0040166e                usart_putchar
 .text.usart_write_line
                0x0040169c       0x30 src/ASF/sam/drivers/usart/usart.o
                0x0040169c                usart_write_line
 .text.usart_disable_writeprotect
                0x004016cc       0x20 src/ASF/sam/drivers/usart/usart.o
                0x004016cc                usart_disable_writeprotect
 .text.wdt_disable
                0x004016ec       0x1a src/ASF/sam/drivers/wdt/wdt.o
                0x004016ec                wdt_disable
 *fill*         0x00401706        0x2 
 .text.__NVIC_EnableIRQ
                0x00401708       0x38 src/camera.o
 .text.__NVIC_DisableIRQ
                0x00401740       0x44 src/camera.o
 .text.__NVIC_ClearPendingIRQ
                0x00401784       0x3c src/camera.o
 .text.__NVIC_SetPriority
                0x004017c0       0x54 src/camera.o
 .text.osc_get_rate
                0x00401814       0x74 src/camera.o
 .text.sysclk_get_main_hz
                0x00401888       0x1c src/camera.o
 .text.sysclk_get_cpu_hz
                0x004018a4       0x14 src/camera.o
 .text.vsync_handler
                0x004018b8       0x20 src/camera.o
                0x004018b8                vsync_handler
 .text.init_vsync_interrupts
                0x004018d8       0x44 src/camera.o
                0x004018d8                init_vsync_interrupts
 .text.configure_twi
                0x0040191c       0x80 src/camera.o
                0x0040191c                configure_twi
 .text.pio_capture_init
                0x0040199c       0x7c src/camera.o
                0x0040199c                pio_capture_init
 .text.pio_capture_to_buffer
                0x00401a18       0x66 src/camera.o
 *fill*         0x00401a7e        0x2 
 .text.init_camera
                0x00401a80       0xc4 src/camera.o
                0x00401a80                init_camera
 .text.configure_camera
                0x00401b44       0xd4 src/camera.o
                0x00401b44                configure_camera
 .text.start_capture
                0x00401c18       0x94 src/camera.o
                0x00401c18                start_capture
 .text.find_image_len
                0x00401cac       0xa0 src/camera.o
                0x00401cac                find_image_len
 .text.osc_get_rate
                0x00401d4c       0x74 src/ov2640.o
 .text.sysclk_get_main_hz
                0x00401dc0       0x1c src/ov2640.o
 .text.sysclk_get_cpu_hz
                0x00401ddc       0x14 src/ov2640.o
 .text.ov_id    0x00401df0       0x70 src/ov2640.o
 .text.ov_manufacturer
                0x00401e60       0x78 src/ov2640.o
 .text.ov_test_write
                0x00401ed8       0xb0 src/ov2640.o
 .text.ov_read_reg
                0x00401f88       0x24 src/ov2640.o
                0x00401f88                ov_read_reg
 .text.ov_write_reg
                0x00401fac       0x24 src/ov2640.o
                0x00401fac                ov_write_reg
 .text.ov_write_regs
                0x00401fd0       0xd4 src/ov2640.o
                0x00401fd0                ov_write_regs
 .text.ov_init  0x004020a4       0x8c src/ov2640.o
                0x004020a4                ov_init
 .text.ov_configure
                0x00402130      0x13c src/ov2640.o
                0x00402130                ov_configure
 .text.__NVIC_EnableIRQ
                0x0040226c       0x38 src/timer_interface.o
 .text.osc_get_rate
                0x004022a4       0x74 src/timer_interface.o
 .text.sysclk_get_main_hz
                0x00402318       0x1c src/timer_interface.o
 .text.sysclk_get_cpu_hz
                0x00402334       0x14 src/timer_interface.o
 .text.TC0_Handler
                0x00402348       0x3c src/timer_interface.o
                0x00402348                TC0_Handler
 .text.configure_tc
                0x00402384       0x8c src/timer_interface.o
                0x00402384                configure_tc
 .text.__NVIC_EnableIRQ
                0x00402410       0x38 src/wifi.o
 .text.osc_get_rate
                0x00402448       0x74 src/wifi.o
 .text.sysclk_get_main_hz
                0x004024bc       0x1c src/wifi.o
 .text.sysclk_get_cpu_hz
                0x004024d8       0x14 src/wifi.o
 .text.sysclk_get_peripheral_hz
                0x004024ec       0x14 src/wifi.o
 .text.sysclk_enable_peripheral_clock
                0x00402500       0x1c src/wifi.o
 .text.wifi_command_response_handler
                0x0040251c       0x50 src/wifi.o
 .text.wifi_web_setup_handler
                0x0040256c       0x20 src/wifi.o
                0x0040256c                wifi_web_setup_handler
 .text.configure_usart_wifi
                0x0040258c       0xb0 src/wifi.o
                0x0040258c                configure_usart_wifi
 .text.configure_wifi_command_pin
                0x0040263c       0x60 src/wifi.o
                0x0040263c                configure_wifi_command_pin
 .text.configure_wifi_web_setup_pin
                0x0040269c       0x60 src/wifi.o
                0x0040269c                configure_wifi_web_setup_pin
 .text.write_wifi_command
                0x004026fc       0x50 src/wifi.o
                0x004026fc                write_wifi_command
 .text.write_image_to_file
                0x0040274c      0x1ac src/wifi.o
                0x0040274c                write_image_to_file
 .text.process_data_wifi
                0x004028f8       0x48 src/wifi.o
                0x004028f8                process_data_wifi
 .text.sysclk_enable_peripheral_clock
                0x00402940       0x1c src/ASF/common/boards/user_board/init.o
 .text.ioport_init
                0x0040295c       0x18 src/ASF/common/boards/user_board/init.o
 .text.ioport_set_pin_dir
                0x00402974       0x86 src/ASF/common/boards/user_board/init.o
 .text.ioport_set_pin_level
                0x004029fa       0x6a src/ASF/common/boards/user_board/init.o
 .text.board_init
                0x00402a64       0x60 src/ASF/common/boards/user_board/init.o
                0x00402a64                board_init
 .text.Reset_Handler
                0x00402ac4       0xc8 src/ASF/sam/utils/cmsis/sam4s/source/templates/gcc/startup_sam4s.o
                0x00402ac4                Reset_Handler
 .text.Dummy_Handler
                0x00402b8c        0x6 src/ASF/sam/utils/cmsis/sam4s/source/templates/gcc/startup_sam4s.o
                0x00402b8c                DACC_Handler
                0x00402b8c                DebugMon_Handler
                0x00402b8c                HardFault_Handler
                0x00402b8c                TC2_Handler
                0x00402b8c                SPI_Handler
                0x00402b8c                SysTick_Handler
                0x00402b8c                TWI1_Handler
                0x00402b8c                PendSV_Handler
                0x00402b8c                NMI_Handler
                0x00402b8c                ADC_Handler
                0x00402b8c                CRCCU_Handler
                0x00402b8c                USART0_Handler
                0x00402b8c                RTT_Handler
                0x00402b8c                RTC_Handler
                0x00402b8c                UsageFault_Handler
                0x00402b8c                WDT_Handler
                0x00402b8c                TC1_Handler
                0x00402b8c                HSMCI_Handler
                0x00402b8c                UART1_Handler
                0x00402b8c                Dummy_Handler
                0x00402b8c                TWI0_Handler
                0x00402b8c                USART1_Handler
                0x00402b8c                SSC_Handler
                0x00402b8c                EFC0_Handler
                0x00402b8c                ACC_Handler
                0x00402b8c                PMC_Handler
                0x00402b8c                PWM_Handler
                0x00402b8c                MemManage_Handler
                0x00402b8c                SUPC_Handler
                0x00402b8c                SVC_Handler
                0x00402b8c                UART0_Handler
                0x00402b8c                UDP_Handler
                0x00402b8c                BusFault_Handler
                0x00402b8c                RSTC_Handler
 *fill*         0x00402b92        0x2 
 .text.SystemCoreClockUpdate
                0x00402b94      0x198 src/ASF/sam/utils/cmsis/sam4s/source/templates/system_sam4s.o
                0x00402b94                SystemCoreClockUpdate
 .text.system_init_flash
                0x00402d2c       0x94 src/ASF/sam/utils/cmsis/sam4s/source/templates/system_sam4s.o
                0x00402d2c                system_init_flash
 .text._sbrk    0x00402dc0       0x58 src/ASF/sam/utils/syscalls/gcc/syscalls.o
                0x00402dc0                _sbrk
 .text.osc_get_rate
                0x00402e18       0x74 src/main.o
 .text.sysclk_get_main_hz
                0x00402e8c       0x1c src/main.o
 .text.sysclk_get_cpu_hz
                0x00402ea8       0x14 src/main.o
 .text.ioport_set_pin_level
                0x00402ebc       0x6a src/main.o
 .text.ioport_get_pin_level
                0x00402f26       0x4e src/main.o
 .text.main     0x00402f74      0x4cc src/main.o
                0x00402f74                main
 .text          0x00403440       0x30 c:/program files (x86)/atmel/studio/7.0/toolchain/arm/arm-gnu-toolchain/bin/../lib/gcc/arm-none-eabi/6.3.1/thumb/v7e-m\libgcc.a(_aeabi_uldivmod.o)
                0x00403440                __aeabi_uldivmod
 .text          0x00403470      0x2dc c:/program files (x86)/atmel/studio/7.0/toolchain/arm/arm-gnu-toolchain/bin/../lib/gcc/arm-none-eabi/6.3.1/thumb/v7e-m\libgcc.a(_udivmoddi4.o)
                0x00403470                __udivmoddi4
 .text          0x0040374c        0x4 c:/program files (x86)/atmel/studio/7.0/toolchain/arm/arm-gnu-toolchain/bin/../lib/gcc/arm-none-eabi/6.3.1/thumb/v7e-m\libgcc.a(_dvmd_tls.o)
                0x0040374c                __aeabi_idiv0
                0x0040374c                __aeabi_ldiv0
 .text.__libc_init_array
                0x00403750       0x50 c:/program files (x86)/atmel/studio/7.0/toolchain/arm/arm-gnu-toolchain/bin/../lib/gcc/arm-none-eabi/6.3.1/../../../../arm-none-eabi/lib/thumb/v7e-m\libc.a(lib_a-init.o)
                0x00403750                __libc_init_array
 .text.memset   0x004037a0       0x9c c:/program files (x86)/atmel/studio/7.0/toolchain/arm/arm-gnu-toolchain/bin/../lib/gcc/arm-none-eabi/6.3.1/../../../../arm-none-eabi/lib/thumb/v7e-m\libc.a(lib_a-memset.o)
                0x004037a0                memset
 .text.sprintf  0x0040383c       0x4c c:/program files (x86)/atmel/studio/7.0/toolchain/arm/arm-gnu-toolchain/bin/../lib/gcc/arm-none-eabi/6.3.1/../../../../arm-none-eabi/lib/thumb/v7e-m\libc.a(lib_a-sprintf.o)
                0x0040383c                sprintf
 .text.critical_factorization
                0x00403888       0xb4 c:/program files (x86)/atmel/studio/7.0/toolchain/arm/arm-gnu-toolchain/bin/../lib/gcc/arm-none-eabi/6.3.1/../../../../arm-none-eabi/lib/thumb/v7e-m\libc.a(lib_a-strstr.o)
 .text.two_way_long_needle
                0x0040393c      0x1fc c:/program files (x86)/atmel/studio/7.0/toolchain/arm/arm-gnu-toolchain/bin/../lib/gcc/arm-none-eabi/6.3.1/../../../../arm-none-eabi/lib/thumb/v7e-m\libc.a(lib_a-strstr.o)
 .text.strstr   0x00403b38      0x218 c:/program files (x86)/atmel/studio/7.0/toolchain/arm/arm-gnu-toolchain/bin/../lib/gcc/arm-none-eabi/6.3.1/../../../../arm-none-eabi/lib/thumb/v7e-m\libc.a(lib_a-strstr.o)
                0x00403b38                strstr
 .text._svfprintf_r
                0x00403d50     0x145c c:/program files (x86)/atmel/studio/7.0/toolchain/arm/arm-gnu-toolchain/bin/../lib/gcc/arm-none-eabi/6.3.1/../../../../arm-none-eabi/lib/thumb/v7e-m\libc.a(lib_a-svfprintf.o)
                0x00403d50                _svfprintf_r
 .text.startup.register_fini
                0x004051ac       0x14 c:/program files (x86)/atmel/studio/7.0/toolchain/arm/arm-gnu-toolchain/bin/../lib/gcc/arm-none-eabi/6.3.1/../../../../arm-none-eabi/lib/thumb/v7e-m\libc.a(lib_a-__call_atexit.o)
 .text.atexit   0x004051c0        0xc c:/program files (x86)/atmel/studio/7.0/toolchain/arm/arm-gnu-toolchain/bin/../lib/gcc/arm-none-eabi/6.3.1/../../../../arm-none-eabi/lib/thumb/v7e-m\libc.a(lib_a-atexit.o)
                0x004051c0                atexit
 .text.quorem   0x004051cc      0x128 c:/program files (x86)/atmel/studio/7.0/toolchain/arm/arm-gnu-toolchain/bin/../lib/gcc/arm-none-eabi/6.3.1/../../../../arm-none-eabi/lib/thumb/v7e-m\libc.a(lib_a-dtoa.o)
 *fill*         0x004052f4        0x4 
 .text._dtoa_r  0x004052f8      0xe54 c:/program files (x86)/atmel/studio/7.0/toolchain/arm/arm-gnu-toolchain/bin/../lib/gcc/arm-none-eabi/6.3.1/../../../../arm-none-eabi/lib/thumb/v7e-m\libc.a(lib_a-dtoa.o)
                0x004052f8                _dtoa_r
 .text.__libc_fini_array
                0x0040614c       0x34 c:/program files (x86)/atmel/studio/7.0/toolchain/arm/arm-gnu-toolchain/bin/../lib/gcc/arm-none-eabi/6.3.1/../../../../arm-none-eabi/lib/thumb/v7e-m\libc.a(lib_a-fini.o)
                0x0040614c                __libc_fini_array
 .text._localeconv_r
                0x00406180       0x1c c:/program files (x86)/atmel/studio/7.0/toolchain/arm/arm-gnu-toolchain/bin/../lib/gcc/arm-none-eabi/6.3.1/../../../../arm-none-eabi/lib/thumb/v7e-m\libc.a(lib_a-localeconv.o)
                0x00406180                _localeconv_r
 .text.__retarget_lock_acquire_recursive
                0x0040619c        0x4 c:/program files (x86)/atmel/studio/7.0/toolchain/arm/arm-gnu-toolchain/bin/../lib/gcc/arm-none-eabi/6.3.1/../../../../arm-none-eabi/lib/thumb/v7e-m\libc.a(lib_a-lock.o)
                0x0040619c                __retarget_lock_acquire_recursive
 .text.__retarget_lock_release_recursive
                0x004061a0        0x4 c:/program files (x86)/atmel/studio/7.0/toolchain/arm/arm-gnu-toolchain/bin/../lib/gcc/arm-none-eabi/6.3.1/../../../../arm-none-eabi/lib/thumb/v7e-m\libc.a(lib_a-lock.o)
                0x004061a0                __retarget_lock_release_recursive
 .text._malloc_r
                0x004061a4      0x560 c:/program files (x86)/atmel/studio/7.0/toolchain/arm/arm-gnu-toolchain/bin/../lib/gcc/arm-none-eabi/6.3.1/../../../../arm-none-eabi/lib/thumb/v7e-m\libc.a(lib_a-mallocr.o)
                0x004061a4                _malloc_r
 *fill*         0x00406704        0xc 
 .text          0x00406710       0xa0 c:/program files (x86)/atmel/studio/7.0/toolchain/arm/arm-gnu-toolchain/bin/../lib/gcc/arm-none-eabi/6.3.1/../../../../arm-none-eabi/lib/thumb/v7e-m\libc.a(lib_a-memchr.o)
                0x00406710                memchr
 .text.memcmp   0x004067b0       0x60 c:/program files (x86)/atmel/studio/7.0/toolchain/arm/arm-gnu-toolchain/bin/../lib/gcc/arm-none-eabi/6.3.1/../../../../arm-none-eabi/lib/thumb/v7e-m\libc.a(lib_a-memcmp.o)
                0x004067b0                memcmp
 .text          0x00406810      0x134 c:/program files (x86)/atmel/studio/7.0/toolchain/arm/arm-gnu-toolchain/bin/../lib/gcc/arm-none-eabi/6.3.1/../../../../arm-none-eabi/lib/thumb/v7e-m\libc.a(lib_a-memcpy.o)
                0x00406810                memcpy
 .text.__malloc_lock
                0x00406944        0xc c:/program files (x86)/atmel/studio/7.0/toolchain/arm/arm-gnu-toolchain/bin/../lib/gcc/arm-none-eabi/6.3.1/../../../../arm-none-eabi/lib/thumb/v7e-m\libc.a(lib_a-mlock.o)
                0x00406944                __malloc_lock
 .text.__malloc_unlock
                0x00406950        0xc c:/program files (x86)/atmel/studio/7.0/toolchain/arm/arm-gnu-toolchain/bin/../lib/gcc/arm-none-eabi/6.3.1/../../../../arm-none-eabi/lib/thumb/v7e-m\libc.a(lib_a-mlock.o)
                0x00406950                __malloc_unlock
 .text._Balloc  0x0040695c       0x4c c:/program files (x86)/atmel/studio/7.0/toolchain/arm/arm-gnu-toolchain/bin/../lib/gcc/arm-none-eabi/6.3.1/../../../../arm-none-eabi/lib/thumb/v7e-m\libc.a(lib_a-mprec.o)
                0x0040695c                _Balloc
 .text._Bfree   0x004069a8       0x14 c:/program files (x86)/atmel/studio/7.0/toolchain/arm/arm-gnu-toolchain/bin/../lib/gcc/arm-none-eabi/6.3.1/../../../../arm-none-eabi/lib/thumb/v7e-m\libc.a(lib_a-mprec.o)
                0x004069a8                _Bfree
 .text.__multadd
                0x004069bc       0x80 c:/program files (x86)/atmel/studio/7.0/toolchain/arm/arm-gnu-toolchain/bin/../lib/gcc/arm-none-eabi/6.3.1/../../../../arm-none-eabi/lib/thumb/v7e-m\libc.a(lib_a-mprec.o)
                0x004069bc                __multadd
 .text.__hi0bits
                0x00406a3c       0x40 c:/program files (x86)/atmel/studio/7.0/toolchain/arm/arm-gnu-toolchain/bin/../lib/gcc/arm-none-eabi/6.3.1/../../../../arm-none-eabi/lib/thumb/v7e-m\libc.a(lib_a-mprec.o)
                0x00406a3c                __hi0bits
 .text.__lo0bits
                0x00406a7c       0x60 c:/program files (x86)/atmel/studio/7.0/toolchain/arm/arm-gnu-toolchain/bin/../lib/gcc/arm-none-eabi/6.3.1/../../../../arm-none-eabi/lib/thumb/v7e-m\libc.a(lib_a-mprec.o)
                0x00406a7c                __lo0bits
 .text.__i2b    0x00406adc       0x14 c:/program files (x86)/atmel/studio/7.0/toolchain/arm/arm-gnu-toolchain/bin/../lib/gcc/arm-none-eabi/6.3.1/../../../../arm-none-eabi/lib/thumb/v7e-m\libc.a(lib_a-mprec.o)
                0x00406adc                __i2b
 .text.__multiply
                0x00406af0      0x124 c:/program files (x86)/atmel/studio/7.0/toolchain/arm/arm-gnu-toolchain/bin/../lib/gcc/arm-none-eabi/6.3.1/../../../../arm-none-eabi/lib/thumb/v7e-m\libc.a(lib_a-mprec.o)
                0x00406af0                __multiply
 .text.__pow5mult
                0x00406c14       0xa0 c:/program files (x86)/atmel/studio/7.0/toolchain/arm/arm-gnu-toolchain/bin/../lib/gcc/arm-none-eabi/6.3.1/../../../../arm-none-eabi/lib/thumb/v7e-m\libc.a(lib_a-mprec.o)
                0x00406c14                __pow5mult
 .text.__lshift
                0x00406cb4       0xa4 c:/program files (x86)/atmel/studio/7.0/toolchain/arm/arm-gnu-toolchain/bin/../lib/gcc/arm-none-eabi/6.3.1/../../../../arm-none-eabi/lib/thumb/v7e-m\libc.a(lib_a-mprec.o)
                0x00406cb4                __lshift
 .text.__mcmp   0x00406d58       0x38 c:/program files (x86)/atmel/studio/7.0/toolchain/arm/arm-gnu-toolchain/bin/../lib/gcc/arm-none-eabi/6.3.1/../../../../arm-none-eabi/lib/thumb/v7e-m\libc.a(lib_a-mprec.o)
                0x00406d58                __mcmp
 .text.__mdiff  0x00406d90      0x108 c:/program files (x86)/atmel/studio/7.0/toolchain/arm/arm-gnu-toolchain/bin/../lib/gcc/arm-none-eabi/6.3.1/../../../../arm-none-eabi/lib/thumb/v7e-m\libc.a(lib_a-mprec.o)
                0x00406d90                __mdiff
 .text.__d2b    0x00406e98       0xb8 c:/program files (x86)/atmel/studio/7.0/toolchain/arm/arm-gnu-toolchain/bin/../lib/gcc/arm-none-eabi/6.3.1/../../../../arm-none-eabi/lib/thumb/v7e-m\libc.a(lib_a-mprec.o)
                0x00406e98                __d2b
 .text._sbrk_r  0x00406f50       0x24 c:/program files (x86)/atmel/studio/7.0/toolchain/arm/arm-gnu-toolchain/bin/../lib/gcc/arm-none-eabi/6.3.1/../../../../arm-none-eabi/lib/thumb/v7e-m\libc.a(lib_a-sbrkr.o)
                0x00406f50                _sbrk_r
 .text.strchr   0x00406f74       0xe8 c:/program files (x86)/atmel/studio/7.0/toolchain/arm/arm-gnu-toolchain/bin/../lib/gcc/arm-none-eabi/6.3.1/../../../../arm-none-eabi/lib/thumb/v7e-m\libc.a(lib_a-strchr.o)
                0x00406f74                strchr
 *fill*         0x0040705c       0x24 
 .text          0x00407080       0xdc c:/program files (x86)/atmel/studio/7.0/toolchain/arm/arm-gnu-toolchain/bin/../lib/gcc/arm-none-eabi/6.3.1/../../../../arm-none-eabi/lib/thumb/v7e-m\libc.a(lib_a-strlen.o)
                0x00407080                strlen
 .text.__ssprint_r
                0x0040715c       0xfc c:/program files (x86)/atmel/studio/7.0/toolchain/arm/arm-gnu-toolchain/bin/../lib/gcc/arm-none-eabi/6.3.1/../../../../arm-none-eabi/lib/thumb/v7e-m\libc.a(lib_a-svfiprintf.o)
                0x0040715c                __ssprint_r
 .text.__register_exitproc
                0x00407258       0xc4 c:/program files (x86)/atmel/studio/7.0/toolchain/arm/arm-gnu-toolchain/bin/../lib/gcc/arm-none-eabi/6.3.1/../../../../arm-none-eabi/lib/thumb/v7e-m\libc.a(lib_a-__atexit.o)
                0x00407258                __register_exitproc
 .text._calloc_r
                0x0040731c       0x60 c:/program files (x86)/atmel/studio/7.0/toolchain/arm/arm-gnu-toolchain/bin/../lib/gcc/arm-none-eabi/6.3.1/../../../../arm-none-eabi/lib/thumb/v7e-m\libc.a(lib_a-callocr.o)
                0x0040731c                _calloc_r
 .text._malloc_trim_r
                0x0040737c       0xa0 c:/program files (x86)/atmel/studio/7.0/toolchain/arm/arm-gnu-toolchain/bin/../lib/gcc/arm-none-eabi/6.3.1/../../../../arm-none-eabi/lib/thumb/v7e-m\libc.a(lib_a-freer.o)
                0x0040737c                _malloc_trim_r
 .text._free_r  0x0040741c      0x1cc c:/program files (x86)/atmel/studio/7.0/toolchain/arm/arm-gnu-toolchain/bin/../lib/gcc/arm-none-eabi/6.3.1/../../../../arm-none-eabi/lib/thumb/v7e-m\libc.a(lib_a-freer.o)
                0x0040741c                _free_r
 .text.__ascii_mbtowc
                0x004075e8       0x2c c:/program files (x86)/atmel/studio/7.0/toolchain/arm/arm-gnu-toolchain/bin/../lib/gcc/arm-none-eabi/6.3.1/../../../../arm-none-eabi/lib/thumb/v7e-m\libc.a(lib_a-mbtowc_r.o)
                0x004075e8                __ascii_mbtowc
 .text.memmove  0x00407614       0xc8 c:/program files (x86)/atmel/studio/7.0/toolchain/arm/arm-gnu-toolchain/bin/../lib/gcc/arm-none-eabi/6.3.1/../../../../arm-none-eabi/lib/thumb/v7e-m\libc.a(lib_a-memmove.o)
                0x00407614                memmove
 .text._realloc_r
                0x004076dc      0x34c c:/program files (x86)/atmel/studio/7.0/toolchain/arm/arm-gnu-toolchain/bin/../lib/gcc/arm-none-eabi/6.3.1/../../../../arm-none-eabi/lib/thumb/v7e-m\libc.a(lib_a-reallocr.o)
                0x004076dc                _realloc_r
 .text.__ascii_wctomb
                0x00407a28       0x1c c:/program files (x86)/atmel/studio/7.0/toolchain/arm/arm-gnu-toolchain/bin/../lib/gcc/arm-none-eabi/6.3.1/../../../../arm-none-eabi/lib/thumb/v7e-m\libc.a(lib_a-wctomb_r.o)
                0x00407a28                __ascii_wctomb
 .text          0x00407a44      0x370 c:/program files (x86)/atmel/studio/7.0/toolchain/arm/arm-gnu-toolchain/bin/../lib/gcc/arm-none-eabi/6.3.1/thumb/v7e-m\libgcc.a(_arm_addsubdf3.o)
                0x00407a44                __aeabi_drsub
                0x00407a4c                __aeabi_dsub
                0x00407a4c                __subdf3
                0x00407a50                __aeabi_dadd
                0x00407a50                __adddf3
                0x00407cc8                __floatunsidf
                0x00407cc8                __aeabi_ui2d
                0x00407ce8                __floatsidf
                0x00407ce8                __aeabi_i2d
                0x00407d0c                __aeabi_f2d
                0x00407d0c                __extendsfdf2
                0x00407d48                __floatundidf
                0x00407d48                __aeabi_ul2d
                0x00407d58                __floatdidf
                0x00407d58                __aeabi_l2d
 .text          0x00407db4      0x424 c:/program files (x86)/atmel/studio/7.0/toolchain/arm/arm-gnu-toolchain/bin/../lib/gcc/arm-none-eabi/6.3.1/thumb/v7e-m\libgcc.a(_arm_muldivdf3.o)
                0x00407db4                __aeabi_dmul
                0x00407db4                __muldf3
                0x00408008                __divdf3
                0x00408008                __aeabi_ddiv
 .text          0x004081d8      0x110 c:/program files (x86)/atmel/studio/7.0/toolchain/arm/arm-gnu-toolchain/bin/../lib/gcc/arm-none-eabi/6.3.1/thumb/v7e-m\libgcc.a(_arm_cmpdf2.o)
                0x004081d8                __gtdf2
                0x004081d8                __gedf2
                0x004081e0                __ltdf2
                0x004081e0                __ledf2
                0x004081e8                __nedf2
                0x004081e8                __eqdf2
                0x004081e8                __cmpdf2
                0x00408264                __aeabi_cdrcmple
                0x00408274                __aeabi_cdcmpeq
                0x00408274                __aeabi_cdcmple
                0x00408284                __aeabi_dcmpeq
                0x00408298                __aeabi_dcmplt
                0x004082ac                __aeabi_dcmple
                0x004082c0                __aeabi_dcmpge
                0x004082d4                __aeabi_dcmpgt
 .text          0x004082e8       0x2c c:/program files (x86)/atmel/studio/7.0/toolchain/arm/arm-gnu-toolchain/bin/../lib/gcc/arm-none-eabi/6.3.1/thumb/v7e-m\libgcc.a(_arm_unorddf2.o)
                0x004082e8                __unorddf2
                0x004082e8                __aeabi_dcmpun
 .text          0x00408314       0x50 c:/program files (x86)/atmel/studio/7.0/toolchain/arm/arm-gnu-toolchain/bin/../lib/gcc/arm-none-eabi/6.3.1/thumb/v7e-m\libgcc.a(_arm_fixdfsi.o)
                0x00408314                __aeabi_d2iz
                0x00408314                __fixdfsi
 *(.glue_7t)
 .glue_7t       0x00408364        0x0 linker stubs
 *(.glue_7)
 .glue_7        0x00408364        0x0 linker stubs
 *(.rodata .rodata* .gnu.linkonce.r.*)
 .rodata.OV2640_JPEG_INIT
                0x00408364      0x17e src/ov2640_table_registers.o
                0x00408364                OV2640_JPEG_INIT
 *fill*         0x004084e2        0x2 
 .rodata.OV2640_YUV422
                0x004084e4       0x14 src/ov2640_table_registers.o
                0x004084e4                OV2640_YUV422
 .rodata.OV2640_JPEG
                0x004084f8       0x12 src/ov2640_table_registers.o
                0x004084f8                OV2640_JPEG
 *fill*         0x0040850a        0x2 
 .rodata.OV2640_JPEG_320x240
                0x0040850c       0x50 src/ov2640_table_registers.o
                0x0040850c                OV2640_JPEG_320x240
 .rodata.OV2640_JPEG_640x480
                0x0040855c       0x52 src/ov2640_table_registers.o
                0x0040855c                OV2640_JPEG_640x480
 *fill*         0x004085ae        0x2 
 .rodata.OV2640_JPEG_800x600
                0x004085b0       0x52 src/ov2640_table_registers.o
                0x004085b0                OV2640_JPEG_800x600
 *fill*         0x00408602        0x2 
 .rodata.OV2640_JPEG_1024x768
                0x00408604       0x4e src/ov2640_table_registers.o
                0x00408604                OV2640_JPEG_1024x768
 *fill*         0x00408652        0x2 
 .rodata.OV2640_JPEG_1280x1024
                0x00408654       0x52 src/ov2640_table_registers.o
                0x00408654                OV2640_JPEG_1280x1024
 *fill*         0x004086a6        0x2 
 .rodata.OV2640_JPEG_1600x1200
                0x004086a8       0x52 src/ov2640_table_registers.o
                0x004086a8                OV2640_JPEG_1600x1200
 *fill*         0x004086fa        0x2 
 .rodata.OV2640_QVGA_YUV422_10FPS
                0x004086fc       0xf0 src/ov2640_table_registers.o
                0x004086fc                OV2640_QVGA_YUV422_10FPS
 .rodata.OV2640_QVGA_YUV422_15FPS
                0x004087ec       0xf0 src/ov2640_table_registers.o
                0x004087ec                OV2640_QVGA_YUV422_15FPS
 .rodata.OV2640_QVGA_YUV422_20FPS
                0x004088dc       0xf0 src/ov2640_table_registers.o
                0x004088dc                OV2640_QVGA_YUV422_20FPS
 .rodata.OV2640_QVGA_YUV422_30FPS
                0x004089cc       0xf0 src/ov2640_table_registers.o
                0x004089cc                OV2640_QVGA_YUV422_30FPS
 .rodata.OV2640_QVGA_RGB888
                0x00408abc       0xf4 src/ov2640_table_registers.o
                0x00408abc                OV2640_QVGA_RGB888
 .rodata.OV2640_QQVGA_YUV422
                0x00408bb0       0xf4 src/ov2640_table_registers.o
                0x00408bb0                OV2640_QQVGA_YUV422
 .rodata.OV2640_QQVGA_RGB888
                0x00408ca4       0xf4 src/ov2640_table_registers.o
                0x00408ca4                OV2640_QQVGA_RGB888
 .rodata.OV2640_TEST_PATTERN
                0x00408d98       0xf4 src/ov2640_table_registers.o
                0x00408d98                OV2640_TEST_PATTERN
 .rodata.OV2640_VGA_YUV422_20FPS
                0x00408e8c       0xf0 src/ov2640_table_registers.o
                0x00408e8c                OV2640_VGA_YUV422_20FPS
 .rodata        0x00408f7c       0x46 src/wifi.o
 *fill*         0x00408fc2        0x2 
 .rodata        0x00408fc4       0xef src/main.o
 *fill*         0x004090b3        0x1 
 .rodata._global_impure_ptr
                0x004090b4        0x4 c:/program files (x86)/atmel/studio/7.0/toolchain/arm/arm-gnu-toolchain/bin/../lib/gcc/arm-none-eabi/6.3.1/../../../../arm-none-eabi/lib/thumb/v7e-m\libc.a(lib_a-impure.o)
                0x004090b4                _global_impure_ptr
 .rodata._svfprintf_r.str1.4
                0x004090b8       0x42 c:/program files (x86)/atmel/studio/7.0/toolchain/arm/arm-gnu-toolchain/bin/../lib/gcc/arm-none-eabi/6.3.1/../../../../arm-none-eabi/lib/thumb/v7e-m\libc.a(lib_a-svfprintf.o)
 *fill*         0x004090fa        0x2 
 .rodata.blanks.7223
                0x004090fc       0x10 c:/program files (x86)/atmel/studio/7.0/toolchain/arm/arm-gnu-toolchain/bin/../lib/gcc/arm-none-eabi/6.3.1/../../../../arm-none-eabi/lib/thumb/v7e-m\libc.a(lib_a-svfprintf.o)
 .rodata.zeroes.7224
                0x0040910c       0x10 c:/program files (x86)/atmel/studio/7.0/toolchain/arm/arm-gnu-toolchain/bin/../lib/gcc/arm-none-eabi/6.3.1/../../../../arm-none-eabi/lib/thumb/v7e-m\libc.a(lib_a-svfprintf.o)
 .rodata._dtoa_r.str1.4
                0x0040911c       0x10 c:/program files (x86)/atmel/studio/7.0/toolchain/arm/arm-gnu-toolchain/bin/../lib/gcc/arm-none-eabi/6.3.1/../../../../arm-none-eabi/lib/thumb/v7e-m\libc.a(lib_a-dtoa.o)
                                 0x12 (size before relaxing)
 *fill*         0x0040912c        0x4 
 .rodata.__mprec_bigtens
                0x00409130       0x28 c:/program files (x86)/atmel/studio/7.0/toolchain/arm/arm-gnu-toolchain/bin/../lib/gcc/arm-none-eabi/6.3.1/../../../../arm-none-eabi/lib/thumb/v7e-m\libc.a(lib_a-mprec.o)
                0x00409130                __mprec_bigtens
 .rodata.__mprec_tens
                0x00409158       0xc8 c:/program files (x86)/atmel/studio/7.0/toolchain/arm/arm-gnu-toolchain/bin/../lib/gcc/arm-none-eabi/6.3.1/../../../../arm-none-eabi/lib/thumb/v7e-m\libc.a(lib_a-mprec.o)
                0x00409158                __mprec_tens
 .rodata.p05.6055
                0x00409220        0xc c:/program files (x86)/atmel/studio/7.0/toolchain/arm/arm-gnu-toolchain/bin/../lib/gcc/arm-none-eabi/6.3.1/../../../../arm-none-eabi/lib/thumb/v7e-m\libc.a(lib_a-mprec.o)
 .rodata._setlocale_r.str1.4
                0x0040922c        0xa c:/program files (x86)/atmel/studio/7.0/toolchain/arm/arm-gnu-toolchain/bin/../lib/gcc/arm-none-eabi/6.3.1/../../../../arm-none-eabi/lib/thumb/v7e-m\libc.a(lib_a-locale.o)
                                  0xd (size before relaxing)
 *fill*         0x00409236        0x2 
 .rodata.str1.4
                0x00409238        0x4 c:/program files (x86)/atmel/studio/7.0/toolchain/arm/arm-gnu-toolchain/bin/../lib/gcc/arm-none-eabi/6.3.1/../../../../arm-none-eabi/lib/thumb/v7e-m\libc.a(lib_a-locale.o)
                                  0x2 (size before relaxing)
 .rodata._ctype_
                0x0040923c      0x101 c:/program files (x86)/atmel/studio/7.0/toolchain/arm/arm-gnu-toolchain/bin/../lib/gcc/arm-none-eabi/6.3.1/../../../../arm-none-eabi/lib/thumb/v7e-m\libc.a(lib_a-ctype_.o)
                0x0040923c                _ctype_
 *(.ARM.extab* .gnu.linkonce.armextab.*)
                0x00409340                . = ALIGN (0x4)
 *fill*         0x0040933d        0x3 
 *(.init)
 .init          0x00409340        0x4 c:/program files (x86)/atmel/studio/7.0/toolchain/arm/arm-gnu-toolchain/bin/../lib/gcc/arm-none-eabi/6.3.1/thumb/v7e-m/crti.o
                0x00409340                _init
 .init          0x00409344        0x8 c:/program files (x86)/atmel/studio/7.0/toolchain/arm/arm-gnu-toolchain/bin/../lib/gcc/arm-none-eabi/6.3.1/thumb/v7e-m/crtn.o
                0x0040934c                . = ALIGN (0x4)
                0x0040934c                __preinit_array_start = .
 *(.preinit_array)
                0x0040934c                __preinit_array_end = .
                0x0040934c                . = ALIGN (0x4)
                0x0040934c                __init_array_start = .
 *(SORT(.init_array.*))
 .init_array.00000
                0x0040934c        0x4 c:/program files (x86)/atmel/studio/7.0/toolchain/arm/arm-gnu-toolchain/bin/../lib/gcc/arm-none-eabi/6.3.1/../../../../arm-none-eabi/lib/thumb/v7e-m\libc.a(lib_a-__call_atexit.o)
 *(.init_array)
 .init_array    0x00409350        0x4 c:/program files (x86)/atmel/studio/7.0/toolchain/arm/arm-gnu-toolchain/bin/../lib/gcc/arm-none-eabi/6.3.1/thumb/v7e-m/crtbegin.o
                0x00409354                __init_array_end = .
                0x00409354                . = ALIGN (0x4)
 *crtbegin.o(.ctors)
 *(EXCLUDE_FILE(*crtend.o) .ctors)
 *(SORT(.ctors.*))
 *crtend.o(.ctors)
                0x00409354                . = ALIGN (0x4)
 *(.fini)
 .fini          0x00409354        0x4 c:/program files (x86)/atmel/studio/7.0/toolchain/arm/arm-gnu-toolchain/bin/../lib/gcc/arm-none-eabi/6.3.1/thumb/v7e-m/crti.o
                0x00409354                _fini
 .fini          0x00409358        0x8 c:/program files (x86)/atmel/studio/7.0/toolchain/arm/arm-gnu-toolchain/bin/../lib/gcc/arm-none-eabi/6.3.1/thumb/v7e-m/crtn.o
                0x00409360                . = ALIGN (0x4)
                0x00409360                __fini_array_start = .
 *(.fini_array)
 .fini_array    0x00409360        0x4 c:/program files (x86)/atmel/studio/7.0/toolchain/arm/arm-gnu-toolchain/bin/../lib/gcc/arm-none-eabi/6.3.1/thumb/v7e-m/crtbegin.o
 *(SORT(.fini_array.*))
                0x00409364                __fini_array_end = .
 *crtbegin.o(.dtors)
 *(EXCLUDE_FILE(*crtend.o) .dtors)
 *(SORT(.dtors.*))
 *crtend.o(.dtors)
                0x00409364                . = ALIGN (0x4)
                0x00409364                _efixed = .
                [!provide]                PROVIDE (__exidx_start, .)

.vfp11_veneer   0x00409364        0x0
 .vfp11_veneer  0x00409364        0x0 linker stubs

.v4_bx          0x00409364        0x0
 .v4_bx         0x00409364        0x0 linker stubs

.iplt           0x00409364        0x0
 .iplt          0x00409364        0x0 c:/program files (x86)/atmel/studio/7.0/toolchain/arm/arm-gnu-toolchain/bin/../lib/gcc/arm-none-eabi/6.3.1/thumb/v7e-m/crtbegin.o

.ARM.exidx      0x00409364        0x8
 *(.ARM.exidx* .gnu.linkonce.armexidx.*)
 .ARM.exidx     0x00409364        0x8 c:/program files (x86)/atmel/studio/7.0/toolchain/arm/arm-gnu-toolchain/bin/../lib/gcc/arm-none-eabi/6.3.1/thumb/v7e-m\libgcc.a(_udivmoddi4.o)
                [!provide]                PROVIDE (__exidx_end, .)

.eh_frame       0x0040936c        0x0
 .eh_frame      0x0040936c        0x0 c:/program files (x86)/atmel/studio/7.0/toolchain/arm/arm-gnu-toolchain/bin/../lib/gcc/arm-none-eabi/6.3.1/thumb/v7e-m/crtbegin.o

.rel.dyn        0x0040936c        0x0
 .rel.iplt      0x0040936c        0x0 c:/program files (x86)/atmel/studio/7.0/toolchain/arm/arm-gnu-toolchain/bin/../lib/gcc/arm-none-eabi/6.3.1/thumb/v7e-m/crtbegin.o

.jcr            0x0040936c        0x0
 .jcr           0x0040936c        0x0 c:/program files (x86)/atmel/studio/7.0/toolchain/arm/arm-gnu-toolchain/bin/../lib/gcc/arm-none-eabi/6.3.1/thumb/v7e-m/crtbegin.o

.igot.plt       0x0040936c        0x0
 .igot.plt      0x0040936c        0x0 c:/program files (x86)/atmel/studio/7.0/toolchain/arm/arm-gnu-toolchain/bin/../lib/gcc/arm-none-eabi/6.3.1/thumb/v7e-m/crtbegin.o
                0x0040936c                . = ALIGN (0x4)
                0x0040936c                _etext = .

.relocate       0x20000000      0x9c0 load address 0x0040936c
                0x20000000                . = ALIGN (0x4)
                0x20000000                _srelocate = .
 *(.ramfunc .ramfunc.*)
 .ramfunc       0x20000000        0xa src/ASF/common/services/delay/sam/cycle_counter.o
                0x20000000                portable_delay_cycles
 *(.data .data.*)
 *fill*         0x2000000a        0x2 
 .data.SystemCoreClock
                0x2000000c        0x4 src/ASF/sam/utils/cmsis/sam4s/source/templates/system_sam4s.o
                0x2000000c                SystemCoreClock
 .data._impure_ptr
                0x20000010        0x4 c:/program files (x86)/atmel/studio/7.0/toolchain/arm/arm-gnu-toolchain/bin/../lib/gcc/arm-none-eabi/6.3.1/../../../../arm-none-eabi/lib/thumb/v7e-m\libc.a(lib_a-impure.o)
                0x20000010                _impure_ptr
 *fill*         0x20000014        0x4 
 .data.impure_data
                0x20000018      0x428 c:/program files (x86)/atmel/studio/7.0/toolchain/arm/arm-gnu-toolchain/bin/../lib/gcc/arm-none-eabi/6.3.1/../../../../arm-none-eabi/lib/thumb/v7e-m\libc.a(lib_a-impure.o)
 .data.__atexit_recursive_mutex
                0x20000440        0x4 c:/program files (x86)/atmel/studio/7.0/toolchain/arm/arm-gnu-toolchain/bin/../lib/gcc/arm-none-eabi/6.3.1/../../../../arm-none-eabi/lib/thumb/v7e-m\libc.a(lib_a-__call_atexit.o)
                0x20000440                __atexit_recursive_mutex
 .data.__malloc_av_
                0x20000444      0x408 c:/program files (x86)/atmel/studio/7.0/toolchain/arm/arm-gnu-toolchain/bin/../lib/gcc/arm-none-eabi/6.3.1/../../../../arm-none-eabi/lib/thumb/v7e-m\libc.a(lib_a-mallocr.o)
                0x20000444                __malloc_av_
 .data.__malloc_sbrk_base
                0x2000084c        0x4 c:/program files (x86)/atmel/studio/7.0/toolchain/arm/arm-gnu-toolchain/bin/../lib/gcc/arm-none-eabi/6.3.1/../../../../arm-none-eabi/lib/thumb/v7e-m\libc.a(lib_a-mallocr.o)
                0x2000084c                __malloc_sbrk_base
 .data.__malloc_trim_threshold
                0x20000850        0x4 c:/program files (x86)/atmel/studio/7.0/toolchain/arm/arm-gnu-toolchain/bin/../lib/gcc/arm-none-eabi/6.3.1/../../../../arm-none-eabi/lib/thumb/v7e-m\libc.a(lib_a-mallocr.o)
                0x20000850                __malloc_trim_threshold
 .data.__global_locale
                0x20000854      0x16c c:/program files (x86)/atmel/studio/7.0/toolchain/arm/arm-gnu-toolchain/bin/../lib/gcc/arm-none-eabi/6.3.1/../../../../arm-none-eabi/lib/thumb/v7e-m\libc.a(lib_a-locale.o)
                0x20000854                __global_locale
                0x200009c0                . = ALIGN (0x4)
                0x200009c0                _erelocate = .

.bss            0x200009c0     0xc864 load address 0x00409d2c
                0x200009c0                . = ALIGN (0x4)
                0x200009c0                _sbss = .
                0x200009c0                _szero = .
 *(.bss .bss.*)
 .bss           0x200009c0       0x1c c:/program files (x86)/atmel/studio/7.0/toolchain/arm/arm-gnu-toolchain/bin/../lib/gcc/arm-none-eabi/6.3.1/thumb/v7e-m/crtbegin.o
 .bss.gs_interrupt_sources
                0x200009dc       0x70 src/ASF/sam/drivers/pio/pio_handler.o
 .bss.gs_ul_nb_sources
                0x20000a4c        0x4 src/ASF/sam/drivers/pio/pio_handler.o
 .bss.pio_capture_handler
                0x20000a50        0x4 src/ASF/sam/drivers/pio/pio_handler.o
 .bss.ul_reg_val.7523
                0x20000a54        0x4 src/ASF/sam/drivers/usart/usart.o
 .bss.g_ul_vsync_flag
                0x20000a58        0x4 src/camera.o
 .bss.input_pos_wifi
                0x20000a5c        0x4 src/wifi.o
                0x20000a5c                input_pos_wifi
 .bss.wifi_setup_button_flag
                0x20000a60        0x4 src/wifi.o
                0x20000a60                wifi_setup_button_flag
 .bss.wifi_comm_success
                0x20000a64        0x4 src/wifi.o
                0x20000a64                wifi_comm_success
 .bss.image_length
                0x20000a68        0x4 src/wifi.o
                0x20000a68                image_length
 .bss.start_image_transfer
                0x20000a6c        0x4 src/wifi.o
                0x20000a6c                start_image_transfer
 .bss.wait_flag
                0x20000a70        0x4 src/wifi.o
                0x20000a70                wait_flag
 .bss.counts    0x20000a74        0x4 src/wifi.o
                0x20000a74                counts
 .bss.ul_sysclk.8723
                0x20000a78        0x4 src/wifi.o
 .bss.heap.5297
                0x20000a7c        0x4 src/ASF/sam/utils/syscalls/gcc/syscalls.o
 .bss.__malloc_current_mallinfo
                0x20000a80       0x28 c:/program files (x86)/atmel/studio/7.0/toolchain/arm/arm-gnu-toolchain/bin/../lib/gcc/arm-none-eabi/6.3.1/../../../../arm-none-eabi/lib/thumb/v7e-m\libc.a(lib_a-mallocr.o)
                0x20000a80                __malloc_current_mallinfo
 .bss.__malloc_max_sbrked_mem
                0x20000aa8        0x4 c:/program files (x86)/atmel/studio/7.0/toolchain/arm/arm-gnu-toolchain/bin/../lib/gcc/arm-none-eabi/6.3.1/../../../../arm-none-eabi/lib/thumb/v7e-m\libc.a(lib_a-mallocr.o)
                0x20000aa8                __malloc_max_sbrked_mem
 .bss.__malloc_max_total_mem
                0x20000aac        0x4 c:/program files (x86)/atmel/studio/7.0/toolchain/arm/arm-gnu-toolchain/bin/../lib/gcc/arm-none-eabi/6.3.1/../../../../arm-none-eabi/lib/thumb/v7e-m\libc.a(lib_a-mallocr.o)
                0x20000aac                __malloc_max_total_mem
 .bss.__malloc_top_pad
                0x20000ab0        0x4 c:/program files (x86)/atmel/studio/7.0/toolchain/arm/arm-gnu-toolchain/bin/../lib/gcc/arm-none-eabi/6.3.1/../../../../arm-none-eabi/lib/thumb/v7e-m\libc.a(lib_a-mallocr.o)
                0x20000ab0                __malloc_top_pad
 *(COMMON)
 COMMON         0x20000ab4        0x4 src/ASF/sam/drivers/pio/pio.o
                0x20000ab4                pio_capture_enable_flag
 COMMON         0x20000ab8     0xc35c src/camera.o
                0x20000ab8                start_of_image
                0x20000abc                vsync_flag
                0x20000ac0                end_of_image
                0x20000ac4                image_buffer
 COMMON         0x2000ce14      0x3e8 src/wifi.o
                0x2000ce14                input_line_wifi
 COMMON         0x2000d1fc       0x21 c:/program files (x86)/atmel/studio/7.0/toolchain/arm/arm-gnu-toolchain/bin/../lib/gcc/arm-none-eabi/6.3.1/../../../../arm-none-eabi/lib/thumb/v7e-m\libc.a(lib_a-lock.o)
                0x2000d1fc                __lock___atexit_recursive_mutex
                0x2000d200                __lock___arc4random_mutex
                0x2000d204                __lock___env_recursive_mutex
                0x2000d208                __lock___sinit_recursive_mutex
                0x2000d20c                __lock___malloc_recursive_mutex
                0x2000d210                __lock___at_quick_exit_mutex
                0x2000d214                __lock___dd_hash_mutex
                0x2000d218                __lock___tz_mutex
                0x2000d21c                __lock___sfp_recursive_mutex
 *fill*         0x2000d21d        0x3 
 COMMON         0x2000d220        0x4 c:/program files (x86)/atmel/studio/7.0/toolchain/arm/arm-gnu-toolchain/bin/../lib/gcc/arm-none-eabi/6.3.1/../../../../arm-none-eabi/lib/thumb/v7e-m\libc.a(lib_a-reent.o)
                0x2000d220                errno
                0x2000d224                . = ALIGN (0x4)
                0x2000d224                _ebss = .
                0x2000d224                _ezero = .

.stack          0x2000d224     0x3004 load address 0x00416590
                0x2000d228                . = ALIGN (0x8)
 *fill*         0x2000d224        0x4 
                0x2000d228                _sstack = .
                0x20010228                . = (. + __stack_size__)
 *fill*         0x2000d228     0x3000 
                0x20010228                . = ALIGN (0x8)
                0x20010228                _estack = .
                0x20010228                . = ALIGN (0x4)
                0x20010228                _end = .
OUTPUT(webcam_firmware2.elf elf32-littlearm)

.ARM.attributes
                0x00000000       0x2a
 .ARM.attributes
                0x00000000       0x1e c:/program files (x86)/atmel/studio/7.0/toolchain/arm/arm-gnu-toolchain/bin/../lib/gcc/arm-none-eabi/6.3.1/thumb/v7e-m/crti.o
 .ARM.attributes
                0x0000001e       0x2e c:/program files (x86)/atmel/studio/7.0/toolchain/arm/arm-gnu-toolchain/bin/../lib/gcc/arm-none-eabi/6.3.1/thumb/v7e-m/crtbegin.o
 .ARM.attributes
                0x0000004c       0x33 src/ASF/common/services/clock/sam4s/sysclk.o
 .ARM.attributes
                0x0000007f       0x33 src/ASF/common/services/delay/sam/cycle_counter.o
 .ARM.attributes
                0x000000b2       0x33 src/ASF/sam/drivers/pio/pio.o
 .ARM.attributes
                0x000000e5       0x33 src/ASF/sam/drivers/pio/pio_handler.o
 .ARM.attributes
                0x00000118       0x33 src/ASF/sam/drivers/pmc/pmc.o
 .ARM.attributes
                0x0000014b       0x33 src/ASF/sam/drivers/tc/tc.o
 .ARM.attributes
                0x0000017e       0x33 src/ASF/sam/drivers/twi/twi.o
 .ARM.attributes
                0x000001b1       0x33 src/ASF/sam/drivers/usart/usart.o
 .ARM.attributes
                0x000001e4       0x33 src/ASF/sam/drivers/wdt/wdt.o
 .ARM.attributes
                0x00000217       0x33 src/camera.o
 .ARM.attributes
                0x0000024a       0x33 src/ov2640.o
 .ARM.attributes
                0x0000027d       0x33 src/ov2640_table_registers.o
 .ARM.attributes
                0x000002b0       0x33 src/timer_interface.o
 .ARM.attributes
                0x000002e3       0x33 src/wifi.o
 .ARM.attributes
                0x00000316       0x33 src/ASF/common/boards/user_board/init.o
 .ARM.attributes
                0x00000349       0x33 src/ASF/sam/utils/cmsis/sam4s/source/templates/gcc/startup_sam4s.o
 .ARM.attributes
                0x0000037c       0x33 src/ASF/sam/utils/cmsis/sam4s/source/templates/system_sam4s.o
 .ARM.attributes
                0x000003af       0x33 src/ASF/sam/utils/syscalls/gcc/syscalls.o
 .ARM.attributes
                0x000003e2       0x33 src/main.o
 .ARM.attributes
                0x00000415       0x1e c:/program files (x86)/atmel/studio/7.0/toolchain/arm/arm-gnu-toolchain/bin/../lib/gcc/arm-none-eabi/6.3.1/thumb/v7e-m\libgcc.a(_aeabi_uldivmod.o)
 .ARM.attributes
                0x00000433       0x2e c:/program files (x86)/atmel/studio/7.0/toolchain/arm/arm-gnu-toolchain/bin/../lib/gcc/arm-none-eabi/6.3.1/thumb/v7e-m\libgcc.a(_udivmoddi4.o)
 .ARM.attributes
                0x00000461       0x1e c:/program files (x86)/atmel/studio/7.0/toolchain/arm/arm-gnu-toolchain/bin/../lib/gcc/arm-none-eabi/6.3.1/thumb/v7e-m\libgcc.a(_dvmd_tls.o)
 .ARM.attributes
                0x0000047f       0x2e c:/program files (x86)/atmel/studio/7.0/toolchain/arm/arm-gnu-toolchain/bin/../lib/gcc/arm-none-eabi/6.3.1/../../../../arm-none-eabi/lib/thumb/v7e-m\libc.a(lib_a-impure.o)
 .ARM.attributes
                0x000004ad       0x2e c:/program files (x86)/atmel/studio/7.0/toolchain/arm/arm-gnu-toolchain/bin/../lib/gcc/arm-none-eabi/6.3.1/../../../../arm-none-eabi/lib/thumb/v7e-m\libc.a(lib_a-init.o)
 .ARM.attributes
                0x000004db       0x2e c:/program files (x86)/atmel/studio/7.0/toolchain/arm/arm-gnu-toolchain/bin/../lib/gcc/arm-none-eabi/6.3.1/../../../../arm-none-eabi/lib/thumb/v7e-m\libc.a(lib_a-memset.o)
 .ARM.attributes
                0x00000509       0x2e c:/program files (x86)/atmel/studio/7.0/toolchain/arm/arm-gnu-toolchain/bin/../lib/gcc/arm-none-eabi/6.3.1/../../../../arm-none-eabi/lib/thumb/v7e-m\libc.a(lib_a-sprintf.o)
 .ARM.attributes
                0x00000537       0x2e c:/program files (x86)/atmel/studio/7.0/toolchain/arm/arm-gnu-toolchain/bin/../lib/gcc/arm-none-eabi/6.3.1/../../../../arm-none-eabi/lib/thumb/v7e-m\libc.a(lib_a-strstr.o)
 .ARM.attributes
                0x00000565       0x2e c:/program files (x86)/atmel/studio/7.0/toolchain/arm/arm-gnu-toolchain/bin/../lib/gcc/arm-none-eabi/6.3.1/../../../../arm-none-eabi/lib/thumb/v7e-m\libc.a(lib_a-svfprintf.o)
 .ARM.attributes
                0x00000593       0x2e c:/program files (x86)/atmel/studio/7.0/toolchain/arm/arm-gnu-toolchain/bin/../lib/gcc/arm-none-eabi/6.3.1/../../../../arm-none-eabi/lib/thumb/v7e-m\libc.a(lib_a-__call_atexit.o)
 .ARM.attributes
                0x000005c1       0x2e c:/program files (x86)/atmel/studio/7.0/toolchain/arm/arm-gnu-toolchain/bin/../lib/gcc/arm-none-eabi/6.3.1/../../../../arm-none-eabi/lib/thumb/v7e-m\libc.a(lib_a-atexit.o)
 .ARM.attributes
                0x000005ef       0x2e c:/program files (x86)/atmel/studio/7.0/toolchain/arm/arm-gnu-toolchain/bin/../lib/gcc/arm-none-eabi/6.3.1/../../../../arm-none-eabi/lib/thumb/v7e-m\libc.a(lib_a-dtoa.o)
 .ARM.attributes
                0x0000061d       0x2e c:/program files (x86)/atmel/studio/7.0/toolchain/arm/arm-gnu-toolchain/bin/../lib/gcc/arm-none-eabi/6.3.1/../../../../arm-none-eabi/lib/thumb/v7e-m\libc.a(lib_a-fini.o)
 .ARM.attributes
                0x0000064b       0x2e c:/program files (x86)/atmel/studio/7.0/toolchain/arm/arm-gnu-toolchain/bin/../lib/gcc/arm-none-eabi/6.3.1/../../../../arm-none-eabi/lib/thumb/v7e-m\libc.a(lib_a-localeconv.o)
 .ARM.attributes
                0x00000679       0x2e c:/program files (x86)/atmel/studio/7.0/toolchain/arm/arm-gnu-toolchain/bin/../lib/gcc/arm-none-eabi/6.3.1/../../../../arm-none-eabi/lib/thumb/v7e-m\libc.a(lib_a-lock.o)
 .ARM.attributes
                0x000006a7       0x2e c:/program files (x86)/atmel/studio/7.0/toolchain/arm/arm-gnu-toolchain/bin/../lib/gcc/arm-none-eabi/6.3.1/../../../../arm-none-eabi/lib/thumb/v7e-m\libc.a(lib_a-mallocr.o)
 .ARM.attributes
                0x000006d5       0x1c c:/program files (x86)/atmel/studio/7.0/toolchain/arm/arm-gnu-toolchain/bin/../lib/gcc/arm-none-eabi/6.3.1/../../../../arm-none-eabi/lib/thumb/v7e-m\libc.a(lib_a-memchr.o)
 .ARM.attributes
                0x000006f1       0x2e c:/program files (x86)/atmel/studio/7.0/toolchain/arm/arm-gnu-toolchain/bin/../lib/gcc/arm-none-eabi/6.3.1/../../../../arm-none-eabi/lib/thumb/v7e-m\libc.a(lib_a-memcmp.o)
 .ARM.attributes
                0x0000071f       0x1c c:/program files (x86)/atmel/studio/7.0/toolchain/arm/arm-gnu-toolchain/bin/../lib/gcc/arm-none-eabi/6.3.1/../../../../arm-none-eabi/lib/thumb/v7e-m\libc.a(lib_a-memcpy.o)
 .ARM.attributes
                0x0000073b       0x2e c:/program files (x86)/atmel/studio/7.0/toolchain/arm/arm-gnu-toolchain/bin/../lib/gcc/arm-none-eabi/6.3.1/../../../../arm-none-eabi/lib/thumb/v7e-m\libc.a(lib_a-mlock.o)
 .ARM.attributes
                0x00000769       0x2e c:/program files (x86)/atmel/studio/7.0/toolchain/arm/arm-gnu-toolchain/bin/../lib/gcc/arm-none-eabi/6.3.1/../../../../arm-none-eabi/lib/thumb/v7e-m\libc.a(lib_a-mprec.o)
 .ARM.attributes
                0x00000797       0x2e c:/program files (x86)/atmel/studio/7.0/toolchain/arm/arm-gnu-toolchain/bin/../lib/gcc/arm-none-eabi/6.3.1/../../../../arm-none-eabi/lib/thumb/v7e-m\libc.a(lib_a-sbrkr.o)
 .ARM.attributes
                0x000007c5       0x2e c:/program files (x86)/atmel/studio/7.0/toolchain/arm/arm-gnu-toolchain/bin/../lib/gcc/arm-none-eabi/6.3.1/../../../../arm-none-eabi/lib/thumb/v7e-m\libc.a(lib_a-strchr.o)
 .ARM.attributes
                0x000007f3       0x1c c:/program files (x86)/atmel/studio/7.0/toolchain/arm/arm-gnu-toolchain/bin/../lib/gcc/arm-none-eabi/6.3.1/../../../../arm-none-eabi/lib/thumb/v7e-m\libc.a(lib_a-strlen.o)
 .ARM.attributes
                0x0000080f       0x2e c:/program files (x86)/atmel/studio/7.0/toolchain/arm/arm-gnu-toolchain/bin/../lib/gcc/arm-none-eabi/6.3.1/../../../../arm-none-eabi/lib/thumb/v7e-m\libc.a(lib_a-svfiprintf.o)
 .ARM.attributes
                0x0000083d       0x2e c:/program files (x86)/atmel/studio/7.0/toolchain/arm/arm-gnu-toolchain/bin/../lib/gcc/arm-none-eabi/6.3.1/../../../../arm-none-eabi/lib/thumb/v7e-m\libc.a(lib_a-__atexit.o)
 .ARM.attributes
                0x0000086b       0x2e c:/program files (x86)/atmel/studio/7.0/toolchain/arm/arm-gnu-toolchain/bin/../lib/gcc/arm-none-eabi/6.3.1/../../../../arm-none-eabi/lib/thumb/v7e-m\libc.a(lib_a-callocr.o)
 .ARM.attributes
                0x00000899       0x2e c:/program files (x86)/atmel/studio/7.0/toolchain/arm/arm-gnu-toolchain/bin/../lib/gcc/arm-none-eabi/6.3.1/../../../../arm-none-eabi/lib/thumb/v7e-m\libc.a(lib_a-freer.o)
 .ARM.attributes
                0x000008c7       0x2e c:/program files (x86)/atmel/studio/7.0/toolchain/arm/arm-gnu-toolchain/bin/../lib/gcc/arm-none-eabi/6.3.1/../../../../arm-none-eabi/lib/thumb/v7e-m\libc.a(lib_a-locale.o)
 .ARM.attributes
                0x000008f5       0x2e c:/program files (x86)/atmel/studio/7.0/toolchain/arm/arm-gnu-toolchain/bin/../lib/gcc/arm-none-eabi/6.3.1/../../../../arm-none-eabi/lib/thumb/v7e-m\libc.a(lib_a-mbtowc_r.o)
 .ARM.attributes
                0x00000923       0x2e c:/program files (x86)/atmel/studio/7.0/toolchain/arm/arm-gnu-toolchain/bin/../lib/gcc/arm-none-eabi/6.3.1/../../../../arm-none-eabi/lib/thumb/v7e-m\libc.a(lib_a-memmove.o)
 .ARM.attributes
                0x00000951       0x2e c:/program files (x86)/atmel/studio/7.0/toolchain/arm/arm-gnu-toolchain/bin/../lib/gcc/arm-none-eabi/6.3.1/../../../../arm-none-eabi/lib/thumb/v7e-m\libc.a(lib_a-reallocr.o)
 .ARM.attributes
                0x0000097f       0x2e c:/program files (x86)/atmel/studio/7.0/toolchain/arm/arm-gnu-toolchain/bin/../lib/gcc/arm-none-eabi/6.3.1/../../../../arm-none-eabi/lib/thumb/v7e-m\libc.a(lib_a-reent.o)
 .ARM.attributes
                0x000009ad       0x2e c:/program files (x86)/atmel/studio/7.0/toolchain/arm/arm-gnu-toolchain/bin/../lib/gcc/arm-none-eabi/6.3.1/../../../../arm-none-eabi/lib/thumb/v7e-m\libc.a(lib_a-wctomb_r.o)
 .ARM.attributes
                0x000009db       0x2e c:/program files (x86)/atmel/studio/7.0/toolchain/arm/arm-gnu-toolchain/bin/../lib/gcc/arm-none-eabi/6.3.1/../../../../arm-none-eabi/lib/thumb/v7e-m\libc.a(lib_a-ctype_.o)
 .ARM.attributes
                0x00000a09       0x1e c:/program files (x86)/atmel/studio/7.0/toolchain/arm/arm-gnu-toolchain/bin/../lib/gcc/arm-none-eabi/6.3.1/thumb/v7e-m\libgcc.a(_arm_addsubdf3.o)
 .ARM.attributes
                0x00000a27       0x1e c:/program files (x86)/atmel/studio/7.0/toolchain/arm/arm-gnu-toolchain/bin/../lib/gcc/arm-none-eabi/6.3.1/thumb/v7e-m\libgcc.a(_arm_muldivdf3.o)
 .ARM.attributes
                0x00000a45       0x1e c:/program files (x86)/atmel/studio/7.0/toolchain/arm/arm-gnu-toolchain/bin/../lib/gcc/arm-none-eabi/6.3.1/thumb/v7e-m\libgcc.a(_arm_cmpdf2.o)
 .ARM.attributes
                0x00000a63       0x1e c:/program files (x86)/atmel/studio/7.0/toolchain/arm/arm-gnu-toolchain/bin/../lib/gcc/arm-none-eabi/6.3.1/thumb/v7e-m\libgcc.a(_arm_unorddf2.o)
 .ARM.attributes
                0x00000a81       0x1e c:/program files (x86)/atmel/studio/7.0/toolchain/arm/arm-gnu-toolchain/bin/../lib/gcc/arm-none-eabi/6.3.1/thumb/v7e-m\libgcc.a(_arm_fixdfsi.o)
 .ARM.attributes
                0x00000a9f       0x1e c:/program files (x86)/atmel/studio/7.0/toolchain/arm/arm-gnu-toolchain/bin/../lib/gcc/arm-none-eabi/6.3.1/thumb/v7e-m/crtn.o

.comment        0x00000000       0x59
 .comment       0x00000000       0x59 src/ASF/common/services/clock/sam4s/sysclk.o
                                 0x5a (size before relaxing)
 .comment       0x00000059       0x5a src/ASF/common/services/delay/sam/cycle_counter.o
 .comment       0x00000059       0x5a src/ASF/sam/drivers/pio/pio.o
 .comment       0x00000059       0x5a src/ASF/sam/drivers/pio/pio_handler.o
 .comment       0x00000059       0x5a src/ASF/sam/drivers/pmc/pmc.o
 .comment       0x00000059       0x5a src/ASF/sam/drivers/tc/tc.o
 .comment       0x00000059       0x5a src/ASF/sam/drivers/twi/twi.o
 .comment       0x00000059       0x5a src/ASF/sam/drivers/usart/usart.o
 .comment       0x00000059       0x5a src/ASF/sam/drivers/wdt/wdt.o
 .comment       0x00000059       0x5a src/camera.o
 .comment       0x00000059       0x5a src/ov2640.o
 .comment       0x00000059       0x5a src/ov2640_table_registers.o
 .comment       0x00000059       0x5a src/timer_interface.o
 .comment       0x00000059       0x5a src/wifi.o
 .comment       0x00000059       0x5a src/ASF/common/boards/user_board/init.o
 .comment       0x00000059       0x5a src/ASF/sam/utils/cmsis/sam4s/source/templates/gcc/startup_sam4s.o
 .comment       0x00000059       0x5a src/ASF/sam/utils/cmsis/sam4s/source/templates/system_sam4s.o
 .comment       0x00000059       0x5a src/ASF/sam/utils/syscalls/gcc/syscalls.o
 .comment       0x00000059       0x5a src/main.o

.debug_info     0x00000000    0x1718a
 .debug_info    0x00000000     0x126e src/ASF/common/services/clock/sam4s/sysclk.o
 .debug_info    0x0000126e      0xa45 src/ASF/common/services/delay/sam/cycle_counter.o
 .debug_info    0x00001cb3     0x1d8d src/ASF/sam/drivers/pio/pio.o
 .debug_info    0x00003a40     0x17de src/ASF/sam/drivers/pio/pio_handler.o
 .debug_info    0x0000521e     0x19b0 src/ASF/sam/drivers/pmc/pmc.o
 .debug_info    0x00006bce     0x1252 src/ASF/sam/drivers/tc/tc.o
 .debug_info    0x00007e20     0x137a src/ASF/sam/drivers/twi/twi.o
 .debug_info    0x0000919a     0x1e90 src/ASF/sam/drivers/usart/usart.o
 .debug_info    0x0000b02a      0xbe3 src/ASF/sam/drivers/wdt/wdt.o
 .debug_info    0x0000bc0d     0x1f38 src/camera.o
 .debug_info    0x0000db45     0x1b08 src/ov2640.o
 .debug_info    0x0000f64d      0xc72 src/ov2640_table_registers.o
 .debug_info    0x000102bf     0x104e src/timer_interface.o
 .debug_info    0x0001130d     0x1b02 src/wifi.o
 .debug_info    0x00012e0f     0x1407 src/ASF/common/boards/user_board/init.o
 .debug_info    0x00014216      0x6d0 src/ASF/sam/utils/cmsis/sam4s/source/templates/gcc/startup_sam4s.o
 .debug_info    0x000148e6      0x45c src/ASF/sam/utils/cmsis/sam4s/source/templates/system_sam4s.o
 .debug_info    0x00014d42      0xdbc src/ASF/sam/utils/syscalls/gcc/syscalls.o
 .debug_info    0x00015afe     0x168c src/main.o

.debug_abbrev   0x00000000     0x2f71
 .debug_abbrev  0x00000000      0x2aa src/ASF/common/services/clock/sam4s/sysclk.o
 .debug_abbrev  0x000002aa      0x1b3 src/ASF/common/services/delay/sam/cycle_counter.o
 .debug_abbrev  0x0000045d      0x296 src/ASF/sam/drivers/pio/pio.o
 .debug_abbrev  0x000006f3      0x2e7 src/ASF/sam/drivers/pio/pio_handler.o
 .debug_abbrev  0x000009da      0x2b8 src/ASF/sam/drivers/pmc/pmc.o
 .debug_abbrev  0x00000c92      0x24a src/ASF/sam/drivers/tc/tc.o
 .debug_abbrev  0x00000edc      0x28f src/ASF/sam/drivers/twi/twi.o
 .debug_abbrev  0x0000116b      0x2c1 src/ASF/sam/drivers/usart/usart.o
 .debug_abbrev  0x0000142c      0x207 src/ASF/sam/drivers/wdt/wdt.o
 .debug_abbrev  0x00001633      0x334 src/camera.o
 .debug_abbrev  0x00001967      0x333 src/ov2640.o
 .debug_abbrev  0x00001c9a      0x1b4 src/ov2640_table_registers.o
 .debug_abbrev  0x00001e4e      0x293 src/timer_interface.o
 .debug_abbrev  0x000020e1      0x339 src/wifi.o
 .debug_abbrev  0x0000241a      0x344 src/ASF/common/boards/user_board/init.o
 .debug_abbrev  0x0000275e      0x15e src/ASF/sam/utils/cmsis/sam4s/source/templates/gcc/startup_sam4s.o
 .debug_abbrev  0x000028bc      0x102 src/ASF/sam/utils/cmsis/sam4s/source/templates/system_sam4s.o
 .debug_abbrev  0x000029be      0x22a src/ASF/sam/utils/syscalls/gcc/syscalls.o
 .debug_abbrev  0x00002be8      0x389 src/main.o

.debug_loc      0x00000000     0x7000
 .debug_loc     0x00000000      0x4a0 src/ASF/common/services/clock/sam4s/sysclk.o
 .debug_loc     0x000004a0     0x1174 src/ASF/sam/drivers/pio/pio.o
 .debug_loc     0x00001614      0x364 src/ASF/sam/drivers/pio/pio_handler.o
 .debug_loc     0x00001978     0x1468 src/ASF/sam/drivers/pmc/pmc.o
 .debug_loc     0x00002de0      0x844 src/ASF/sam/drivers/tc/tc.o
 .debug_loc     0x00003624      0x7ac src/ASF/sam/drivers/twi/twi.o
 .debug_loc     0x00003dd0     0x17d4 src/ASF/sam/drivers/usart/usart.o
 .debug_loc     0x000055a4      0x228 src/ASF/sam/drivers/wdt/wdt.o
 .debug_loc     0x000057cc      0x4d0 src/camera.o
 .debug_loc     0x00005c9c      0x5c4 src/ov2640.o
 .debug_loc     0x00006260      0x1b0 src/timer_interface.o
 .debug_loc     0x00006410      0x4a2 src/wifi.o
 .debug_loc     0x000068b2      0x160 src/ASF/common/boards/user_board/init.o
 .debug_loc     0x00006a12       0x64 src/ASF/sam/utils/cmsis/sam4s/source/templates/gcc/startup_sam4s.o
 .debug_loc     0x00006a76       0xe4 src/ASF/sam/utils/cmsis/sam4s/source/templates/system_sam4s.o
 .debug_loc     0x00006b5a      0x300 src/ASF/sam/utils/syscalls/gcc/syscalls.o
 .debug_loc     0x00006e5a      0x1a6 src/main.o

.debug_aranges  0x00000000      0xc70
 .debug_aranges
                0x00000000       0x98 src/ASF/common/services/clock/sam4s/sysclk.o
 .debug_aranges
                0x00000098       0x20 src/ASF/common/services/delay/sam/cycle_counter.o
 .debug_aranges
                0x000000b8      0x1a8 src/ASF/sam/drivers/pio/pio.o
 .debug_aranges
                0x00000260       0x70 src/ASF/sam/drivers/pio/pio_handler.o
 .debug_aranges
                0x000002d0      0x208 src/ASF/sam/drivers/pmc/pmc.o
 .debug_aranges
                0x000004d8       0xd0 src/ASF/sam/drivers/tc/tc.o
 .debug_aranges
                0x000005a8       0xc8 src/ASF/sam/drivers/twi/twi.o
 .debug_aranges
                0x00000670      0x238 src/ASF/sam/drivers/usart/usart.o
 .debug_aranges
                0x000008a8       0x48 src/ASF/sam/drivers/wdt/wdt.o
 .debug_aranges
                0x000008f0       0x98 src/camera.o
 .debug_aranges
                0x00000988       0xb0 src/ov2640.o
 .debug_aranges
                0x00000a38       0x18 src/ov2640_table_registers.o
 .debug_aranges
                0x00000a50       0x48 src/timer_interface.o
 .debug_aranges
                0x00000a98       0x98 src/wifi.o
 .debug_aranges
                0x00000b30       0x40 src/ASF/common/boards/user_board/init.o
 .debug_aranges
                0x00000b70       0x28 src/ASF/sam/utils/cmsis/sam4s/source/templates/gcc/startup_sam4s.o
 .debug_aranges
                0x00000b98       0x30 src/ASF/sam/utils/cmsis/sam4s/source/templates/system_sam4s.o
 .debug_aranges
                0x00000bc8       0x60 src/ASF/sam/utils/syscalls/gcc/syscalls.o
 .debug_aranges
                0x00000c28       0x48 src/main.o

.debug_ranges   0x00000000      0xb68
 .debug_ranges  0x00000000       0x88 src/ASF/common/services/clock/sam4s/sysclk.o
 .debug_ranges  0x00000088       0x10 src/ASF/common/services/delay/sam/cycle_counter.o
 .debug_ranges  0x00000098      0x198 src/ASF/sam/drivers/pio/pio.o
 .debug_ranges  0x00000230       0x60 src/ASF/sam/drivers/pio/pio_handler.o
 .debug_ranges  0x00000290      0x1f8 src/ASF/sam/drivers/pmc/pmc.o
 .debug_ranges  0x00000488       0xc0 src/ASF/sam/drivers/tc/tc.o
 .debug_ranges  0x00000548       0xb8 src/ASF/sam/drivers/twi/twi.o
 .debug_ranges  0x00000600      0x228 src/ASF/sam/drivers/usart/usart.o
 .debug_ranges  0x00000828       0x38 src/ASF/sam/drivers/wdt/wdt.o
 .debug_ranges  0x00000860       0x88 src/camera.o
 .debug_ranges  0x000008e8       0xa0 src/ov2640.o
 .debug_ranges  0x00000988       0x38 src/timer_interface.o
 .debug_ranges  0x000009c0       0x88 src/wifi.o
 .debug_ranges  0x00000a48       0x48 src/ASF/common/boards/user_board/init.o
 .debug_ranges  0x00000a90       0x18 src/ASF/sam/utils/cmsis/sam4s/source/templates/gcc/startup_sam4s.o
 .debug_ranges  0x00000aa8       0x20 src/ASF/sam/utils/cmsis/sam4s/source/templates/system_sam4s.o
 .debug_ranges  0x00000ac8       0x50 src/ASF/sam/utils/syscalls/gcc/syscalls.o
 .debug_ranges  0x00000b18       0x50 src/main.o

.debug_macro    0x00000000    0x15865
 .debug_macro   0x00000000      0x56d src/ASF/common/services/clock/sam4s/sysclk.o
 .debug_macro   0x0000056d      0x8c8 src/ASF/common/services/clock/sam4s/sysclk.o
 .debug_macro   0x00000e35      0x708 src/ASF/common/services/clock/sam4s/sysclk.o
 .debug_macro   0x0000153d       0x46 src/ASF/common/services/clock/sam4s/sysclk.o
 .debug_macro   0x00001583      0x16d src/ASF/common/services/clock/sam4s/sysclk.o
 .debug_macro   0x000016f0       0x76 src/ASF/common/services/clock/sam4s/sysclk.o
 .debug_macro   0x00001766       0x16 src/ASF/common/services/clock/sam4s/sysclk.o
 .debug_macro   0x0000177c      0x6da src/ASF/common/services/clock/sam4s/sysclk.o
 .debug_macro   0x00001e56       0x22 src/ASF/common/services/clock/sam4s/sysclk.o
 .debug_macro   0x00001e78       0x87 src/ASF/common/services/clock/sam4s/sysclk.o
 .debug_macro   0x00001eff       0x51 src/ASF/common/services/clock/sam4s/sysclk.o
 .debug_macro   0x00001f50       0xef src/ASF/common/services/clock/sam4s/sysclk.o
 .debug_macro   0x0000203f       0x6a src/ASF/common/services/clock/sam4s/sysclk.o
 .debug_macro   0x000020a9      0x1df src/ASF/common/services/clock/sam4s/sysclk.o
 .debug_macro   0x00002288       0x27 src/ASF/common/services/clock/sam4s/sysclk.o
 .debug_macro   0x000022af       0x1c src/ASF/common/services/clock/sam4s/sysclk.o
 .debug_macro   0x000022cb       0x22 src/ASF/common/services/clock/sam4s/sysclk.o
 .debug_macro   0x000022ed       0xdf src/ASF/common/services/clock/sam4s/sysclk.o
 .debug_macro   0x000023cc     0x102d src/ASF/common/services/clock/sam4s/sysclk.o
 .debug_macro   0x000033f9      0x11f src/ASF/common/services/clock/sam4s/sysclk.o
 .debug_macro   0x00003518      0x154 src/ASF/common/services/clock/sam4s/sysclk.o
 .debug_macro   0x0000366c      0xaa5 src/ASF/common/services/clock/sam4s/sysclk.o
 .debug_macro   0x00004111      0x1b4 src/ASF/common/services/clock/sam4s/sysclk.o
 .debug_macro   0x000042c5       0xac src/ASF/common/services/clock/sam4s/sysclk.o
 .debug_macro   0x00004371      0x3f7 src/ASF/common/services/clock/sam4s/sysclk.o
 .debug_macro   0x00004768      0x106 src/ASF/common/services/clock/sam4s/sysclk.o
 .debug_macro   0x0000486e       0x1c src/ASF/common/services/clock/sam4s/sysclk.o
 .debug_macro   0x0000488a      0x72f src/ASF/common/services/clock/sam4s/sysclk.o
 .debug_macro   0x00004fb9      0x2c9 src/ASF/common/services/clock/sam4s/sysclk.o
 .debug_macro   0x00005282       0xbe src/ASF/common/services/clock/sam4s/sysclk.o
 .debug_macro   0x00005340     0x2807 src/ASF/common/services/clock/sam4s/sysclk.o
 .debug_macro   0x00007b47      0x76e src/ASF/common/services/clock/sam4s/sysclk.o
 .debug_macro   0x000082b5      0xa84 src/ASF/common/services/clock/sam4s/sysclk.o
 .debug_macro   0x00008d39       0x9a src/ASF/common/services/clock/sam4s/sysclk.o
 .debug_macro   0x00008dd3      0x3cf src/ASF/common/services/clock/sam4s/sysclk.o
 .debug_macro   0x000091a2       0x64 src/ASF/common/services/clock/sam4s/sysclk.o
 .debug_macro   0x00009206      0x37c src/ASF/common/services/clock/sam4s/sysclk.o
 .debug_macro   0x00009582      0x61b src/ASF/common/services/clock/sam4s/sysclk.o
 .debug_macro   0x00009b9d      0x686 src/ASF/common/services/clock/sam4s/sysclk.o
 .debug_macro   0x0000a223      0x595 src/ASF/common/services/clock/sam4s/sysclk.o
 .debug_macro   0x0000a7b8      0x344 src/ASF/common/services/clock/sam4s/sysclk.o
 .debug_macro   0x0000aafc      0x283 src/ASF/common/services/clock/sam4s/sysclk.o
 .debug_macro   0x0000ad7f      0x2cd src/ASF/common/services/clock/sam4s/sysclk.o
 .debug_macro   0x0000b04c      0x6cf src/ASF/common/services/clock/sam4s/sysclk.o
 .debug_macro   0x0000b71b       0x76 src/ASF/common/services/clock/sam4s/sysclk.o
 .debug_macro   0x0000b791       0xb8 src/ASF/common/services/clock/sam4s/sysclk.o
 .debug_macro   0x0000b849       0xb2 src/ASF/common/services/clock/sam4s/sysclk.o
 .debug_macro   0x0000b8fb       0x88 src/ASF/common/services/clock/sam4s/sysclk.o
 .debug_macro   0x0000b983      0x100 src/ASF/common/services/clock/sam4s/sysclk.o
 .debug_macro   0x0000ba83       0x88 src/ASF/common/services/clock/sam4s/sysclk.o
 .debug_macro   0x0000bb0b       0x88 src/ASF/common/services/clock/sam4s/sysclk.o
 .debug_macro   0x0000bb93      0x2cd src/ASF/common/services/clock/sam4s/sysclk.o
 .debug_macro   0x0000be60       0xb2 src/ASF/common/services/clock/sam4s/sysclk.o
 .debug_macro   0x0000bf12       0xb2 src/ASF/common/services/clock/sam4s/sysclk.o
 .debug_macro   0x0000bfc4       0x52 src/ASF/common/services/clock/sam4s/sysclk.o
 .debug_macro   0x0000c016       0xac src/ASF/common/services/clock/sam4s/sysclk.o
 .debug_macro   0x0000c0c2       0x7c src/ASF/common/services/clock/sam4s/sysclk.o
 .debug_macro   0x0000c13e       0x40 src/ASF/common/services/clock/sam4s/sysclk.o
 .debug_macro   0x0000c17e       0x64 src/ASF/common/services/clock/sam4s/sysclk.o
 .debug_macro   0x0000c1e2       0x4c src/ASF/common/services/clock/sam4s/sysclk.o
 .debug_macro   0x0000c22e       0xa6 src/ASF/common/services/clock/sam4s/sysclk.o
 .debug_macro   0x0000c2d4       0x7c src/ASF/common/services/clock/sam4s/sysclk.o
 .debug_macro   0x0000c350       0x16 src/ASF/common/services/clock/sam4s/sysclk.o
 .debug_macro   0x0000c366       0x7c src/ASF/common/services/clock/sam4s/sysclk.o
 .debug_macro   0x0000c3e2       0x22 src/ASF/common/services/clock/sam4s/sysclk.o
 .debug_macro   0x0000c404      0x18b src/ASF/common/services/clock/sam4s/sysclk.o
 .debug_macro   0x0000c58f      0x15b src/ASF/common/services/clock/sam4s/sysclk.o
 .debug_macro   0x0000c6ea       0x1c src/ASF/common/services/clock/sam4s/sysclk.o
 .debug_macro   0x0000c706       0x2e src/ASF/common/services/clock/sam4s/sysclk.o
 .debug_macro   0x0000c734       0x22 src/ASF/common/services/clock/sam4s/sysclk.o
 .debug_macro   0x0000c756       0x1c src/ASF/common/services/clock/sam4s/sysclk.o
 .debug_macro   0x0000c772       0x52 src/ASF/common/services/clock/sam4s/sysclk.o
 .debug_macro   0x0000c7c4       0x10 src/ASF/common/services/clock/sam4s/sysclk.o
 .debug_macro   0x0000c7d4      0x1e7 src/ASF/common/services/clock/sam4s/sysclk.o
 .debug_macro   0x0000c9bb      0x605 src/ASF/common/services/clock/sam4s/sysclk.o
 .debug_macro   0x0000cfc0      0x107 src/ASF/common/services/clock/sam4s/sysclk.o
 .debug_macro   0x0000d0c7       0x58 src/ASF/common/services/clock/sam4s/sysclk.o
 .debug_macro   0x0000d11f       0x35 src/ASF/common/services/clock/sam4s/sysclk.o
 .debug_macro   0x0000d154       0x9c src/ASF/common/services/clock/sam4s/sysclk.o
 .debug_macro   0x0000d1f0       0x16 src/ASF/common/services/clock/sam4s/sysclk.o
 .debug_macro   0x0000d206       0x35 src/ASF/common/services/clock/sam4s/sysclk.o
 .debug_macro   0x0000d23b      0x34d src/ASF/common/services/clock/sam4s/sysclk.o
 .debug_macro   0x0000d588       0x10 src/ASF/common/services/clock/sam4s/sysclk.o
 .debug_macro   0x0000d598       0x58 src/ASF/common/services/clock/sam4s/sysclk.o
 .debug_macro   0x0000d5f0       0x1f src/ASF/common/services/clock/sam4s/sysclk.o
 .debug_macro   0x0000d60f       0x43 src/ASF/common/services/clock/sam4s/sysclk.o
 .debug_macro   0x0000d652       0x20 src/ASF/common/services/clock/sam4s/sysclk.o
 .debug_macro   0x0000d672      0x187 src/ASF/common/services/clock/sam4s/sysclk.o
 .debug_macro   0x0000d7f9       0x10 src/ASF/common/services/clock/sam4s/sysclk.o
 .debug_macro   0x0000d809       0x1c src/ASF/common/services/clock/sam4s/sysclk.o
 .debug_macro   0x0000d825       0x52 src/ASF/common/services/clock/sam4s/sysclk.o
 .debug_macro   0x0000d877       0x40 src/ASF/common/services/clock/sam4s/sysclk.o
 .debug_macro   0x0000d8b7       0x10 src/ASF/common/services/clock/sam4s/sysclk.o
 .debug_macro   0x0000d8c7       0x40 src/ASF/common/services/clock/sam4s/sysclk.o
 .debug_macro   0x0000d907       0xd7 src/ASF/common/services/clock/sam4s/sysclk.o
 .debug_macro   0x0000d9de       0x16 src/ASF/common/services/clock/sam4s/sysclk.o
 .debug_macro   0x0000d9f4      0x18b src/ASF/common/services/clock/sam4s/sysclk.o
 .debug_macro   0x0000db7f       0x22 src/ASF/common/services/clock/sam4s/sysclk.o
 .debug_macro   0x0000dba1       0x16 src/ASF/common/services/clock/sam4s/sysclk.o
 .debug_macro   0x0000dbb7       0x16 src/ASF/common/services/clock/sam4s/sysclk.o
 .debug_macro   0x0000dbcd       0x29 src/ASF/common/services/clock/sam4s/sysclk.o
 .debug_macro   0x0000dbf6       0x73 src/ASF/common/services/clock/sam4s/sysclk.o
 .debug_macro   0x0000dc69       0x3e src/ASF/common/services/clock/sam4s/sysclk.o
 .debug_macro   0x0000dca7      0x3ca src/ASF/common/services/clock/sam4s/sysclk.o
 .debug_macro   0x0000e071      0x2d2 src/ASF/common/services/clock/sam4s/sysclk.o
 .debug_macro   0x0000e343       0x70 src/ASF/common/services/clock/sam4s/sysclk.o
 .debug_macro   0x0000e3b3       0x58 src/ASF/common/services/clock/sam4s/sysclk.o
 .debug_macro   0x0000e40b       0x82 src/ASF/common/services/clock/sam4s/sysclk.o
 .debug_macro   0x0000e48d       0x46 src/ASF/common/services/clock/sam4s/sysclk.o
 .debug_macro   0x0000e4d3       0x90 src/ASF/common/services/clock/sam4s/sysclk.o
 .debug_macro   0x0000e563      0x502 src/ASF/common/services/delay/sam/cycle_counter.o
 .debug_macro   0x0000ea65       0x22 src/ASF/common/services/delay/sam/cycle_counter.o
 .debug_macro   0x0000ea87      0x508 src/ASF/sam/drivers/pio/pio.o
 .debug_macro   0x0000ef8f       0x8e src/ASF/sam/drivers/pio/pio.o
 .debug_macro   0x0000f01d      0x512 src/ASF/sam/drivers/pio/pio_handler.o
 .debug_macro   0x0000f52f      0x508 src/ASF/sam/drivers/pmc/pmc.o
 .debug_macro   0x0000fa37       0x52 src/ASF/sam/drivers/pmc/pmc.o
 .debug_macro   0x0000fa89      0x508 src/ASF/sam/drivers/tc/tc.o
 .debug_macro   0x0000ff91       0x52 src/ASF/sam/drivers/tc/tc.o
 .debug_macro   0x0000ffe3       0x8d src/ASF/sam/drivers/tc/tc.o
 .debug_macro   0x00010070       0x16 src/ASF/sam/drivers/tc/tc.o
 .debug_macro   0x00010086       0x57 src/ASF/sam/drivers/tc/tc.o
 .debug_macro   0x000100dd       0x1c src/ASF/sam/drivers/tc/tc.o
 .debug_macro   0x000100f9      0x52c src/ASF/sam/drivers/twi/twi.o
 .debug_macro   0x00010625       0x46 src/ASF/sam/drivers/twi/twi.o
 .debug_macro   0x0001066b      0x538 src/ASF/sam/drivers/usart/usart.o
 .debug_macro   0x00010ba3       0x28 src/ASF/sam/drivers/usart/usart.o
 .debug_macro   0x00010bcb      0x515 src/ASF/sam/drivers/wdt/wdt.o
 .debug_macro   0x000110e0      0x67e src/camera.o
 .debug_macro   0x0001175e       0x28 src/camera.o
 .debug_macro   0x00011786       0x22 src/camera.o
 .debug_macro   0x000117a8       0x94 src/camera.o
 .debug_macro   0x0001183c       0x40 src/camera.o
 .debug_macro   0x0001187c       0x88 src/camera.o
 .debug_macro   0x00011904       0x4c src/camera.o
 .debug_macro   0x00011950       0x10 src/camera.o
 .debug_macro   0x00011960       0x16 src/camera.o
 .debug_macro   0x00011976       0x10 src/camera.o
 .debug_macro   0x00011986      0x178 src/camera.o
 .debug_macro   0x00011afe      0x401 src/camera.o
 .debug_macro   0x00011eff      0x5ca src/ov2640.o
 .debug_macro   0x000124c9      0x3fb src/ov2640.o
 .debug_macro   0x000128c4       0x16 src/ov2640.o
 .debug_macro   0x000128da      0x5a6 src/ov2640_table_registers.o
 .debug_macro   0x00012e80      0x69f src/timer_interface.o
 .debug_macro   0x0001351f      0x6a9 src/wifi.o
 .debug_macro   0x00013bc8       0xbe src/wifi.o
 .debug_macro   0x00013c86      0x69e src/ASF/common/boards/user_board/init.o
 .debug_macro   0x00014324      0x2f4 src/ASF/sam/utils/cmsis/sam4s/source/templates/gcc/startup_sam4s.o
 .debug_macro   0x00014618      0x2fc src/ASF/sam/utils/cmsis/sam4s/source/templates/system_sam4s.o
 .debug_macro   0x00014914      0x1d6 src/ASF/sam/utils/syscalls/gcc/syscalls.o
 .debug_macro   0x00014aea       0x97 src/ASF/sam/utils/syscalls/gcc/syscalls.o
 .debug_macro   0x00014b81      0x353 src/ASF/sam/utils/syscalls/gcc/syscalls.o
 .debug_macro   0x00014ed4       0xf6 src/ASF/sam/utils/syscalls/gcc/syscalls.o
 .debug_macro   0x00014fca       0x4c src/ASF/sam/utils/syscalls/gcc/syscalls.o
 .debug_macro   0x00015016       0x16 src/ASF/sam/utils/syscalls/gcc/syscalls.o
 .debug_macro   0x0001502c       0x10 src/ASF/sam/utils/syscalls/gcc/syscalls.o
 .debug_macro   0x0001503c       0x10 src/ASF/sam/utils/syscalls/gcc/syscalls.o
 .debug_macro   0x0001504c       0x35 src/ASF/sam/utils/syscalls/gcc/syscalls.o
 .debug_macro   0x00015081      0x122 src/ASF/sam/utils/syscalls/gcc/syscalls.o
 .debug_macro   0x000151a3      0x6b2 src/main.o
 .debug_macro   0x00015855       0x10 src/main.o

.debug_line     0x00000000     0xf20f
 .debug_line    0x00000000      0xcb9 src/ASF/common/services/clock/sam4s/sysclk.o
 .debug_line    0x00000cb9      0xa3f src/ASF/common/services/delay/sam/cycle_counter.o
 .debug_line    0x000016f8      0xe58 src/ASF/sam/drivers/pio/pio.o
 .debug_line    0x00002550      0xb51 src/ASF/sam/drivers/pio/pio_handler.o
 .debug_line    0x000030a1     0x1033 src/ASF/sam/drivers/pmc/pmc.o
 .debug_line    0x000040d4      0xbde src/ASF/sam/drivers/tc/tc.o
 .debug_line    0x00004cb2      0xc8a src/ASF/sam/drivers/twi/twi.o
 .debug_line    0x0000593c     0x100f src/ASF/sam/drivers/usart/usart.o
 .debug_line    0x0000694b      0xa8c src/ASF/sam/drivers/wdt/wdt.o
 .debug_line    0x000073d7     0x105b src/camera.o
 .debug_line    0x00008432      0xec6 src/ov2640.o
 .debug_line    0x000092f8      0xbed src/ov2640_table_registers.o
 .debug_line    0x00009ee5      0xf34 src/timer_interface.o
 .debug_line    0x0000ae19     0x1045 src/wifi.o
 .debug_line    0x0000be5e      0xf57 src/ASF/common/boards/user_board/init.o
 .debug_line    0x0000cdb5      0x820 src/ASF/sam/utils/cmsis/sam4s/source/templates/gcc/startup_sam4s.o
 .debug_line    0x0000d5d5      0x868 src/ASF/sam/utils/cmsis/sam4s/source/templates/system_sam4s.o
 .debug_line    0x0000de3d      0x417 src/ASF/sam/utils/syscalls/gcc/syscalls.o
 .debug_line    0x0000e254      0xfbb src/main.o

.debug_str      0x00000000    0x5211b
 .debug_str     0x00000000    0x4ba96 src/ASF/common/services/clock/sam4s/sysclk.o
                              0x4bead (size before relaxing)
 .debug_str     0x0004ba96      0x1a9 src/ASF/common/services/delay/sam/cycle_counter.o
                              0x4a70b (size before relaxing)
 .debug_str     0x0004bc3f      0xbb2 src/ASF/sam/drivers/pio/pio.o
                              0x4b1ab (size before relaxing)
 .debug_str     0x0004c7f1      0x37a src/ASF/sam/drivers/pio/pio_handler.o
                              0x4b0af (size before relaxing)
 .debug_str     0x0004cb6b      0x584 src/ASF/sam/drivers/pmc/pmc.o
                              0x4aff7 (size before relaxing)
 .debug_str     0x0004d0ef      0x35f src/ASF/sam/drivers/tc/tc.o
                              0x4a8f6 (size before relaxing)
 .debug_str     0x0004d44e      0x4aa src/ASF/sam/drivers/twi/twi.o
                              0x4aad6 (size before relaxing)
 .debug_str     0x0004d8f8      0x958 src/ASF/sam/drivers/usart/usart.o
                              0x4af90 (size before relaxing)
 .debug_str     0x0004e250      0x135 src/ASF/sam/drivers/wdt/wdt.o
                              0x4a692 (size before relaxing)
 .debug_str     0x0004e385     0x26f9 src/camera.o
                              0x4f1c8 (size before relaxing)
 .debug_str     0x00050a7e      0x1d3 src/ov2640.o
                              0x4dfd3 (size before relaxing)
 .debug_str     0x00050c51       0x20 src/ov2640_table_registers.o
                              0x4d788 (size before relaxing)
 .debug_str     0x00050c71       0x5f src/timer_interface.o
                              0x4cdc4 (size before relaxing)
 .debug_str     0x00050cd0      0x66d src/wifi.o
                              0x4defd (size before relaxing)
 .debug_str     0x0005133d      0x150 src/ASF/common/boards/user_board/init.o
                              0x4d2c8 (size before relaxing)
 .debug_str     0x0005148d      0x428 src/ASF/sam/utils/cmsis/sam4s/source/templates/gcc/startup_sam4s.o
                              0x3a21d (size before relaxing)
 .debug_str     0x000518b5       0xb9 src/ASF/sam/utils/cmsis/sam4s/source/templates/system_sam4s.o
                              0x39fc2 (size before relaxing)
 .debug_str     0x0005196e      0x77b src/ASF/sam/utils/syscalls/gcc/syscalls.o
                               0x7422 (size before relaxing)
 .debug_str     0x000520e9       0x32 src/main.o
                              0x4dab3 (size before relaxing)

.debug_frame    0x00000000     0x40f8
 .debug_frame   0x00000000      0x244 src/ASF/common/services/clock/sam4s/sysclk.o
 .debug_frame   0x00000244       0x20 src/ASF/common/services/delay/sam/cycle_counter.o
 .debug_frame   0x00000264      0x7c0 src/ASF/sam/drivers/pio/pio.o
 .debug_frame   0x00000a24      0x1a4 src/ASF/sam/drivers/pio/pio_handler.o
 .debug_frame   0x00000bc8      0x920 src/ASF/sam/drivers/pmc/pmc.o
 .debug_frame   0x000014e8      0x3a8 src/ASF/sam/drivers/tc/tc.o
 .debug_frame   0x00001890      0x36c src/ASF/sam/drivers/twi/twi.o
 .debug_frame   0x00001bfc      0xa7c src/ASF/sam/drivers/usart/usart.o
 .debug_frame   0x00002678      0x100 src/ASF/sam/drivers/wdt/wdt.o
 .debug_frame   0x00002778      0x264 src/camera.o
 .debug_frame   0x000029dc      0x2c0 src/ov2640.o
 .debug_frame   0x00002c9c       0xe4 src/timer_interface.o
 .debug_frame   0x00002d80      0x25c src/wifi.o