Archive member included to satisfy reference by file (symbol)

c:/program files (x86)/atmel/studio/7.0/toolchain/arm/arm-gnu-toolchain/bin/../lib/gcc/arm-none-eabi/6.2.1/thumb/v7e-m\libgcc.a(_aeabi_uldivmod.o)
                              src/camera.o (__aeabi_uldivmod)
c:/program files (x86)/atmel/studio/7.0/toolchain/arm/arm-gnu-toolchain/bin/../lib/gcc/arm-none-eabi/6.2.1/thumb/v7e-m\libgcc.a(_udivmoddi4.o)
                              c:/program files (x86)/atmel/studio/7.0/toolchain/arm/arm-gnu-toolchain/bin/../lib/gcc/arm-none-eabi/6.2.1/thumb/v7e-m\libgcc.a(_aeabi_uldivmod.o) (__udivmoddi4)
c:/program files (x86)/atmel/studio/7.0/toolchain/arm/arm-gnu-toolchain/bin/../lib/gcc/arm-none-eabi/6.2.1/thumb/v7e-m\libgcc.a(_dvmd_tls.o)
                              c:/program files (x86)/atmel/studio/7.0/toolchain/arm/arm-gnu-toolchain/bin/../lib/gcc/arm-none-eabi/6.2.1/thumb/v7e-m\libgcc.a(_aeabi_uldivmod.o) (__aeabi_ldiv0)
c:/program files (x86)/atmel/studio/7.0/toolchain/arm/arm-gnu-toolchain/bin/../lib/gcc/arm-none-eabi/6.2.1/../../../../arm-none-eabi/lib/thumb/v7e-m\libc.a(lib_a-exit.o)
                              c:/program files (x86)/atmel/studio/7.0/toolchain/arm/arm-gnu-toolchain/bin/../lib/gcc/arm-none-eabi/6.2.1/../../../../arm-none-eabi/lib/thumb/v7e-m/crt0.o (exit)
c:/program files (x86)/atmel/studio/7.0/toolchain/arm/arm-gnu-toolchain/bin/../lib/gcc/arm-none-eabi/6.2.1/../../../../arm-none-eabi/lib/thumb/v7e-m\libc.a(lib_a-impure.o)
                              c:/program files (x86)/atmel/studio/7.0/toolchain/arm/arm-gnu-toolchain/bin/../lib/gcc/arm-none-eabi/6.2.1/../../../../arm-none-eabi/lib/thumb/v7e-m\libc.a(lib_a-exit.o) (_global_impure_ptr)
c:/program files (x86)/atmel/studio/7.0/toolchain/arm/arm-gnu-toolchain/bin/../lib/gcc/arm-none-eabi/6.2.1/../../../../arm-none-eabi/lib/thumb/v7e-m\libc.a(lib_a-init.o)
                              c:/program files (x86)/atmel/studio/7.0/toolchain/arm/arm-gnu-toolchain/bin/../lib/gcc/arm-none-eabi/6.2.1/../../../../arm-none-eabi/lib/thumb/v7e-m/crt0.o (__libc_init_array)
c:/program files (x86)/atmel/studio/7.0/toolchain/arm/arm-gnu-toolchain/bin/../lib/gcc/arm-none-eabi/6.2.1/../../../../arm-none-eabi/lib/thumb/v7e-m\libc.a(lib_a-memset.o)
                              c:/program files (x86)/atmel/studio/7.0/toolchain/arm/arm-gnu-toolchain/bin/../lib/gcc/arm-none-eabi/6.2.1/../../../../arm-none-eabi/lib/thumb/v7e-m/crt0.o (memset)
c:/program files (x86)/atmel/studio/7.0/toolchain/arm/arm-gnu-toolchain/bin/../lib/gcc/arm-none-eabi/6.2.1/../../../../arm-none-eabi/lib/thumb/v7e-m\libc.a(lib_a-sprintf.o)
                              src/wifi.o (sprintf)
c:/program files (x86)/atmel/studio/7.0/toolchain/arm/arm-gnu-toolchain/bin/../lib/gcc/arm-none-eabi/6.2.1/../../../../arm-none-eabi/lib/thumb/v7e-m\libc.a(lib_a-strstr.o)
                              src/wifi.o (strstr)
c:/program files (x86)/atmel/studio/7.0/toolchain/arm/arm-gnu-toolchain/bin/../lib/gcc/arm-none-eabi/6.2.1/../../../../arm-none-eabi/lib/thumb/v7e-m\libc.a(lib_a-svfprintf.o)
                              c:/program files (x86)/atmel/studio/7.0/toolchain/arm/arm-gnu-toolchain/bin/../lib/gcc/arm-none-eabi/6.2.1/../../../../arm-none-eabi/lib/thumb/v7e-m\libc.a(lib_a-sprintf.o) (_svfprintf_r)
c:/program files (x86)/atmel/studio/7.0/toolchain/arm/arm-gnu-toolchain/bin/../lib/gcc/arm-none-eabi/6.2.1/../../../../arm-none-eabi/lib/thumb/v7e-m\libc.a(lib_a-__call_atexit.o)
                              c:/program files (x86)/atmel/studio/7.0/toolchain/arm/arm-gnu-toolchain/bin/../lib/gcc/arm-none-eabi/6.2.1/../../../../arm-none-eabi/lib/thumb/v7e-m\libc.a(lib_a-exit.o) (__call_exitprocs)
c:/program files (x86)/atmel/studio/7.0/toolchain/arm/arm-gnu-toolchain/bin/../lib/gcc/arm-none-eabi/6.2.1/../../../../arm-none-eabi/lib/thumb/v7e-m\libc.a(lib_a-atexit.o)
                              c:/program files (x86)/atmel/studio/7.0/toolchain/arm/arm-gnu-toolchain/bin/../lib/gcc/arm-none-eabi/6.2.1/../../../../arm-none-eabi/lib/thumb/v7e-m\libc.a(lib_a-__call_atexit.o) (atexit)
c:/program files (x86)/atmel/studio/7.0/toolchain/arm/arm-gnu-toolchain/bin/../lib/gcc/arm-none-eabi/6.2.1/../../../../arm-none-eabi/lib/thumb/v7e-m\libc.a(lib_a-dtoa.o)
                              c:/program files (x86)/atmel/studio/7.0/toolchain/arm/arm-gnu-toolchain/bin/../lib/gcc/arm-none-eabi/6.2.1/../../../../arm-none-eabi/lib/thumb/v7e-m\libc.a(lib_a-svfprintf.o) (_dtoa_r)
c:/program files (x86)/atmel/studio/7.0/toolchain/arm/arm-gnu-toolchain/bin/../lib/gcc/arm-none-eabi/6.2.1/../../../../arm-none-eabi/lib/thumb/v7e-m\libc.a(lib_a-fini.o)
                              c:/program files (x86)/atmel/studio/7.0/toolchain/arm/arm-gnu-toolchain/bin/../lib/gcc/arm-none-eabi/6.2.1/../../../../arm-none-eabi/lib/thumb/v7e-m\libc.a(lib_a-__call_atexit.o) (__libc_fini_array)
[...]
Memory Configuration

Name             Origin             Length             Attributes
rom              0x00400000         0x00080000         xr
ram              0x20000000         0x00020000         xrw
*default*        0x00000000         0xffffffff

Linker script and memory map

LOAD c:/program files (x86)/atmel/studio/7.0/toolchain/arm/arm-gnu-toolchain/bin/../lib/gcc/arm-none-eabi/6.2.1/thumb/v7e-m/crti.o
LOAD c:/program files (x86)/atmel/studio/7.0/toolchain/arm/arm-gnu-toolchain/bin/../lib/gcc/arm-none-eabi/6.2.1/thumb/v7e-m/crtbegin.o
LOAD c:/program files (x86)/atmel/studio/7.0/toolchain/arm/arm-gnu-toolchain/bin/../lib/gcc/arm-none-eabi/6.2.1/../../../../arm-none-eabi/lib/thumb/v7e-m/crt0.o
LOAD src/ASF/common/services/clock/sam4s/sysclk.o
LOAD src/ASF/common/services/delay/sam/cycle_counter.o
LOAD src/ASF/common/services/serial/usart_serial.o
LOAD src/ASF/sam/drivers/pio/pio.o
LOAD src/ASF/sam/drivers/pio/pio_handler.o
LOAD src/ASF/sam/drivers/pmc/pmc.o
LOAD src/ASF/sam/drivers/pmc/sleep.o
LOAD src/ASF/sam/drivers/tc/tc.o
LOAD src/ASF/sam/drivers/twi/twi.o
LOAD src/ASF/sam/drivers/uart/uart.o
LOAD src/ASF/sam/drivers/usart/usart.o
LOAD src/ASF/sam/drivers/wdt/wdt.o
LOAD src/camera.o
LOAD src/ov2640.o
LOAD src/ov2640_table_registers.o
LOAD src/timer_interface.o
LOAD src/wifi.o
LOAD src/ASF/common/boards/user_board/init.o
LOAD src/ASF/common/utils/interrupt/interrupt_sam_nvic.o
LOAD src/ASF/sam/utils/cmsis/sam4s/source/templates/gcc/startup_sam4s.o
LOAD src/ASF/sam/utils/cmsis/sam4s/source/templates/system_sam4s.o
LOAD src/ASF/sam/utils/syscalls/gcc/syscalls.o
LOAD src/main.o
START GROUP
LOAD ../src/ASF/thirdparty/CMSIS/Lib/GCC\libarm_cortexM4l_math.a
LOAD c:/program files (x86)/atmel/studio/7.0/toolchain/arm/arm-gnu-toolchain/bin/../lib/gcc/arm-none-eabi/6.2.1/../../../../arm-none-eabi/lib/thumb/v7e-m\libm.a
END GROUP
START GROUP
LOAD c:/program files (x86)/atmel/studio/7.0/toolchain/arm/arm-gnu-toolchain/bin/../lib/gcc/arm-none-eabi/6.2.1/thumb/v7e-m\libgcc.a
LOAD c:/program files (x86)/atmel/studio/7.0/toolchain/arm/arm-gnu-toolchain/bin/../lib/gcc/arm-none-eabi/6.2.1/../../../../arm-none-eabi/lib/thumb/v7e-m\libc.a
END GROUP
LOAD c:/program files (x86)/atmel/studio/7.0/toolchain/arm/arm-gnu-toolchain/bin/../lib/gcc/arm-none-eabi/6.2.1/thumb/v7e-m/crtend.o
LOAD c:/program files (x86)/atmel/studio/7.0/toolchain/arm/arm-gnu-toolchain/bin/../lib/gcc/arm-none-eabi/6.2.1/thumb/v7e-m/crtn.o
                0x00003000                __stack_size__ = DEFINED (__stack_size__)?__stack_size__:0x3000
                0x2001fffc                __ram_end__ = ((ORIGIN (ram) + LENGTH (ram)) - 0x4)

.text           0x00400000     0x9414
                0x00400000                . = ALIGN (0x4)
                0x00400000                _sfixed = .
 *(.vectors .vectors.*)
 .vectors       0x00400000       0xcc src/ASF/sam/utils/cmsis/sam4s/source/templates/gcc/startup_sam4s.o
                0x00400000                exception_table
 *(.text .text.* .gnu.linkonce.t.*)
 .text          0x004000cc       0x6c c:/program files (x86)/atmel/studio/7.0/toolchain/arm/arm-gnu-toolchain/bin/../lib/gcc/arm-none-eabi/6.2.1/thumb/v7e-m/crtbegin.o
 .text.osc_enable
                0x00400138       0x88 src/ASF/common/services/clock/sam4s/sysclk.o
 .text.osc_is_ready
                0x004001c0       0x70 src/ASF/common/services/clock/sam4s/sysclk.o
 .text.osc_get_rate
                0x00400230       0x74 src/ASF/common/services/clock/sam4s/sysclk.o
 .text.osc_wait_ready
                0x004002a4       0x2c src/ASF/common/services/clock/sam4s/sysclk.o
 .text.pll_config_init
                0x004002d0       0x54 src/ASF/common/services/clock/sam4s/sysclk.o
 .text.pll_enable
                0x00400324       0x44 src/ASF/common/services/clock/sam4s/sysclk.o
 .text.pll_is_locked
                0x00400368       0x2c src/ASF/common/services/clock/sam4s/sysclk.o
 .text.pll_enable_source
                0x00400394       0x38 src/ASF/common/services/clock/sam4s/sysclk.o
 .text.pll_wait_for_lock
                0x004003cc       0x24 src/ASF/common/services/clock/sam4s/sysclk.o
 .text.sysclk_get_main_hz
                0x004003f0       0x1c src/ASF/common/services/clock/sam4s/sysclk.o
 .text.sysclk_get_cpu_hz
                0x0040040c       0x14 src/ASF/common/services/clock/sam4s/sysclk.o
 .text.sysclk_init
                0x00400420       0x70 src/ASF/common/services/clock/sam4s/sysclk.o
                0x00400420                sysclk_init
 .text.pio_pull_up
                0x00400490       0x2a src/ASF/sam/drivers/pio/pio.o
                0x00400490                pio_pull_up
 .text.pio_set_debounce_filter
                0x004004ba       0x36 src/ASF/sam/drivers/pio/pio.o
                0x004004ba                pio_set_debounce_filter
 .text.pio_set_peripheral
                0x004004f0      0x10e src/ASF/sam/drivers/pio/pio.o
                0x004004f0                pio_set_peripheral
 *fill*         0x004005fe        0x2 
 .text.pio_set_input
                0x00400600       0x80 src/ASF/sam/drivers/pio/pio.o
                0x00400600                pio_set_input
 .text.pio_set_output
                0x00400680       0x64 src/ASF/sam/drivers/pio/pio.o
                0x00400680                pio_set_output
 .text.pio_configure_interrupt
                0x004006e4       0x6a src/ASF/sam/drivers/pio/pio.o
                0x004006e4                pio_configure_interrupt
 .text.pio_enable_interrupt
                0x0040074e       0x1a src/ASF/sam/drivers/pio/pio.o
                0x0040074e                pio_enable_interrupt
 .text.pio_disable_interrupt
                0x00400768       0x1a src/ASF/sam/drivers/pio/pio.o
                0x00400768                pio_disable_interrupt
 .text.pio_get_interrupt_status
                0x00400782       0x16 src/ASF/sam/drivers/pio/pio.o
                0x00400782                pio_get_interrupt_status
 .text.pio_get_interrupt_mask
                0x00400798       0x16 src/ASF/sam/drivers/pio/pio.o
                0x00400798                pio_get_interrupt_mask
 *fill*         0x004007ae        0x2 
 .text.pio_configure_pin
                0x004007b0      0x1b0 src/ASF/sam/drivers/pio/pio.o
                0x004007b0                pio_configure_pin
 .text.pio_get_pin_group
                0x00400960       0x24 src/ASF/sam/drivers/pio/pio.o
                0x00400960                pio_get_pin_group
 .text.pio_capture_enable
                0x00400984       0x2c src/ASF/sam/drivers/pio/pio.o
                0x00400984                pio_capture_enable
 .text.pio_capture_disable
                0x004009b0       0x2c src/ASF/sam/drivers/pio/pio.o
                0x004009b0                pio_capture_disable
 .text.pio_handler_process
                0x004009dc       0xd4 src/ASF/sam/drivers/pio/pio_handler.o
                0x004009dc                pio_handler_process
 .text.pio_handler_set
                0x00400ab0       0xa0 src/ASF/sam/drivers/pio/pio_handler.o
                0x00400ab0                pio_handler_set
 .text.PIOA_Handler
                0x00400b50       0x18 src/ASF/sam/drivers/pio/pio_handler.o
                0x00400b50                PIOA_Handler
 .text.PIOB_Handler
                0x00400b68       0x18 src/ASF/sam/drivers/pio/pio_handler.o
                0x00400b68                PIOB_Handler
 .text.pmc_switch_mck_to_pllack
                0x00400b80       0x80 src/ASF/sam/drivers/pmc/pmc.o
                0x00400b80                pmc_switch_mck_to_pllack
 .text.pmc_switch_sclk_to_32kxtal
                0x00400c00       0x38 src/ASF/sam/drivers/pmc/pmc.o
                0x00400c00                pmc_switch_sclk_to_32kxtal
 .text.pmc_osc_is_ready_32kxtal
                0x00400c38       0x34 src/ASF/sam/drivers/pmc/pmc.o
                0x00400c38                pmc_osc_is_ready_32kxtal
 .text.pmc_switch_mainck_to_fastrc
                0x00400c6c       0x70 src/ASF/sam/drivers/pmc/pmc.o
                0x00400c6c                pmc_switch_mainck_to_fastrc
 .text.pmc_switch_mainck_to_xtal
                0x00400cdc       0x78 src/ASF/sam/drivers/pmc/pmc.o
                0x00400cdc                pmc_switch_mainck_to_xtal
 .text.pmc_osc_is_ready_mainck
                0x00400d54       0x18 src/ASF/sam/drivers/pmc/pmc.o
                0x00400d54                pmc_osc_is_ready_mainck
 .text.pmc_disable_pllack
                0x00400d6c       0x18 src/ASF/sam/drivers/pmc/pmc.o
                0x00400d6c                pmc_disable_pllack
 .text.pmc_is_locked_pllack
                0x00400d84       0x18 src/ASF/sam/drivers/pmc/pmc.o
                0x00400d84                pmc_is_locked_pllack
 .text.pmc_enable_pllbck
                0x00400d9c       0x50 src/ASF/sam/drivers/pmc/pmc.o
                0x00400d9c                pmc_enable_pllbck
 .text.pmc_disable_pllbck
                0x00400dec       0x18 src/ASF/sam/drivers/pmc/pmc.o
                0x00400dec                pmc_disable_pllbck
 .text.pmc_is_locked_pllbck
                0x00400e04       0x18 src/ASF/sam/drivers/pmc/pmc.o
                0x00400e04                pmc_is_locked_pllbck
 .text.pmc_enable_periph_clk
                0x00400e1c       0x80 src/ASF/sam/drivers/pmc/pmc.o
                0x00400e1c                pmc_enable_periph_clk
 .text.tc_init  0x00400e9c       0x38 src/ASF/sam/drivers/tc/tc.o
                0x00400e9c                tc_init
 .text.tc_start
                0x00400ed4       0x20 src/ASF/sam/drivers/tc/tc.o
                0x00400ed4                tc_start
 .text.tc_write_rc
                0x00400ef4       0x24 src/ASF/sam/drivers/tc/tc.o
                0x00400ef4                tc_write_rc
 .text.tc_enable_interrupt
                0x00400f18       0x26 src/ASF/sam/drivers/tc/tc.o
                0x00400f18                tc_enable_interrupt
 .text.tc_get_status
                0x00400f3e       0x22 src/ASF/sam/drivers/tc/tc.o
                0x00400f3e                tc_get_status
 .text.tc_find_mck_divisor
                0x00400f60       0xa4 src/ASF/sam/drivers/tc/tc.o
                0x00400f60                tc_find_mck_divisor
 .text.twi_enable_master_mode
                0x00401004       0x24 src/ASF/sam/drivers/twi/twi.o
                0x00401004                twi_enable_master_mode
 .text.twi_master_init
                0x00401028       0x64 src/ASF/sam/drivers/twi/twi.o
                0x00401028                twi_master_init
 .text.twi_set_speed
                0x0040108c       0xf4 src/ASF/sam/drivers/twi/twi.o
                0x0040108c                twi_set_speed
 .text.twi_mk_addr
                0x00401180       0x5a src/ASF/sam/drivers/twi/twi.o
                0x00401180                twi_mk_addr
 *fill*         0x004011da        0x2 
 .text.twi_master_read
                0x004011dc      0x10c src/ASF/sam/drivers/twi/twi.o
                0x004011dc                twi_master_read
 .text.twi_master_write
                0x004012e8       0xdc src/ASF/sam/drivers/twi/twi.o
                0x004012e8                twi_master_write
 .text.twi_reset
                0x004013c4       0x1c src/ASF/sam/drivers/twi/twi.o
                0x004013c4                twi_reset
 .text.usart_set_async_baudrate
                0x004013e0       0x88 src/ASF/sam/drivers/usart/usart.o
                0x004013e0                usart_set_async_baudrate
 .text.usart_reset
                0x00401468       0x60 src/ASF/sam/drivers/usart/usart.o
                0x00401468                usart_reset
 .text.usart_init_rs232
                0x004014c8       0x84 src/ASF/sam/drivers/usart/usart.o
                0x004014c8                usart_init_rs232
 .text.usart_init_hw_handshaking
                0x0040154c       0x40 src/ASF/sam/drivers/usart/usart.o
                0x0040154c                usart_init_hw_handshaking
 .text.usart_enable_tx
                0x0040158c       0x18 src/ASF/sam/drivers/usart/usart.o
                0x0040158c                usart_enable_tx
 .text.usart_reset_tx
                0x004015a4       0x18 src/ASF/sam/drivers/usart/usart.o
                0x004015a4                usart_reset_tx
 .text.usart_enable_rx
                0x004015bc       0x18 src/ASF/sam/drivers/usart/usart.o
                0x004015bc                usart_enable_rx
 .text.usart_reset_rx
                0x004015d4       0x18 src/ASF/sam/drivers/usart/usart.o
                0x004015d4                usart_reset_rx
 .text.usart_enable_interrupt
                0x004015ec       0x1a src/ASF/sam/drivers/usart/usart.o
                0x004015ec                usart_enable_interrupt
 .text.usart_disable_interrupt
                0x00401606       0x1a src/ASF/sam/drivers/usart/usart.o
                0x00401606                usart_disable_interrupt
 .text.usart_get_status
                0x00401620       0x16 src/ASF/sam/drivers/usart/usart.o
                0x00401620                usart_get_status
 .text.usart_reset_status
                0x00401636       0x1a src/ASF/sam/drivers/usart/usart.o
                0x00401636                usart_reset_status
 .text.usart_drive_DTR_pin_high
                0x00401650       0x1a src/ASF/sam/drivers/usart/usart.o
                0x00401650                usart_drive_DTR_pin_high
 .text.usart_drive_RTS_pin_high
                0x0040166a       0x1a src/ASF/sam/drivers/usart/usart.o
                0x0040166a                usart_drive_RTS_pin_high
 .text.usart_putchar
                0x00401684       0x2e src/ASF/sam/drivers/usart/usart.o
                0x00401684                usart_putchar
 *fill*         0x004016b2        0x2 
 .text.usart_write_line
                0x004016b4       0x30 src/ASF/sam/drivers/usart/usart.o
                0x004016b4                usart_write_line
 .text.usart_read
                0x004016e4       0x32 src/ASF/sam/drivers/usart/usart.o
                0x004016e4                usart_read
 *fill*         0x00401716        0x2 
 .text.usart_disable_writeprotect
                0x00401718       0x20 src/ASF/sam/drivers/usart/usart.o
                0x00401718                usart_disable_writeprotect
 .text.wdt_disable
                0x00401738       0x1a src/ASF/sam/drivers/wdt/wdt.o
                0x00401738                wdt_disable
 *fill*         0x00401752        0x2 
 .text.__NVIC_EnableIRQ
                0x00401754       0x38 src/camera.o
 .text.__NVIC_DisableIRQ
                0x0040178c       0x44 src/camera.o
 .text.__NVIC_ClearPendingIRQ
                0x004017d0       0x3c src/camera.o
 .text.__NVIC_SetPriority
                0x0040180c       0x54 src/camera.o
 .text.osc_get_rate
                0x00401860       0x74 src/camera.o
 .text.sysclk_get_main_hz
                0x004018d4       0x1c src/camera.o
 .text.sysclk_get_cpu_hz
                0x004018f0       0x14 src/camera.o
 .text.vsync_handler
                0x00401904       0x20 src/camera.o
                0x00401904                vsync_handler
 .text.init_vsync_interrupts
                0x00401924       0x44 src/camera.o
                0x00401924                init_vsync_interrupts
 .text.configure_twi
                0x00401968       0x80 src/camera.o
                0x00401968                configure_twi
 .text.pio_capture_init
                0x004019e8       0x7c src/camera.o
                0x004019e8                pio_capture_init
 .text.pio_capture_to_buffer
                0x00401a64       0x66 src/camera.o
 *fill*         0x00401aca        0x2 
 .text.init_camera
                0x00401acc       0xc4 src/camera.o
                0x00401acc                init_camera
 .text.configure_camera
                0x00401b90       0xd4 src/camera.o
                0x00401b90                configure_camera
 .text.start_capture
                0x00401c64       0x94 src/camera.o
                0x00401c64                start_capture
 .text.find_image_len
                0x00401cf8       0xa0 src/camera.o
                0x00401cf8                find_image_len
 .text.osc_get_rate
                0x00401d98       0x74 src/ov2640.o
 .text.sysclk_get_main_hz
                0x00401e0c       0x1c src/ov2640.o
 .text.sysclk_get_cpu_hz
                0x00401e28       0x14 src/ov2640.o
 .text.ov_id    0x00401e3c       0x70 src/ov2640.o
 .text.ov_manufacturer
                0x00401eac       0x78 src/ov2640.o
 .text.ov_test_write
                0x00401f24       0xb0 src/ov2640.o
 .text.ov_read_reg
                0x00401fd4       0x24 src/ov2640.o
                0x00401fd4                ov_read_reg
 .text.ov_write_reg
                0x00401ff8       0x24 src/ov2640.o
                0x00401ff8                ov_write_reg
 .text.ov_write_regs
                0x0040201c       0xd4 src/ov2640.o
                0x0040201c                ov_write_regs
 .text.ov_init  0x004020f0       0x8c src/ov2640.o
                0x004020f0                ov_init
 .text.ov_configure
                0x0040217c      0x13c src/ov2640.o
                0x0040217c                ov_configure
 .text.__NVIC_EnableIRQ
                0x004022b8       0x38 src/timer_interface.o
 .text.osc_get_rate
                0x004022f0       0x74 src/timer_interface.o
 .text.sysclk_get_main_hz
                0x00402364       0x1c src/timer_interface.o
 .text.sysclk_get_cpu_hz
                0x00402380       0x14 src/timer_interface.o
 .text.TC0_Handler
                0x00402394       0x3c src/timer_interface.o
                0x00402394                TC0_Handler
 .text.configure_tc
                0x004023d0       0x8c src/timer_interface.o
                0x004023d0                configure_tc
 .text.__NVIC_EnableIRQ
                0x0040245c       0x38 src/wifi.o
 .text.osc_get_rate
                0x00402494       0x74 src/wifi.o
 .text.sysclk_get_main_hz
                0x00402508       0x1c src/wifi.o
 .text.sysclk_get_cpu_hz
                0x00402524       0x14 src/wifi.o
 .text.sysclk_get_peripheral_hz
                0x00402538       0x14 src/wifi.o
 .text.sysclk_enable_peripheral_clock
                0x0040254c       0x1c src/wifi.o
 .text.USART0_Handler
                0x00402568       0x48 src/wifi.o
                0x00402568                USART0_Handler
 .text.wifi_command_response_handler
                0x004025b0       0x50 src/wifi.o
                0x004025b0                wifi_command_response_handler
 .text.wifi_web_setup_handler
                0x00402600       0x20 src/wifi.o
                0x00402600                wifi_web_setup_handler
 .text.configure_usart_wifi
                0x00402620       0xb0 src/wifi.o
                0x00402620                configure_usart_wifi
 .text.configure_wifi_command_pin
                0x004026d0       0x60 src/wifi.o
                0x004026d0                configure_wifi_command_pin
 .text.configure_wifi_web_setup_pin
                0x00402730       0x60 src/wifi.o
                0x00402730                configure_wifi_web_setup_pin
 .text.write_wifi_command
                0x00402790       0x58 src/wifi.o
                0x00402790                write_wifi_command
 .text.write_image_to_file
                0x004027e8      0x1d8 src/wifi.o
                0x004027e8                write_image_to_file
 .text.process_incoming_byte_wifi
                0x004029c0       0x30 src/wifi.o
                0x004029c0                process_incoming_byte_wifi
 .text.process_data_wifi
                0x004029f0       0x48 src/wifi.o
                0x004029f0                process_data_wifi
 .text.sysclk_enable_peripheral_clock
                0x00402a38       0x1c src/ASF/common/boards/user_board/init.o
 .text.ioport_init
                0x00402a54       0x18 src/ASF/common/boards/user_board/init.o
 .text.ioport_set_pin_dir
                0x00402a6c       0x86 src/ASF/common/boards/user_board/init.o
 .text.ioport_set_pin_level
                0x00402af2       0x6a src/ASF/common/boards/user_board/init.o
 .text.board_init
                0x00402b5c       0x50 src/ASF/common/boards/user_board/init.o
                0x00402b5c                board_init
 .text.Reset_Handler
                0x00402bac       0xc8 src/ASF/sam/utils/cmsis/sam4s/source/templates/gcc/startup_sam4s.o
                0x00402bac                Reset_Handler
 .text.Dummy_Handler
                0x00402c74        0x6 src/ASF/sam/utils/cmsis/sam4s/source/templates/gcc/startup_sam4s.o
                0x00402c74                DACC_Handler
                0x00402c74                DebugMon_Handler
                0x00402c74                HardFault_Handler
                0x00402c74                TC2_Handler
                0x00402c74                SPI_Handler
                0x00402c74                SysTick_Handler
                0x00402c74                TWI1_Handler
                0x00402c74                PendSV_Handler
                0x00402c74                NMI_Handler
                0x00402c74                ADC_Handler
                0x00402c74                CRCCU_Handler
                0x00402c74                RTT_Handler
                0x00402c74                RTC_Handler
                0x00402c74                UsageFault_Handler
                0x00402c74                WDT_Handler
                0x00402c74                TC1_Handler
                0x00402c74                HSMCI_Handler
                0x00402c74                UART1_Handler
                0x00402c74                Dummy_Handler
                0x00402c74                TWI0_Handler
                0x00402c74                USART1_Handler
                0x00402c74                SSC_Handler
                0x00402c74                EFC0_Handler
                0x00402c74                ACC_Handler
                0x00402c74                PMC_Handler
                0x00402c74                PWM_Handler
                0x00402c74                MemManage_Handler
                0x00402c74                SUPC_Handler
                0x00402c74                SVC_Handler
                0x00402c74                UART0_Handler
                0x00402c74                UDP_Handler
                0x00402c74                BusFault_Handler
                0x00402c74                RSTC_Handler
 *fill*         0x00402c7a        0x2 
 .text.SystemCoreClockUpdate
                0x00402c7c      0x198 src/ASF/sam/utils/cmsis/sam4s/source/templates/system_sam4s.o
                0x00402c7c                SystemCoreClockUpdate
 .text.system_init_flash
                0x00402e14       0x94 src/ASF/sam/utils/cmsis/sam4s/source/templates/system_sam4s.o
                0x00402e14                system_init_flash
 .text._sbrk    0x00402ea8       0x58 src/ASF/sam/utils/syscalls/gcc/syscalls.o
                0x00402ea8                _sbrk
 .text.osc_get_rate
                0x00402f00       0x74 src/main.o
 .text.sysclk_get_main_hz
                0x00402f74       0x1c src/main.o
 .text.sysclk_get_cpu_hz
                0x00402f90       0x14 src/main.o
 .text.ioport_set_pin_level
                0x00402fa4       0x6a src/main.o
 .text.ioport_get_pin_level
                0x0040300e       0x4e src/main.o
 .text.main     0x0040305c      0x4d4 src/main.o
                0x0040305c                main
 .text          0x00403530       0x30 c:/program files (x86)/atmel/studio/7.0/toolchain/arm/arm-gnu-toolchain/bin/../lib/gcc/arm-none-eabi/6.2.1/thumb/v7e-m\libgcc.a(_aeabi_uldivmod.o)
                0x00403530                __aeabi_uldivmod
 .text          0x00403560      0x2dc c:/program files (x86)/atmel/studio/7.0/toolchain/arm/arm-gnu-toolchain/bin/../lib/gcc/arm-none-eabi/6.2.1/thumb/v7e-m\libgcc.a(_udivmoddi4.o)
                0x00403560                __udivmoddi4
 .text          0x0040383c        0x4 c:/program files (x86)/atmel/studio/7.0/toolchain/arm/arm-gnu-toolchain/bin/../lib/gcc/arm-none-eabi/6.2.1/thumb/v7e-m\libgcc.a(_dvmd_tls.o)
                0x0040383c                __aeabi_idiv0
                0x0040383c                __aeabi_ldiv0
 .text.__libc_init_array
                0x00403840       0x50 c:/program files (x86)/atmel/studio/7.0/toolchain/arm/arm-gnu-toolchain/bin/../lib/gcc/arm-none-eabi/6.2.1/../../../../arm-none-eabi/lib/thumb/v7e-m\libc.a(lib_a-init.o)
                0x00403840                __libc_init_array
 .text.memset   0x00403890       0x9c c:/program files (x86)/atmel/studio/7.0/toolchain/arm/arm-gnu-toolchain/bin/../lib/gcc/arm-none-eabi/6.2.1/../../../../arm-none-eabi/lib/thumb/v7e-m\libc.a(lib_a-memset.o)
                0x00403890                memset
 .text.sprintf  0x0040392c       0x4c c:/program files (x86)/atmel/studio/7.0/toolchain/arm/arm-gnu-toolchain/bin/../lib/gcc/arm-none-eabi/6.2.1/../../../../arm-none-eabi/lib/thumb/v7e-m\libc.a(lib_a-sprintf.o)
                0x0040392c                sprintf
 .text.critical_factorization
                0x00403978       0xb4 c:/program files (x86)/atmel/studio/7.0/toolchain/arm/arm-gnu-toolchain/bin/../lib/gcc/arm-none-eabi/6.2.1/../../../../arm-none-eabi/lib/thumb/v7e-m\libc.a(lib_a-strstr.o)
 .text.two_way_long_needle
                0x00403a2c      0x1fc c:/program files (x86)/atmel/studio/7.0/toolchain/arm/arm-gnu-toolchain/bin/../lib/gcc/arm-none-eabi/6.2.1/../../../../arm-none-eabi/lib/thumb/v7e-m\libc.a(lib_a-strstr.o)
 .text.strstr   0x00403c28      0x218 c:/program files (x86)/atmel/studio/7.0/toolchain/arm/arm-gnu-toolchain/bin/../lib/gcc/arm-none-eabi/6.2.1/../../../../arm-none-eabi/lib/thumb/v7e-m\libc.a(lib_a-strstr.o)
                0x00403c28                strstr
 .text._svfprintf_r
                0x00403e40     0x144c c:/program files (x86)/atmel/studio/7.0/toolchain/arm/arm-gnu-toolchain/bin/../lib/gcc/arm-none-eabi/6.2.1/../../../../arm-none-eabi/lib/thumb/v7e-m\libc.a(lib_a-svfprintf.o)
                0x00403e40                _svfprintf_r
 .text.startup.register_fini
                0x0040528c       0x14 c:/program files (x86)/atmel/studio/7.0/toolchain/arm/arm-gnu-toolchain/bin/../lib/gcc/arm-none-eabi/6.2.1/../../../../arm-none-eabi/lib/thumb/v7e-m\libc.a(lib_a-__call_atexit.o)
 .text.atexit   0x004052a0        0xc c:/program files (x86)/atmel/studio/7.0/toolchain/arm/arm-gnu-toolchain/bin/../lib/gcc/arm-none-eabi/6.2.1/../../../../arm-none-eabi/lib/thumb/v7e-m\libc.a(lib_a-atexit.o)
                0x004052a0                atexit
 .text.quorem   0x004052ac      0x128 c:/program files (x86)/atmel/studio/7.0/toolchain/arm/arm-gnu-toolchain/bin/../lib/gcc/arm-none-eabi/6.2.1/../../../../arm-none-eabi/lib/thumb/v7e-m\libc.a(lib_a-dtoa.o)
 *fill*         0x004053d4        0x4 
 .text._dtoa_r  0x004053d8      0xe54 c:/program files (x86)/atmel/studio/7.0/toolchain/arm/arm-gnu-toolchain/bin/../lib/gcc/arm-none-eabi/6.2.1/../../../../arm-none-eabi/lib/thumb/v7e-m\libc.a(lib_a-dtoa.o)
                0x004053d8                _dtoa_r
 .text.__libc_fini_array
                0x0040622c       0x34 c:/program files (x86)/atmel/studio/7.0/toolchain/arm/arm-gnu-toolchain/bin/../lib/gcc/arm-none-eabi/6.2.1/../../../../arm-none-eabi/lib/thumb/v7e-m\libc.a(lib_a-fini.o)
                0x0040622c                __libc_fini_array
 .text._localeconv_r
                0x00406260       0x1c c:/program files (x86)/atmel/studio/7.0/toolchain/arm/arm-gnu-toolchain/bin/../lib/gcc/arm-none-eabi/6.2.1/../../../../arm-none-eabi/lib/thumb/v7e-m\libc.a(lib_a-localeconv.o)
                0x00406260                _localeconv_r
 .text._malloc_r
                0x0040627c      0x560 c:/program files (x86)/atmel/studio/7.0/toolchain/arm/arm-gnu-toolchain/bin/../lib/gcc/arm-none-eabi/6.2.1/../../../../arm-none-eabi/lib/thumb/v7e-m\libc.a(lib_a-mallocr.o)
                0x0040627c                _malloc_r
 *fill*         0x004067dc        0x4 
 .text          0x004067e0       0xa0 c:/program files (x86)/atmel/studio/7.0/toolchain/arm/arm-gnu-toolchain/bin/../lib/gcc/arm-none-eabi/6.2.1/../../../../arm-none-eabi/lib/thumb/v7e-m\libc.a(lib_a-memchr.o)
                0x004067e0                memchr
 .text.memcmp   0x00406880       0x60 c:/program files (x86)/atmel/studio/7.0/toolchain/arm/arm-gnu-toolchain/bin/../lib/gcc/arm-none-eabi/6.2.1/../../../../arm-none-eabi/lib/thumb/v7e-m\libc.a(lib_a-memcmp.o)
                0x00406880                memcmp
 .text          0x004068e0      0x134 c:/program files (x86)/atmel/studio/7.0/toolchain/arm/arm-gnu-toolchain/bin/../lib/gcc/arm-none-eabi/6.2.1/../../../../arm-none-eabi/lib/thumb/v7e-m\libc.a(lib_a-memcpy.o)
                0x004068e0                memcpy
 .text.__malloc_lock
                0x00406a14        0x4 c:/program files (x86)/atmel/studio/7.0/toolchain/arm/arm-gnu-toolchain/bin/../lib/gcc/arm-none-eabi/6.2.1/../../../../arm-none-eabi/lib/thumb/v7e-m\libc.a(lib_a-mlock.o)
                0x00406a14                __malloc_lock
 .text.__malloc_unlock
                0x00406a18        0x4 c:/program files (x86)/atmel/studio/7.0/toolchain/arm/arm-gnu-toolchain/bin/../lib/gcc/arm-none-eabi/6.2.1/../../../../arm-none-eabi/lib/thumb/v7e-m\libc.a(lib_a-mlock.o)
                0x00406a18                __malloc_unlock
 .text._Balloc  0x00406a1c       0x4c c:/program files (x86)/atmel/studio/7.0/toolchain/arm/arm-gnu-toolchain/bin/../lib/gcc/arm-none-eabi/6.2.1/../../../../arm-none-eabi/lib/thumb/v7e-m\libc.a(lib_a-mprec.o)
                0x00406a1c                _Balloc
 .text._Bfree   0x00406a68       0x14 c:/program files (x86)/atmel/studio/7.0/toolchain/arm/arm-gnu-toolchain/bin/../lib/gcc/arm-none-eabi/6.2.1/../../../../arm-none-eabi/lib/thumb/v7e-m\libc.a(lib_a-mprec.o)
                0x00406a68                _Bfree
 .text.__multadd
                0x00406a7c       0x80 c:/program files (x86)/atmel/studio/7.0/toolchain/arm/arm-gnu-toolchain/bin/../lib/gcc/arm-none-eabi/6.2.1/../../../../arm-none-eabi/lib/thumb/v7e-m\libc.a(lib_a-mprec.o)
                0x00406a7c                __multadd
 .text.__hi0bits
                0x00406afc       0x40 c:/program files (x86)/atmel/studio/7.0/toolchain/arm/arm-gnu-toolchain/bin/../lib/gcc/arm-none-eabi/6.2.1/../../../../arm-none-eabi/lib/thumb/v7e-m\libc.a(lib_a-mprec.o)
                0x00406afc                __hi0bits
 .text.__lo0bits
                0x00406b3c       0x60 c:/program files (x86)/atmel/studio/7.0/toolchain/arm/arm-gnu-toolchain/bin/../lib/gcc/arm-none-eabi/6.2.1/../../../../arm-none-eabi/lib/thumb/v7e-m\libc.a(lib_a-mprec.o)
                0x00406b3c                __lo0bits
 .text.__i2b    0x00406b9c       0x14 c:/program files (x86)/atmel/studio/7.0/toolchain/arm/arm-gnu-toolchain/bin/../lib/gcc/arm-none-eabi/6.2.1/../../../../arm-none-eabi/lib/thumb/v7e-m\libc.a(lib_a-mprec.o)
                0x00406b9c                __i2b
 .text.__multiply
                0x00406bb0      0x124 c:/program files (x86)/atmel/studio/7.0/toolchain/arm/arm-gnu-toolchain/bin/../lib/gcc/arm-none-eabi/6.2.1/../../../../arm-none-eabi/lib/thumb/v7e-m\libc.a(lib_a-mprec.o)
                0x00406bb0                __multiply
 .text.__pow5mult
                0x00406cd4       0xa0 c:/program files (x86)/atmel/studio/7.0/toolchain/arm/arm-gnu-toolchain/bin/../lib/gcc/arm-none-eabi/6.2.1/../../../../arm-none-eabi/lib/thumb/v7e-m\libc.a(lib_a-mprec.o)
                0x00406cd4                __pow5mult
 .text.__lshift
                0x00406d74       0xa4 c:/program files (x86)/atmel/studio/7.0/toolchain/arm/arm-gnu-toolchain/bin/../lib/gcc/arm-none-eabi/6.2.1/../../../../arm-none-eabi/lib/thumb/v7e-m\libc.a(lib_a-mprec.o)
                0x00406d74                __lshift
 .text.__mcmp   0x00406e18       0x38 c:/program files (x86)/atmel/studio/7.0/toolchain/arm/arm-gnu-toolchain/bin/../lib/gcc/arm-none-eabi/6.2.1/../../../../arm-none-eabi/lib/thumb/v7e-m\libc.a(lib_a-mprec.o)
                0x00406e18                __mcmp
 .text.__mdiff  0x00406e50      0x108 c:/program files (x86)/atmel/studio/7.0/toolchain/arm/arm-gnu-toolchain/bin/../lib/gcc/arm-none-eabi/6.2.1/../../../../arm-none-eabi/lib/thumb/v7e-m\libc.a(lib_a-mprec.o)
                0x00406e50                __mdiff
 .text.__d2b    0x00406f58       0xb8 c:/program files (x86)/atmel/studio/7.0/toolchain/arm/arm-gnu-toolchain/bin/../lib/gcc/arm-none-eabi/6.2.1/../../../../arm-none-eabi/lib/thumb/v7e-m\libc.a(lib_a-mprec.o)
                0x00406f58                __d2b
 .text._sbrk_r  0x00407010       0x24 c:/program files (x86)/atmel/studio/7.0/toolchain/arm/arm-gnu-toolchain/bin/../lib/gcc/arm-none-eabi/6.2.1/../../../../arm-none-eabi/lib/thumb/v7e-m\libc.a(lib_a-sbrkr.o)
                0x00407010                _sbrk_r
 .text.strchr   0x00407034       0xe8 c:/program files (x86)/atmel/studio/7.0/toolchain/arm/arm-gnu-toolchain/bin/../lib/gcc/arm-none-eabi/6.2.1/../../../../arm-none-eabi/lib/thumb/v7e-m\libc.a(lib_a-strchr.o)
                0x00407034                strchr
 *fill*         0x0040711c       0x24 
 .text          0x00407140       0xdc c:/program files (x86)/atmel/studio/7.0/toolchain/arm/arm-gnu-toolchain/bin/../lib/gcc/arm-none-eabi/6.2.1/../../../../arm-none-eabi/lib/thumb/v7e-m\libc.a(lib_a-strlen.o)
                0x00407140                strlen
 .text.__ssprint_r
                0x0040721c       0xfc c:/program files (x86)/atmel/studio/7.0/toolchain/arm/arm-gnu-toolchain/bin/../lib/gcc/arm-none-eabi/6.2.1/../../../../arm-none-eabi/lib/thumb/v7e-m\libc.a(lib_a-svfiprintf.o)
                0x0040721c                __ssprint_r
 .text.__register_exitproc
                0x00407318       0xa4 c:/program files (x86)/atmel/studio/7.0/toolchain/arm/arm-gnu-toolchain/bin/../lib/gcc/arm-none-eabi/6.2.1/../../../../arm-none-eabi/lib/thumb/v7e-m\libc.a(lib_a-__atexit.o)
                0x00407318                __register_exitproc
 .text._calloc_r
                0x004073bc       0x60 c:/program files (x86)/atmel/studio/7.0/toolchain/arm/arm-gnu-toolchain/bin/../lib/gcc/arm-none-eabi/6.2.1/../../../../arm-none-eabi/lib/thumb/v7e-m\libc.a(lib_a-callocr.o)
                0x004073bc                _calloc_r
 .text._malloc_trim_r
                0x0040741c       0xa0 c:/program files (x86)/atmel/studio/7.0/toolchain/arm/arm-gnu-toolchain/bin/../lib/gcc/arm-none-eabi/6.2.1/../../../../arm-none-eabi/lib/thumb/v7e-m\libc.a(lib_a-freer.o)
                0x0040741c                _malloc_trim_r
 .text._free_r  0x004074bc      0x1cc c:/program files (x86)/atmel/studio/7.0/toolchain/arm/arm-gnu-toolchain/bin/../lib/gcc/arm-none-eabi/6.2.1/../../../../arm-none-eabi/lib/thumb/v7e-m\libc.a(lib_a-freer.o)
                0x004074bc                _free_r
 .text.__ascii_mbtowc
                0x00407688       0x2c c:/program files (x86)/atmel/studio/7.0/toolchain/arm/arm-gnu-toolchain/bin/../lib/gcc/arm-none-eabi/6.2.1/../../../../arm-none-eabi/lib/thumb/v7e-m\libc.a(lib_a-mbtowc_r.o)
                0x00407688                __ascii_mbtowc
 .text.memmove  0x004076b4       0xc8 c:/program files (x86)/atmel/studio/7.0/toolchain/arm/arm-gnu-toolchain/bin/../lib/gcc/arm-none-eabi/6.2.1/../../../../arm-none-eabi/lib/thumb/v7e-m\libc.a(lib_a-memmove.o)
                0x004076b4                memmove
 .text._realloc_r
                0x0040777c      0x34c c:/program files (x86)/atmel/studio/7.0/toolchain/arm/arm-gnu-toolchain/bin/../lib/gcc/arm-none-eabi/6.2.1/../../../../arm-none-eabi/lib/thumb/v7e-m\libc.a(lib_a-reallocr.o)
                0x0040777c                _realloc_r
 .text.__ascii_wctomb
                0x00407ac8       0x1c c:/program files (x86)/atmel/studio/7.0/toolchain/arm/arm-gnu-toolchain/bin/../lib/gcc/arm-none-eabi/6.2.1/../../../../arm-none-eabi/lib/thumb/v7e-m\libc.a(lib_a-wctomb_r.o)
                0x00407ac8                __ascii_wctomb
 .text          0x00407ae4      0x370 c:/program files (x86)/atmel/studio/7.0/toolchain/arm/arm-gnu-toolchain/bin/../lib/gcc/arm-none-eabi/6.2.1/thumb/v7e-m\libgcc.a(_arm_addsubdf3.o)
                0x00407ae4                __aeabi_drsub
                0x00407aec                __aeabi_dsub
                0x00407aec                __subdf3
                0x00407af0                __aeabi_dadd
                0x00407af0                __adddf3
                0x00407d68                __floatunsidf
                0x00407d68                __aeabi_ui2d
                0x00407d88                __floatsidf
                0x00407d88                __aeabi_i2d
                0x00407dac                __aeabi_f2d
                0x00407dac                __extendsfdf2
                0x00407de8                __floatundidf
                0x00407de8                __aeabi_ul2d
                0x00407df8                __floatdidf
                0x00407df8                __aeabi_l2d
 .text          0x00407e54      0x424 c:/program files (x86)/atmel/studio/7.0/toolchain/arm/arm-gnu-toolchain/bin/../lib/gcc/arm-none-eabi/6.2.1/thumb/v7e-m\libgcc.a(_arm_muldivdf3.o)
                0x00407e54                __aeabi_dmul
                0x00407e54                __muldf3
                0x004080a8                __divdf3
                0x004080a8                __aeabi_ddiv
 .text          0x00408278      0x110 c:/program files (x86)/atmel/studio/7.0/toolchain/arm/arm-gnu-toolchain/bin/../lib/gcc/arm-none-eabi/6.2.1/thumb/v7e-m\libgcc.a(_arm_cmpdf2.o)
                0x00408278                __gtdf2
                0x00408278                __gedf2
                0x00408280                __ltdf2
                0x00408280                __ledf2
                0x00408288                __nedf2
                0x00408288                __eqdf2
                0x00408288                __cmpdf2
                0x00408304                __aeabi_cdrcmple
                0x00408314                __aeabi_cdcmpeq
                0x00408314                __aeabi_cdcmple
                0x00408324                __aeabi_dcmpeq
                0x00408338                __aeabi_dcmplt
                0x0040834c                __aeabi_dcmple
                0x00408360                __aeabi_dcmpge
                0x00408374                __aeabi_dcmpgt
 .text          0x00408388       0x2c c:/program files (x86)/atmel/studio/7.0/toolchain/arm/arm-gnu-toolchain/bin/../lib/gcc/arm-none-eabi/6.2.1/thumb/v7e-m\libgcc.a(_arm_unorddf2.o)
                0x00408388                __unorddf2
                0x00408388                __aeabi_dcmpun
 .text          0x004083b4       0x50 c:/program files (x86)/atmel/studio/7.0/toolchain/arm/arm-gnu-toolchain/bin/../lib/gcc/arm-none-eabi/6.2.1/thumb/v7e-m\libgcc.a(_arm_fixdfsi.o)
                0x004083b4                __aeabi_d2iz
                0x004083b4                __fixdfsi
 *(.glue_7t)
 .glue_7t       0x00408404        0x0 linker stubs
 *(.glue_7)
 .glue_7        0x00408404        0x0 linker stubs
 *(.rodata .rodata* .gnu.linkonce.r.*)
 .rodata.OV2640_JPEG_INIT
                0x00408404      0x17e src/ov2640_table_registers.o
                0x00408404                OV2640_JPEG_INIT
 *fill*         0x00408582        0x2 
 .rodata.OV2640_YUV422
                0x00408584       0x14 src/ov2640_table_registers.o
                0x00408584                OV2640_YUV422
 .rodata.OV2640_JPEG
                0x00408598       0x12 src/ov2640_table_registers.o
                0x00408598                OV2640_JPEG
 *fill*         0x004085aa        0x2 
 .rodata.OV2640_JPEG_320x240
                0x004085ac       0x50 src/ov2640_table_registers.o
                0x004085ac                OV2640_JPEG_320x240
 .rodata.OV2640_JPEG_640x480
                0x004085fc       0x52 src/ov2640_table_registers.o
                0x004085fc                OV2640_JPEG_640x480
 *fill*         0x0040864e        0x2 
 .rodata.OV2640_JPEG_800x600
                0x00408650       0x52 src/ov2640_table_registers.o
                0x00408650                OV2640_JPEG_800x600
 *fill*         0x004086a2        0x2 
 .rodata.OV2640_JPEG_1024x768
                0x004086a4       0x4e src/ov2640_table_registers.o
                0x004086a4                OV2640_JPEG_1024x768
 *fill*         0x004086f2        0x2 
 .rodata.OV2640_JPEG_1280x1024
                0x004086f4       0x52 src/ov2640_table_registers.o
                0x004086f4                OV2640_JPEG_1280x1024
 *fill*         0x00408746        0x2 
 .rodata.OV2640_JPEG_1600x1200
                0x00408748       0x52 src/ov2640_table_registers.o
                0x00408748                OV2640_JPEG_1600x1200
 *fill*         0x0040879a        0x2 
 .rodata.OV2640_QVGA_YUV422_10FPS
                0x0040879c       0xf0 src/ov2640_table_registers.o
                0x0040879c                OV2640_QVGA_YUV422_10FPS
 .rodata.OV2640_QVGA_YUV422_15FPS
                0x0040888c       0xf0 src/ov2640_table_registers.o
                0x0040888c                OV2640_QVGA_YUV422_15FPS
 .rodata.OV2640_QVGA_YUV422_20FPS
                0x0040897c       0xf0 src/ov2640_table_registers.o
                0x0040897c                OV2640_QVGA_YUV422_20FPS
 .rodata.OV2640_QVGA_YUV422_30FPS
                0x00408a6c       0xf0 src/ov2640_table_registers.o
                0x00408a6c                OV2640_QVGA_YUV422_30FPS
 .rodata.OV2640_QVGA_RGB888
                0x00408b5c       0xf4 src/ov2640_table_registers.o
                0x00408b5c                OV2640_QVGA_RGB888
 .rodata.OV2640_QQVGA_YUV422
                0x00408c50       0xf4 src/ov2640_table_registers.o
                0x00408c50                OV2640_QQVGA_YUV422
 .rodata.OV2640_QQVGA_RGB888
                0x00408d44       0xf4 src/ov2640_table_registers.o
                0x00408d44                OV2640_QQVGA_RGB888
 .rodata.OV2640_TEST_PATTERN
                0x00408e38       0xf4 src/ov2640_table_registers.o
                0x00408e38                OV2640_TEST_PATTERN
 .rodata.OV2640_VGA_YUV422_20FPS
                0x00408f2c       0xf0 src/ov2640_table_registers.o
                0x00408f2c                OV2640_VGA_YUV422_20FPS
 .rodata        0x0040901c       0x53 src/wifi.o
 *fill*         0x0040906f        0x1 
 .rodata        0x00409070       0xf7 src/main.o
 *fill*         0x00409167        0x1 
 .rodata._global_impure_ptr
                0x00409168        0x4 c:/program files (x86)/atmel/studio/7.0/toolchain/arm/arm-gnu-toolchain/bin/../lib/gcc/arm-none-eabi/6.2.1/../../../../arm-none-eabi/lib/thumb/v7e-m\libc.a(lib_a-impure.o)
                0x00409168                _global_impure_ptr
 .rodata._svfprintf_r.str1.4
                0x0040916c       0x42 c:/program files (x86)/atmel/studio/7.0/toolchain/arm/arm-gnu-toolchain/bin/../lib/gcc/arm-none-eabi/6.2.1/../../../../arm-none-eabi/lib/thumb/v7e-m\libc.a(lib_a-svfprintf.o)
 *fill*         0x004091ae        0x2 
 .rodata.blanks.7208
                0x004091b0       0x10 c:/program files (x86)/atmel/studio/7.0/toolchain/arm/arm-gnu-toolchain/bin/../lib/gcc/arm-none-eabi/6.2.1/../../../../arm-none-eabi/lib/thumb/v7e-m\libc.a(lib_a-svfprintf.o)
 .rodata.zeroes.7209
                0x004091c0       0x10 c:/program files (x86)/atmel/studio/7.0/toolchain/arm/arm-gnu-toolchain/bin/../lib/gcc/arm-none-eabi/6.2.1/../../../../arm-none-eabi/lib/thumb/v7e-m\libc.a(lib_a-svfprintf.o)
 .rodata._dtoa_r.str1.4
                0x004091d0       0x10 c:/program files (x86)/atmel/studio/7.0/toolchain/arm/arm-gnu-toolchain/bin/../lib/gcc/arm-none-eabi/6.2.1/../../../../arm-none-eabi/lib/thumb/v7e-m\libc.a(lib_a-dtoa.o)
                                 0x12 (size before relaxing)
 .rodata.__mprec_bigtens
                0x004091e0       0x28 c:/program files (x86)/atmel/studio/7.0/toolchain/arm/arm-gnu-toolchain/bin/../lib/gcc/arm-none-eabi/6.2.1/../../../../arm-none-eabi/lib/thumb/v7e-m\libc.a(lib_a-mprec.o)
                0x004091e0                __mprec_bigtens
 .rodata.__mprec_tens
                0x00409208       0xc8 c:/program files (x86)/atmel/studio/7.0/toolchain/arm/arm-gnu-toolchain/bin/../lib/gcc/arm-none-eabi/6.2.1/../../../../arm-none-eabi/lib/thumb/v7e-m\libc.a(lib_a-mprec.o)
                0x00409208                __mprec_tens
 .rodata.p05.6040
                0x004092d0        0xc c:/program files (x86)/atmel/studio/7.0/toolchain/arm/arm-gnu-toolchain/bin/../lib/gcc/arm-none-eabi/6.2.1/../../../../arm-none-eabi/lib/thumb/v7e-m\libc.a(lib_a-mprec.o)
 .rodata._setlocale_r.str1.4
                0x004092dc        0xa c:/program files (x86)/atmel/studio/7.0/toolchain/arm/arm-gnu-toolchain/bin/../lib/gcc/arm-none-eabi/6.2.1/../../../../arm-none-eabi/lib/thumb/v7e-m\libc.a(lib_a-locale.o)
                                  0xd (size before relaxing)
 *fill*         0x004092e6        0x2 
 .rodata.str1.4
                0x004092e8        0x4 c:/program files (x86)/atmel/studio/7.0/toolchain/arm/arm-gnu-toolchain/bin/../lib/gcc/arm-none-eabi/6.2.1/../../../../arm-none-eabi/lib/thumb/v7e-m\libc.a(lib_a-locale.o)
                                  0x2 (size before relaxing)
 .rodata._ctype_
                0x004092ec      0x101 c:/program files (x86)/atmel/studio/7.0/toolchain/arm/arm-gnu-toolchain/bin/../lib/gcc/arm-none-eabi/6.2.1/../../../../arm-none-eabi/lib/thumb/v7e-m\libc.a(lib_a-ctype_.o)
                0x004092ec                _ctype_
 *(.ARM.extab* .gnu.linkonce.armextab.*)
                0x004093f0                . = ALIGN (0x4)
 *fill*         0x004093ed        0x3 
 *(.init)
 .init          0x004093f0        0x4 c:/program files (x86)/atmel/studio/7.0/toolchain/arm/arm-gnu-toolchain/bin/../lib/gcc/arm-none-eabi/6.2.1/thumb/v7e-m/crti.o
                0x004093f0                _init
 .init          0x004093f4        0x8 c:/program files (x86)/atmel/studio/7.0/toolchain/arm/arm-gnu-toolchain/bin/../lib/gcc/arm-none-eabi/6.2.1/thumb/v7e-m/crtn.o
                0x004093fc                . = ALIGN (0x4)
                0x004093fc                __preinit_array_start = .
 *(.preinit_array)
                0x004093fc                __preinit_array_end = .
                0x004093fc                . = ALIGN (0x4)
                0x004093fc                __init_array_start = .
 *(SORT(.init_array.*))
 .init_array.00000
                0x004093fc        0x4 c:/program files (x86)/atmel/studio/7.0/toolchain/arm/arm-gnu-toolchain/bin/../lib/gcc/arm-none-eabi/6.2.1/../../../../arm-none-eabi/lib/thumb/v7e-m\libc.a(lib_a-__call_atexit.o)
 *(.init_array)
 .init_array    0x00409400        0x4 c:/program files (x86)/atmel/studio/7.0/toolchain/arm/arm-gnu-toolchain/bin/../lib/gcc/arm-none-eabi/6.2.1/thumb/v7e-m/crtbegin.o
                0x00409404                __init_array_end = .
                0x00409404                . = ALIGN (0x4)
 *crtbegin.o(.ctors)
 *(EXCLUDE_FILE(*crtend.o) .ctors)
 *(SORT(.ctors.*))
 *crtend.o(.ctors)
                0x00409404                . = ALIGN (0x4)
 *(.fini)
 .fini          0x00409404        0x4 c:/program files (x86)/atmel/studio/7.0/toolchain/arm/arm-gnu-toolchain/bin/../lib/gcc/arm-none-eabi/6.2.1/thumb/v7e-m/crti.o
                0x00409404                _fini
 .fini          0x00409408        0x8 c:/program files (x86)/atmel/studio/7.0/toolchain/arm/arm-gnu-toolchain/bin/../lib/gcc/arm-none-eabi/6.2.1/thumb/v7e-m/crtn.o
                0x00409410                . = ALIGN (0x4)
                0x00409410                __fini_array_start = .
 *(.fini_array)
 .fini_array    0x00409410        0x4 c:/program files (x86)/atmel/studio/7.0/toolchain/arm/arm-gnu-toolchain/bin/../lib/gcc/arm-none-eabi/6.2.1/thumb/v7e-m/crtbegin.o
 *(SORT(.fini_array.*))
                0x00409414                __fini_array_end = .
 *crtbegin.o(.dtors)
 *(EXCLUDE_FILE(*crtend.o) .dtors)
 *(SORT(.dtors.*))
 *crtend.o(.dtors)
                0x00409414                . = ALIGN (0x4)
                0x00409414                _efixed = .
                [!provide]                PROVIDE (__exidx_start, .)

.vfp11_veneer   0x00409414        0x0
 .vfp11_veneer  0x00409414        0x0 linker stubs

.v4_bx          0x00409414        0x0
 .v4_bx         0x00409414        0x0 linker stubs

.iplt           0x00409414        0x0
 .iplt          0x00409414        0x0 c:/program files (x86)/atmel/studio/7.0/toolchain/arm/arm-gnu-toolchain/bin/../lib/gcc/arm-none-eabi/6.2.1/thumb/v7e-m/crtbegin.o

.ARM.exidx      0x00409414        0x8
 *(.ARM.exidx* .gnu.linkonce.armexidx.*)
 .ARM.exidx     0x00409414        0x8 c:/program files (x86)/atmel/studio/7.0/toolchain/arm/arm-gnu-toolchain/bin/../lib/gcc/arm-none-eabi/6.2.1/thumb/v7e-m\libgcc.a(_udivmoddi4.o)
                [!provide]                PROVIDE (__exidx_end, .)

.eh_frame       0x0040941c        0x0
 .eh_frame      0x0040941c        0x0 c:/program files (x86)/atmel/studio/7.0/toolchain/arm/arm-gnu-toolchain/bin/../lib/gcc/arm-none-eabi/6.2.1/thumb/v7e-m/crtbegin.o

.rel.dyn        0x0040941c        0x0
 .rel.iplt      0x0040941c        0x0 c:/program files (x86)/atmel/studio/7.0/toolchain/arm/arm-gnu-toolchain/bin/../lib/gcc/arm-none-eabi/6.2.1/thumb/v7e-m/crtbegin.o

.jcr            0x0040941c        0x0
 .jcr           0x0040941c        0x0 c:/program files (x86)/atmel/studio/7.0/toolchain/arm/arm-gnu-toolchain/bin/../lib/gcc/arm-none-eabi/6.2.1/thumb/v7e-m/crtbegin.o

.igot.plt       0x0040941c        0x0
 .igot.plt      0x0040941c        0x0 c:/program files (x86)/atmel/studio/7.0/toolchain/arm/arm-gnu-toolchain/bin/../lib/gcc/arm-none-eabi/6.2.1/thumb/v7e-m/crtbegin.o
                0x0040941c                . = ALIGN (0x4)
                0x0040941c                _etext = .

.relocate       0x20000000      0x9bc load address 0x0040941c
                0x20000000                . = ALIGN (0x4)
                0x20000000                _srelocate = .
 *(.ramfunc .ramfunc.*)
 .ramfunc       0x20000000        0xa src/ASF/common/services/delay/sam/cycle_counter.o
                0x20000000                portable_delay_cycles
 *(.data .data.*)
 *fill*         0x2000000a        0x2 
 .data.SystemCoreClock
                0x2000000c        0x4 src/ASF/sam/utils/cmsis/sam4s/source/templates/system_sam4s.o
                0x2000000c                SystemCoreClock
 .data._impure_ptr
                0x20000010        0x4 c:/program files (x86)/atmel/studio/7.0/toolchain/arm/arm-gnu-toolchain/bin/../lib/gcc/arm-none-eabi/6.2.1/../../../../arm-none-eabi/lib/thumb/v7e-m\libc.a(lib_a-impure.o)
                0x20000010                _impure_ptr
 *fill*         0x20000014        0x4 
 .data.impure_data
                0x20000018      0x428 c:/program files (x86)/atmel/studio/7.0/toolchain/arm/arm-gnu-toolchain/bin/../lib/gcc/arm-none-eabi/6.2.1/../../../../arm-none-eabi/lib/thumb/v7e-m\libc.a(lib_a-impure.o)
 .data.__malloc_av_
                0x20000440      0x408 c:/program files (x86)/atmel/studio/7.0/toolchain/arm/arm-gnu-toolchain/bin/../lib/gcc/arm-none-eabi/6.2.1/../../../../arm-none-eabi/lib/thumb/v7e-m\libc.a(lib_a-mallocr.o)
                0x20000440                __malloc_av_
 .data.__malloc_sbrk_base
                0x20000848        0x4 c:/program files (x86)/atmel/studio/7.0/toolchain/arm/arm-gnu-toolchain/bin/../lib/gcc/arm-none-eabi/6.2.1/../../../../arm-none-eabi/lib/thumb/v7e-m\libc.a(lib_a-mallocr.o)
                0x20000848                __malloc_sbrk_base
 .data.__malloc_trim_threshold
                0x2000084c        0x4 c:/program files (x86)/atmel/studio/7.0/toolchain/arm/arm-gnu-toolchain/bin/../lib/gcc/arm-none-eabi/6.2.1/../../../../arm-none-eabi/lib/thumb/v7e-m\libc.a(lib_a-mallocr.o)
                0x2000084c                __malloc_trim_threshold
 .data.__global_locale
                0x20000850      0x16c c:/program files (x86)/atmel/studio/7.0/toolchain/arm/arm-gnu-toolchain/bin/../lib/gcc/arm-none-eabi/6.2.1/../../../../arm-none-eabi/lib/thumb/v7e-m\libc.a(lib_a-locale.o)
                0x20000850                __global_locale
                0x200009bc                . = ALIGN (0x4)
                0x200009bc                _erelocate = .

.bss            0x200009bc     0xc844 load address 0x00409dd8
                0x200009bc                . = ALIGN (0x4)
                0x200009bc                _sbss = .
                0x200009bc                _szero = .
 *(.bss .bss.*)
 .bss           0x200009bc       0x1c c:/program files (x86)/atmel/studio/7.0/toolchain/arm/arm-gnu-toolchain/bin/../lib/gcc/arm-none-eabi/6.2.1/thumb/v7e-m/crtbegin.o
 .bss.gs_interrupt_sources
                0x200009d8       0x70 src/ASF/sam/drivers/pio/pio_handler.o
 .bss.gs_ul_nb_sources
                0x20000a48        0x4 src/ASF/sam/drivers/pio/pio_handler.o
 .bss.pio_capture_handler
                0x20000a4c        0x4 src/ASF/sam/drivers/pio/pio_handler.o
 .bss.ul_reg_val.7499
                0x20000a50        0x4 src/ASF/sam/drivers/usart/usart.o
 .bss.g_ul_vsync_flag
                0x20000a54        0x4 src/camera.o
 .bss.received_byte_wifi
                0x20000a58        0x4 src/wifi.o
                0x20000a58                received_byte_wifi
 .bss.input_pos_wifi
                0x20000a5c        0x4 src/wifi.o
                0x20000a5c                input_pos_wifi
 .bss.wifi_setup_button_flag
                0x20000a60        0x4 src/wifi.o
                0x20000a60                wifi_setup_button_flag
 .bss.wifi_comm_success
                0x20000a64        0x4 src/wifi.o
                0x20000a64                wifi_comm_success
 .bss.image_length
                0x20000a68        0x4 src/wifi.o
                0x20000a68                image_length
 .bss.start_image_transfer
                0x20000a6c        0x4 src/wifi.o
                0x20000a6c                start_image_transfer
 .bss.wait_flag
                0x20000a70        0x4 src/wifi.o
                0x20000a70                wait_flag
 .bss.counts    0x20000a74        0x4 src/wifi.o
                0x20000a74                counts
 .bss.ul_sysclk.8699
                0x20000a78        0x4 src/wifi.o
 .bss.heap.5277
                0x20000a7c        0x4 src/ASF/sam/utils/syscalls/gcc/syscalls.o
 .bss.__malloc_current_mallinfo
                0x20000a80       0x28 c:/program files (x86)/atmel/studio/7.0/toolchain/arm/arm-gnu-toolchain/bin/../lib/gcc/arm-none-eabi/6.2.1/../../../../arm-none-eabi/lib/thumb/v7e-m\libc.a(lib_a-mallocr.o)
                0x20000a80                __malloc_current_mallinfo
 .bss.__malloc_max_sbrked_mem
                0x20000aa8        0x4 c:/program files (x86)/atmel/studio/7.0/toolchain/arm/arm-gnu-toolchain/bin/../lib/gcc/arm-none-eabi/6.2.1/../../../../arm-none-eabi/lib/thumb/v7e-m\libc.a(lib_a-mallocr.o)
                0x20000aa8                __malloc_max_sbrked_mem
 .bss.__malloc_max_total_mem
                0x20000aac        0x4 c:/program files (x86)/atmel/studio/7.0/toolchain/arm/arm-gnu-toolchain/bin/../lib/gcc/arm-none-eabi/6.2.1/../../../../arm-none-eabi/lib/thumb/v7e-m\libc.a(lib_a-mallocr.o)
                0x20000aac                __malloc_max_total_mem
 .bss.__malloc_top_pad
                0x20000ab0        0x4 c:/program files (x86)/atmel/studio/7.0/toolchain/arm/arm-gnu-toolchain/bin/../lib/gcc/arm-none-eabi/6.2.1/../../../../arm-none-eabi/lib/thumb/v7e-m\libc.a(lib_a-mallocr.o)
                0x20000ab0                __malloc_top_pad
 *(COMMON)
 COMMON         0x20000ab4        0x4 src/ASF/sam/drivers/pio/pio.o
                0x20000ab4                pio_capture_enable_flag
 COMMON         0x20000ab8     0xc35c src/camera.o
                0x20000ab8                start_of_image
                0x20000abc                vsync_flag
                0x20000ac0                end_of_image
                0x20000ac4                image_buffer
 COMMON         0x2000ce14      0x3e8 src/wifi.o
                0x2000ce14                input_line_wifi
 COMMON         0x2000d1fc        0x4 c:/program files (x86)/atmel/studio/7.0/toolchain/arm/arm-gnu-toolchain/bin/../lib/gcc/arm-none-eabi/6.2.1/../../../../arm-none-eabi/lib/thumb/v7e-m\libc.a(lib_a-reent.o)
                0x2000d1fc                errno
                0x2000d200                . = ALIGN (0x4)
                0x2000d200                _ebss = .
                0x2000d200                _ezero = .

.stack          0x2000d200     0x3000 load address 0x0041661c
                0x2000d200                . = ALIGN (0x8)
                0x2000d200                _sstack = .
                0x20010200                . = (. + __stack_size__)
 *fill*         0x2000d200     0x3000 
                0x20010200                . = ALIGN (0x8)
                0x20010200                _estack = .
                0x20010200                . = ALIGN (0x4)
                0x20010200                _end = .
OUTPUT(webcam_firmware2.elf elf32-littlearm)

.ARM.attributes
                0x00000000       0x2a
 .ARM.attributes
                0x00000000       0x1e c:/program files (x86)/atmel/studio/7.0/toolchain/arm/arm-gnu-toolchain/bin/../lib/gcc/arm-none-eabi/6.2.1/thumb/v7e-m/crti.o
 .ARM.attributes
                0x0000001e       0x2e c:/program files (x86)/atmel/studio/7.0/toolchain/arm/arm-gnu-toolchain/bin/../lib/gcc/arm-none-eabi/6.2.1/thumb/v7e-m/crtbegin.o
 .ARM.attributes
                0x0000004c       0x33 src/ASF/common/services/clock/sam4s/sysclk.o
 .ARM.attributes
                0x0000007f       0x33 src/ASF/common/services/delay/sam/cycle_counter.o
 .ARM.attributes
                0x000000b2       0x33 src/ASF/sam/drivers/pio/pio.o
 .ARM.attributes
                0x000000e5       0x33 src/ASF/sam/drivers/pio/pio_handler.o
 .ARM.attributes
                0x00000118       0x33 src/ASF/sam/drivers/pmc/pmc.o
 .ARM.attributes
                0x0000014b       0x33 src/ASF/sam/drivers/tc/tc.o
 .ARM.attributes
                0x0000017e       0x33 src/ASF/sam/drivers/twi/twi.o
 .ARM.attributes
                0x000001b1       0x33 src/ASF/sam/drivers/usart/usart.o
 .ARM.attributes
                0x000001e4       0x33 src/ASF/sam/drivers/wdt/wdt.o
 .ARM.attributes
                0x00000217       0x33 src/camera.o
 .ARM.attributes
                0x0000024a       0x33 src/ov2640.o
 .ARM.attributes
                0x0000027d       0x33 src/ov2640_table_registers.o
 .ARM.attributes
                0x000002b0       0x33 src/timer_interface.o
 .ARM.attributes
                0x000002e3       0x33 src/wifi.o
 .ARM.attributes
                0x00000316       0x33 src/ASF/common/boards/user_board/init.o
 .ARM.attributes
                0x00000349       0x33 src/ASF/sam/utils/cmsis/sam4s/source/templates/gcc/startup_sam4s.o
 .ARM.attributes
                0x0000037c       0x33 src/ASF/sam/utils/cmsis/sam4s/source/templates/system_sam4s.o
 .ARM.attributes
                0x000003af       0x33 src/ASF/sam/utils/syscalls/gcc/syscalls.o
 .ARM.attributes
                0x000003e2       0x33 src/main.o
 .ARM.attributes
                0x00000415       0x1e c:/program files (x86)/atmel/studio/7.0/toolchain/arm/arm-gnu-toolchain/bin/../lib/gcc/arm-none-eabi/6.2.1/thumb/v7e-m\libgcc.a(_aeabi_uldivmod.o)
 .ARM.attributes
                0x00000433       0x2e c:/program files (x86)/atmel/studio/7.0/toolchain/arm/arm-gnu-toolchain/bin/../lib/gcc/arm-none-eabi/6.2.1/thumb/v7e-m\libgcc.a(_udivmoddi4.o)
 .ARM.attributes
                0x00000461       0x1e c:/program files (x86)/atmel/studio/7.0/toolchain/arm/arm-gnu-toolchain/bin/../lib/gcc/arm-none-eabi/6.2.1/thumb/v7e-m\libgcc.a(_dvmd_tls.o)
 .ARM.attributes
                0x0000047f       0x2e c:/program files (x86)/atmel/studio/7.0/toolchain/arm/arm-gnu-toolchain/bin/../lib/gcc/arm-none-eabi/6.2.1/../../../../arm-none-eabi/lib/thumb/v7e-m\libc.a(lib_a-impure.o)
 .ARM.attributes
                0x000004ad       0x2e c:/program files (x86)/atmel/studio/7.0/toolchain/arm/arm-gnu-toolchain/bin/../lib/gcc/arm-none-eabi/6.2.1/../../../../arm-none-eabi/lib/thumb/v7e-m\libc.a(lib_a-init.o)
 .ARM.attributes
                0x000004db       0x2e c:/program files (x86)/atmel/studio/7.0/toolchain/arm/arm-gnu-toolchain/bin/../lib/gcc/arm-none-eabi/6.2.1/../../../../arm-none-eabi/lib/thumb/v7e-m\libc.a(lib_a-memset.o)
 .ARM.attributes
                0x00000509       0x2e c:/program files (x86)/atmel/studio/7.0/toolchain/arm/arm-gnu-toolchain/bin/../lib/gcc/arm-none-eabi/6.2.1/../../../../arm-none-eabi/lib/thumb/v7e-m\libc.a(lib_a-sprintf.o)
 .ARM.attributes
                0x00000537       0x2e c:/program files (x86)/atmel/studio/7.0/toolchain/arm/arm-gnu-toolchain/bin/../lib/gcc/arm-none-eabi/6.2.1/../../../../arm-none-eabi/lib/thumb/v7e-m\libc.a(lib_a-strstr.o)
 .ARM.attributes
                0x00000565       0x2e c:/program files (x86)/atmel/studio/7.0/toolchain/arm/arm-gnu-toolchain/bin/../lib/gcc/arm-none-eabi/6.2.1/../../../../arm-none-eabi/lib/thumb/v7e-m\libc.a(lib_a-svfprintf.o)
 .ARM.attributes
                0x00000593       0x2e c:/program files (x86)/atmel/studio/7.0/toolchain/arm/arm-gnu-toolchain/bin/../lib/gcc/arm-none-eabi/6.2.1/../../../../arm-none-eabi/lib/thumb/v7e-m\libc.a(lib_a-__call_atexit.o)
 .ARM.attributes
                0x000005c1       0x2e c:/program files (x86)/atmel/studio/7.0/toolchain/arm/arm-gnu-toolchain/bin/../lib/gcc/arm-none-eabi/6.2.1/../../../../arm-none-eabi/lib/thumb/v7e-m\libc.a(lib_a-atexit.o)
 .ARM.attributes
                0x000005ef       0x2e c:/program files (x86)/atmel/studio/7.0/toolchain/arm/arm-gnu-toolchain/bin/../lib/gcc/arm-none-eabi/6.2.1/../../../../arm-none-eabi/lib/thumb/v7e-m\libc.a(lib_a-dtoa.o)
 .ARM.attributes
                0x0000061d       0x2e c:/program files (x86)/atmel/studio/7.0/toolchain/arm/arm-gnu-toolchain/bin/../lib/gcc/arm-none-eabi/6.2.1/../../../../arm-none-eabi/lib/thumb/v7e-m\libc.a(lib_a-fini.o)
 .ARM.attributes
                0x0000064b       0x2e c:/program files (x86)/atmel/studio/7.0/toolchain/arm/arm-gnu-toolchain/bin/../lib/gcc/arm-none-eabi/6.2.1/../../../../arm-none-eabi/lib/thumb/v7e-m\libc.a(lib_a-localeconv.o)
 .ARM.attributes
                0x00000679       0x2e c:/program files (x86)/atmel/studio/7.0/toolchain/arm/arm-gnu-toolchain/bin/../lib/gcc/arm-none-eabi/6.2.1/../../../../arm-none-eabi/lib/thumb/v7e-m\libc.a(lib_a-mallocr.o)
 .ARM.attributes
                0x000006a7       0x1c c:/program files (x86)/atmel/studio/7.0/toolchain/arm/arm-gnu-toolchain/bin/../lib/gcc/arm-none-eabi/6.2.1/../../../../arm-none-eabi/lib/thumb/v7e-m\libc.a(lib_a-memchr.o)
 .ARM.attributes
                0x000006c3       0x2e c:/program files (x86)/atmel/studio/7.0/toolchain/arm/arm-gnu-toolchain/bin/../lib/gcc/arm-none-eabi/6.2.1/../../../../arm-none-eabi/lib/thumb/v7e-m\libc.a(lib_a-memcmp.o)
 .ARM.attributes
                0x000006f1       0x1c c:/program files (x86)/atmel/studio/7.0/toolchain/arm/arm-gnu-toolchain/bin/../lib/gcc/arm-none-eabi/6.2.1/../../../../arm-none-eabi/lib/thumb/v7e-m\libc.a(lib_a-memcpy.o)
 .ARM.attributes
                0x0000070d       0x2e c:/program files (x86)/atmel/studio/7.0/toolchain/arm/arm-gnu-toolchain/bin/../lib/gcc/arm-none-eabi/6.2.1/../../../../arm-none-eabi/lib/thumb/v7e-m\libc.a(lib_a-mlock.o)
 .ARM.attributes
                0x0000073b       0x2e c:/program files (x86)/atmel/studio/7.0/toolchain/arm/arm-gnu-toolchain/bin/../lib/gcc/arm-none-eabi/6.2.1/../../../../arm-none-eabi/lib/thumb/v7e-m\libc.a(lib_a-mprec.o)
 .ARM.attributes
                0x00000769       0x2e c:/program files (x86)/atmel/studio/7.0/toolchain/arm/arm-gnu-toolchain/bin/../lib/gcc/arm-none-eabi/6.2.1/../../../../arm-none-eabi/lib/thumb/v7e-m\libc.a(lib_a-sbrkr.o)
 .ARM.attributes
                0x00000797       0x2e c:/program files (x86)/atmel/studio/7.0/toolchain/arm/arm-gnu-toolchain/bin/../lib/gcc/arm-none-eabi/6.2.1/../../../../arm-none-eabi/lib/thumb/v7e-m\libc.a(lib_a-strchr.o)
 .ARM.attributes
                0x000007c5       0x1c c:/program files (x86)/atmel/studio/7.0/toolchain/arm/arm-gnu-toolchain/bin/../lib/gcc/arm-none-eabi/6.2.1/../../../../arm-none-eabi/lib/thumb/v7e-m\libc.a(lib_a-strlen.o)
 .ARM.attributes
                0x000007e1       0x2e c:/program files (x86)/atmel/studio/7.0/toolchain/arm/arm-gnu-toolchain/bin/../lib/gcc/arm-none-eabi/6.2.1/../../../../arm-none-eabi/lib/thumb/v7e-m\libc.a(lib_a-svfiprintf.o)
 .ARM.attributes
                0x0000080f       0x2e c:/program files (x86)/atmel/studio/7.0/toolchain/arm/arm-gnu-toolchain/bin/../lib/gcc/arm-none-eabi/6.2.1/../../../../arm-none-eabi/lib/thumb/v7e-m\libc.a(lib_a-__atexit.o)
 .ARM.attributes
                0x0000083d       0x2e c:/program files (x86)/atmel/studio/7.0/toolchain/arm/arm-gnu-toolchain/bin/../lib/gcc/arm-none-eabi/6.2.1/../../../../arm-none-eabi/lib/thumb/v7e-m\libc.a(lib_a-callocr.o)
 .ARM.attributes
                0x0000086b       0x2e c:/program files (x86)/atmel/studio/7.0/toolchain/arm/arm-gnu-toolchain/bin/../lib/gcc/arm-none-eabi/6.2.1/../../../../arm-none-eabi/lib/thumb/v7e-m\libc.a(lib_a-freer.o)
 .ARM.attributes
                0x00000899       0x2e c:/program files (x86)/atmel/studio/7.0/toolchain/arm/arm-gnu-toolchain/bin/../lib/gcc/arm-none-eabi/6.2.1/../../../../arm-none-eabi/lib/thumb/v7e-m\libc.a(lib_a-locale.o)
 .ARM.attributes
                0x000008c7       0x2e c:/program files (x86)/atmel/studio/7.0/toolchain/arm/arm-gnu-toolchain/bin/../lib/gcc/arm-none-eabi/6.2.1/../../../../arm-none-eabi/lib/thumb/v7e-m\libc.a(lib_a-mbtowc_r.o)
 .ARM.attributes
                0x000008f5       0x2e c:/program files (x86)/atmel/studio/7.0/toolchain/arm/arm-gnu-toolchain/bin/../lib/gcc/arm-none-eabi/6.2.1/../../../../arm-none-eabi/lib/thumb/v7e-m\libc.a(lib_a-memmove.o)
 .ARM.attributes
                0x00000923       0x2e c:/program files (x86)/atmel/studio/7.0/toolchain/arm/arm-gnu-toolchain/bin/../lib/gcc/arm-none-eabi/6.2.1/../../../../arm-none-eabi/lib/thumb/v7e-m\libc.a(lib_a-reallocr.o)
 .ARM.attributes
                0x00000951       0x2e c:/program files (x86)/atmel/studio/7.0/toolchain/arm/arm-gnu-toolchain/bin/../lib/gcc/arm-none-eabi/6.2.1/../../../../arm-none-eabi/lib/thumb/v7e-m\libc.a(lib_a-reent.o)
 .ARM.attributes
                0x0000097f       0x2e c:/program files (x86)/atmel/studio/7.0/toolchain/arm/arm-gnu-toolchain/bin/../lib/gcc/arm-none-eabi/6.2.1/../../../../arm-none-eabi/lib/thumb/v7e-m\libc.a(lib_a-wctomb_r.o)
 .ARM.attributes
                0x000009ad       0x2e c:/program files (x86)/atmel/studio/7.0/toolchain/arm/arm-gnu-toolchain/bin/../lib/gcc/arm-none-eabi/6.2.1/../../../../arm-none-eabi/lib/thumb/v7e-m\libc.a(lib_a-ctype_.o)
 .ARM.attributes
                0x000009db       0x1e c:/program files (x86)/atmel/studio/7.0/toolchain/arm/arm-gnu-toolchain/bin/../lib/gcc/arm-none-eabi/6.2.1/thumb/v7e-m\libgcc.a(_arm_addsubdf3.o)
 .ARM.attributes
                0x000009f9       0x1e c:/program files (x86)/atmel/studio/7.0/toolchain/arm/arm-gnu-toolchain/bin/../lib/gcc/arm-none-eabi/6.2.1/thumb/v7e-m\libgcc.a(_arm_muldivdf3.o)
 .ARM.attributes
                0x00000a17       0x1e c:/program files (x86)/atmel/studio/7.0/toolchain/arm/arm-gnu-toolchain/bin/../lib/gcc/arm-none-eabi/6.2.1/thumb/v7e-m\libgcc.a(_arm_cmpdf2.o)
 .ARM.attributes
                0x00000a35       0x1e c:/program files (x86)/atmel/studio/7.0/toolchain/arm/arm-gnu-toolchain/bin/../lib/gcc/arm-none-eabi/6.2.1/thumb/v7e-m\libgcc.a(_arm_unorddf2.o)
 .ARM.attributes
                0x00000a53       0x1e c:/program files (x86)/atmel/studio/7.0/toolchain/arm/arm-gnu-toolchain/bin/../lib/gcc/arm-none-eabi/6.2.1/thumb/v7e-m\libgcc.a(_arm_fixdfsi.o)
 .ARM.attributes
                0x00000a71       0x1e c:/program files (x86)/atmel/studio/7.0/toolchain/arm/arm-gnu-toolchain/bin/../lib/gcc/arm-none-eabi/6.2.1/thumb/v7e-m/crtn.o

.comment        0x00000000       0x59
 .comment       0x00000000       0x59 src/ASF/common/services/clock/sam4s/sysclk.o
                                 0x5a (size before relaxing)
 .comment       0x00000059       0x5a src/ASF/common/services/delay/sam/cycle_counter.o
 .comment       0x00000059       0x5a src/ASF/sam/drivers/pio/pio.o
 .comment       0x00000059       0x5a src/ASF/sam/drivers/pio/pio_handler.o
 .comment       0x00000059       0x5a src/ASF/sam/drivers/pmc/pmc.o
 .comment       0x00000059       0x5a src/ASF/sam/drivers/tc/tc.o
 .comment       0x00000059       0x5a src/ASF/sam/drivers/twi/twi.o
 .comment       0x00000059       0x5a src/ASF/sam/drivers/usart/usart.o
 .comment       0x00000059       0x5a src/ASF/sam/drivers/wdt/wdt.o
 .comment       0x00000059       0x5a src/camera.o
 .comment       0x00000059       0x5a src/ov2640.o
 .comment       0x00000059       0x5a src/ov2640_table_registers.o
 .comment       0x00000059       0x5a src/timer_interface.o
 .comment       0x00000059       0x5a src/wifi.o
 .comment       0x00000059       0x5a src/ASF/common/boards/user_board/init.o
 .comment       0x00000059       0x5a src/ASF/sam/utils/cmsis/sam4s/source/templates/gcc/startup_sam4s.o
 .comment       0x00000059       0x5a src/ASF/sam/utils/cmsis/sam4s/source/templates/system_sam4s.o
 .comment       0x00000059       0x5a src/ASF/sam/utils/syscalls/gcc/syscalls.o
 .comment       0x00000059       0x5a src/main.o

.debug_info     0x00000000    0x170b6
 .debug_info    0x00000000     0x1262 src/ASF/common/services/clock/sam4s/sysclk.o
 .debug_info    0x00001262      0xa39 src/ASF/common/services/delay/sam/cycle_counter.o
 .debug_info    0x00001c9b     0x1d81 src/ASF/sam/drivers/pio/pio.o
 .debug_info    0x00003a1c     0x17d2 src/ASF/sam/drivers/pio/pio_handler.o
 .debug_info    0x000051ee     0x19a4 src/ASF/sam/drivers/pmc/pmc.o
 .debug_info    0x00006b92     0x1246 src/ASF/sam/drivers/tc/tc.o
 .debug_info    0x00007dd8     0x136e src/ASF/sam/drivers/twi/twi.o
 .debug_info    0x00009146     0x1e84 src/ASF/sam/drivers/usart/usart.o
 .debug_info    0x0000afca      0xbd7 src/ASF/sam/drivers/wdt/wdt.o
 .debug_info    0x0000bba1     0x1f2c src/camera.o
 .debug_info    0x0000dacd     0x1afc src/ov2640.o
 .debug_info    0x0000f5c9      0xc66 src/ov2640_table_registers.o
 .debug_info    0x0001022f     0x1042 src/timer_interface.o
 .debug_info    0x00011271     0x1b00 src/wifi.o
 .debug_info    0x00012d71     0x13e9 src/ASF/common/boards/user_board/init.o
 .debug_info    0x0001415a      0x6d0 src/ASF/sam/utils/cmsis/sam4s/source/templates/gcc/startup_sam4s.o
 .debug_info    0x0001482a      0x45c src/ASF/sam/utils/cmsis/sam4s/source/templates/system_sam4s.o
 .debug_info    0x00014c86      0xdb0 src/ASF/sam/utils/syscalls/gcc/syscalls.o
 .debug_info    0x00015a36     0x1680 src/main.o

.debug_abbrev   0x00000000     0x2f59
 .debug_abbrev  0x00000000      0x2aa src/ASF/common/services/clock/sam4s/sysclk.o
 .debug_abbrev  0x000002aa      0x1b3 src/ASF/common/services/delay/sam/cycle_counter.o
 .debug_abbrev  0x0000045d      0x296 src/ASF/sam/drivers/pio/pio.o
 .debug_abbrev  0x000006f3      0x2e7 src/ASF/sam/drivers/pio/pio_handler.o
 .debug_abbrev  0x000009da      0x2b8 src/ASF/sam/drivers/pmc/pmc.o
 .debug_abbrev  0x00000c92      0x24a src/ASF/sam/drivers/tc/tc.o
 .debug_abbrev  0x00000edc      0x28f src/ASF/sam/drivers/twi/twi.o
 .debug_abbrev  0x0000116b      0x2c1 src/ASF/sam/drivers/usart/usart.o
 .debug_abbrev  0x0000142c      0x207 src/ASF/sam/drivers/wdt/wdt.o
 .debug_abbrev  0x00001633      0x334 src/camera.o
 .debug_abbrev  0x00001967      0x333 src/ov2640.o
 .debug_abbrev  0x00001c9a      0x1b4 src/ov2640_table_registers.o
 .debug_abbrev  0x00001e4e      0x293 src/timer_interface.o
 .debug_abbrev  0x000020e1      0x321 src/wifi.o
 .debug_abbrev  0x00002402      0x344 src/ASF/common/boards/user_board/init.o
 .debug_abbrev  0x00002746      0x15e src/ASF/sam/utils/cmsis/sam4s/source/templates/gcc/startup_sam4s.o
 .debug_abbrev  0x000028a4      0x102 src/ASF/sam/utils/cmsis/sam4s/source/templates/system_sam4s.o
 .debug_abbrev  0x000029a6      0x22a src/ASF/sam/utils/syscalls/gcc/syscalls.o
 .debug_abbrev  0x00002bd0      0x389 src/main.o

.debug_loc      0x00000000     0x7000
 .debug_loc     0x00000000      0x4a0 src/ASF/common/services/clock/sam4s/sysclk.o
 .debug_loc     0x000004a0     0x1174 src/ASF/sam/drivers/pio/pio.o
 .debug_loc     0x00001614      0x364 src/ASF/sam/drivers/pio/pio_handler.o
 .debug_loc     0x00001978     0x1468 src/ASF/sam/drivers/pmc/pmc.o
 .debug_loc     0x00002de0      0x844 src/ASF/sam/drivers/tc/tc.o
 .debug_loc     0x00003624      0x7ac src/ASF/sam/drivers/twi/twi.o
 .debug_loc     0x00003dd0     0x17d4 src/ASF/sam/drivers/usart/usart.o
 .debug_loc     0x000055a4      0x228 src/ASF/sam/drivers/wdt/wdt.o
 .debug_loc     0x000057cc      0x4d0 src/camera.o
 .debug_loc     0x00005c9c      0x5c4 src/ov2640.o
 .debug_loc     0x00006260      0x1b0 src/timer_interface.o
 .debug_loc     0x00006410      0x4a2 src/wifi.o
 .debug_loc     0x000068b2      0x160 src/ASF/common/boards/user_board/init.o
 .debug_loc     0x00006a12       0x64 src/ASF/sam/utils/cmsis/sam4s/source/templates/gcc/startup_sam4s.o
 .debug_loc     0x00006a76       0xe4 src/ASF/sam/utils/cmsis/sam4s/source/templates/system_sam4s.o
 .debug_loc     0x00006b5a      0x300 src/ASF/sam/utils/syscalls/gcc/syscalls.o
 .debug_loc     0x00006e5a      0x1a6 src/main.o

.debug_aranges  0x00000000      0xc70
 .debug_aranges
                0x00000000       0x98 src/ASF/common/services/clock/sam4s/sysclk.o
 .debug_aranges
                0x00000098       0x20 src/ASF/common/services/delay/sam/cycle_counter.o
 .debug_aranges
                0x000000b8      0x1a8 src/ASF/sam/drivers/pio/pio.o
 .debug_aranges
                0x00000260       0x70 src/ASF/sam/drivers/pio/pio_handler.o
 .debug_aranges
                0x000002d0      0x208 src/ASF/sam/drivers/pmc/pmc.o
 .debug_aranges
                0x000004d8       0xd0 src/ASF/sam/drivers/tc/tc.o
 .debug_aranges
                0x000005a8       0xc8 src/ASF/sam/drivers/twi/twi.o
 .debug_aranges
                0x00000670      0x238 src/ASF/sam/drivers/usart/usart.o
 .debug_aranges
                0x000008a8       0x48 src/ASF/sam/drivers/wdt/wdt.o
 .debug_aranges
                0x000008f0       0x98 src/camera.o
 .debug_aranges
                0x00000988       0xb0 src/ov2640.o
 .debug_aranges
                0x00000a38       0x18 src/ov2640_table_registers.o
 .debug_aranges
                0x00000a50       0x48 src/timer_interface.o
 .debug_aranges
                0x00000a98       0x98 src/wifi.o
 .debug_aranges
                0x00000b30       0x40 src/ASF/common/boards/user_board/init.o
 .debug_aranges
                0x00000b70       0x28 src/ASF/sam/utils/cmsis/sam4s/source/templates/gcc/startup_sam4s.o
 .debug_aranges
                0x00000b98       0x30 src/ASF/sam/utils/cmsis/sam4s/source/templates/system_sam4s.o
 .debug_aranges
                0x00000bc8       0x60 src/ASF/sam/utils/syscalls/gcc/syscalls.o
 .debug_aranges
                0x00000c28       0x48 src/main.o

.debug_ranges   0x00000000      0xb68
 .debug_ranges  0x00000000       0x88 src/ASF/common/services/clock/sam4s/sysclk.o
 .debug_ranges  0x00000088       0x10 src/ASF/common/services/delay/sam/cycle_counter.o
 .debug_ranges  0x00000098      0x198 src/ASF/sam/drivers/pio/pio.o
 .debug_ranges  0x00000230       0x60 src/ASF/sam/drivers/pio/pio_handler.o
 .debug_ranges  0x00000290      0x1f8 src/ASF/sam/drivers/pmc/pmc.o
 .debug_ranges  0x00000488       0xc0 src/ASF/sam/drivers/tc/tc.o
 .debug_ranges  0x00000548       0xb8 src/ASF/sam/drivers/twi/twi.o
 .debug_ranges  0x00000600      0x228 src/ASF/sam/drivers/usart/usart.o
 .debug_ranges  0x00000828       0x38 src/ASF/sam/drivers/wdt/wdt.o
 .debug_ranges  0x00000860       0x88 src/camera.o
 .debug_ranges  0x000008e8       0xa0 src/ov2640.o
 .debug_ranges  0x00000988       0x38 src/timer_interface.o
 .debug_ranges  0x000009c0       0x88 src/wifi.o
 .debug_ranges  0x00000a48       0x48 src/ASF/common/boards/user_board/init.o
 .debug_ranges  0x00000a90       0x18 src/ASF/sam/utils/cmsis/sam4s/source/templates/gcc/startup_sam4s.o
 .debug_ranges  0x00000aa8       0x20 src/ASF/sam/utils/cmsis/sam4s/source/templates/system_sam4s.o
 .debug_ranges  0x00000ac8       0x50 src/ASF/sam/utils/syscalls/gcc/syscalls.o
 .debug_ranges  0x00000b18       0x50 src/main.o

.debug_macro    0x00000000    0x15801
 .debug_macro   0x00000000      0x56d src/ASF/common/services/clock/sam4s/sysclk.o
 .debug_macro   0x0000056d      0x8c2 src/ASF/common/services/clock/sam4s/sysclk.o
 .debug_macro   0x00000e2f      0x708 src/ASF/common/services/clock/sam4s/sysclk.o
 .debug_macro   0x00001537       0x46 src/ASF/common/services/clock/sam4s/sysclk.o
 .debug_macro   0x0000157d      0x16d src/ASF/common/services/clock/sam4s/sysclk.o
 .debug_macro   0x000016ea       0x76 src/ASF/common/services/clock/sam4s/sysclk.o
 .debug_macro   0x00001760       0x16 src/ASF/common/services/clock/sam4s/sysclk.o
 .debug_macro   0x00001776      0x6da src/ASF/common/services/clock/sam4s/sysclk.o
 .debug_macro   0x00001e50       0x22 src/ASF/common/services/clock/sam4s/sysclk.o
 .debug_macro   0x00001e72       0x87 src/ASF/common/services/clock/sam4s/sysclk.o
 .debug_macro   0x00001ef9       0x51 src/ASF/common/services/clock/sam4s/sysclk.o
 .debug_macro   0x00001f4a       0xef src/ASF/common/services/clock/sam4s/sysclk.o
 .debug_macro   0x00002039       0x6a src/ASF/common/services/clock/sam4s/sysclk.o
 .debug_macro   0x000020a3      0x1df src/ASF/common/services/clock/sam4s/sysclk.o
 .debug_macro   0x00002282       0x27 src/ASF/common/services/clock/sam4s/sysclk.o
 .debug_macro   0x000022a9       0x1c src/ASF/common/services/clock/sam4s/sysclk.o
 .debug_macro   0x000022c5       0x22 src/ASF/common/services/clock/sam4s/sysclk.o
 .debug_macro   0x000022e7       0xdf src/ASF/common/services/clock/sam4s/sysclk.o
 .debug_macro   0x000023c6     0x102d src/ASF/common/services/clock/sam4s/sysclk.o
 .debug_macro   0x000033f3      0x11f src/ASF/common/services/clock/sam4s/sysclk.o
 .debug_macro   0x00003512      0x154 src/ASF/common/services/clock/sam4s/sysclk.o
 .debug_macro   0x00003666      0xaa5 src/ASF/common/services/clock/sam4s/sysclk.o
 .debug_macro   0x0000410b      0x1b4 src/ASF/common/services/clock/sam4s/sysclk.o
 .debug_macro   0x000042bf       0xac src/ASF/common/services/clock/sam4s/sysclk.o
 .debug_macro   0x0000436b      0x3f7 src/ASF/common/services/clock/sam4s/sysclk.o
 .debug_macro   0x00004762      0x106 src/ASF/common/services/clock/sam4s/sysclk.o
 .debug_macro   0x00004868       0x1c src/ASF/common/services/clock/sam4s/sysclk.o
 .debug_macro   0x00004884      0x72f src/ASF/common/services/clock/sam4s/sysclk.o
 .debug_macro   0x00004fb3      0x2c9 src/ASF/common/services/clock/sam4s/sysclk.o
 .debug_macro   0x0000527c       0xbe src/ASF/common/services/clock/sam4s/sysclk.o
 .debug_macro   0x0000533a     0x2807 src/ASF/common/services/clock/sam4s/sysclk.o
 .debug_macro   0x00007b41      0x76e src/ASF/common/services/clock/sam4s/sysclk.o
 .debug_macro   0x000082af      0xa84 src/ASF/common/services/clock/sam4s/sysclk.o
 .debug_macro   0x00008d33       0x9a src/ASF/common/services/clock/sam4s/sysclk.o
 .debug_macro   0x00008dcd      0x3cf src/ASF/common/services/clock/sam4s/sysclk.o
 .debug_macro   0x0000919c       0x64 src/ASF/common/services/clock/sam4s/sysclk.o
 .debug_macro   0x00009200      0x37c src/ASF/common/services/clock/sam4s/sysclk.o
 .debug_macro   0x0000957c      0x61b src/ASF/common/services/clock/sam4s/sysclk.o
 .debug_macro   0x00009b97      0x686 src/ASF/common/services/clock/sam4s/sysclk.o
 .debug_macro   0x0000a21d      0x595 src/ASF/common/services/clock/sam4s/sysclk.o
 .debug_macro   0x0000a7b2      0x344 src/ASF/common/services/clock/sam4s/sysclk.o
 .debug_macro   0x0000aaf6      0x283 src/ASF/common/services/clock/sam4s/sysclk.o
 .debug_macro   0x0000ad79      0x2cd src/ASF/common/services/clock/sam4s/sysclk.o
 .debug_macro   0x0000b046      0x6cf src/ASF/common/services/clock/sam4s/sysclk.o
 .debug_macro   0x0000b715       0x76 src/ASF/common/services/clock/sam4s/sysclk.o
 .debug_macro   0x0000b78b       0xb8 src/ASF/common/services/clock/sam4s/sysclk.o
 .debug_macro   0x0000b843       0xb2 src/ASF/common/services/clock/sam4s/sysclk.o
 .debug_macro   0x0000b8f5       0x88 src/ASF/common/services/clock/sam4s/sysclk.o
 .debug_macro   0x0000b97d      0x100 src/ASF/common/services/clock/sam4s/sysclk.o
 .debug_macro   0x0000ba7d       0x88 src/ASF/common/services/clock/sam4s/sysclk.o
 .debug_macro   0x0000bb05       0x88 src/ASF/common/services/clock/sam4s/sysclk.o
 .debug_macro   0x0000bb8d      0x2cd src/ASF/common/services/clock/sam4s/sysclk.o
 .debug_macro   0x0000be5a       0xb2 src/ASF/common/services/clock/sam4s/sysclk.o
 .debug_macro   0x0000bf0c       0xb2 src/ASF/common/services/clock/sam4s/sysclk.o
 .debug_macro   0x0000bfbe       0x52 src/ASF/common/services/clock/sam4s/sysclk.o
 .debug_macro   0x0000c010       0xac src/ASF/common/services/clock/sam4s/sysclk.o
 .debug_macro   0x0000c0bc       0x7c src/ASF/common/services/clock/sam4s/sysclk.o
 .debug_macro   0x0000c138       0x40 src/ASF/common/services/clock/sam4s/sysclk.o
 .debug_macro   0x0000c178       0x64 src/ASF/common/services/clock/sam4s/sysclk.o
 .debug_macro   0x0000c1dc       0x4c src/ASF/common/services/clock/sam4s/sysclk.o
 .debug_macro   0x0000c228       0xa6 src/ASF/common/services/clock/sam4s/sysclk.o
 .debug_macro   0x0000c2ce       0x7c src/ASF/common/services/clock/sam4s/sysclk.o
 .debug_macro   0x0000c34a       0x16 src/ASF/common/services/clock/sam4s/sysclk.o
 .debug_macro   0x0000c360       0x7c src/ASF/common/services/clock/sam4s/sysclk.o
 .debug_macro   0x0000c3dc       0x22 src/ASF/common/services/clock/sam4s/sysclk.o
 .debug_macro   0x0000c3fe      0x18b src/ASF/common/services/clock/sam4s/sysclk.o
 .debug_macro   0x0000c589      0x15b src/ASF/common/services/clock/sam4s/sysclk.o
 .debug_macro   0x0000c6e4       0x1c src/ASF/common/services/clock/sam4s/sysclk.o
 .debug_macro   0x0000c700       0x2e src/ASF/common/services/clock/sam4s/sysclk.o
 .debug_macro   0x0000c72e       0x22 src/ASF/common/services/clock/sam4s/sysclk.o
 .debug_macro   0x0000c750       0x1c src/ASF/common/services/clock/sam4s/sysclk.o
 .debug_macro   0x0000c76c       0x52 src/ASF/common/services/clock/sam4s/sysclk.o
 .debug_macro   0x0000c7be       0x10 src/ASF/common/services/clock/sam4s/sysclk.o
 .debug_macro   0x0000c7ce      0x1e7 src/ASF/common/services/clock/sam4s/sysclk.o
 .debug_macro   0x0000c9b5      0x605 src/ASF/common/services/clock/sam4s/sysclk.o
 .debug_macro   0x0000cfba      0x107 src/ASF/common/services/clock/sam4s/sysclk.o
 .debug_macro   0x0000d0c1       0x52 src/ASF/common/services/clock/sam4s/sysclk.o
 .debug_macro   0x0000d113       0x35 src/ASF/common/services/clock/sam4s/sysclk.o
 .debug_macro   0x0000d148       0x9c src/ASF/common/services/clock/sam4s/sysclk.o
 .debug_macro   0x0000d1e4       0x16 src/ASF/common/services/clock/sam4s/sysclk.o
 .debug_macro   0x0000d1fa       0x35 src/ASF/common/services/clock/sam4s/sysclk.o
 .debug_macro   0x0000d22f      0x32a src/ASF/common/services/clock/sam4s/sysclk.o
 .debug_macro   0x0000d559       0x10 src/ASF/common/services/clock/sam4s/sysclk.o
 .debug_macro   0x0000d569       0x52 src/ASF/common/services/clock/sam4s/sysclk.o
 .debug_macro   0x0000d5bb       0x1f src/ASF/common/services/clock/sam4s/sysclk.o
 .debug_macro   0x0000d5da       0x43 src/ASF/common/services/clock/sam4s/sysclk.o
 .debug_macro   0x0000d61d       0x20 src/ASF/common/services/clock/sam4s/sysclk.o
 .debug_macro   0x0000d63d      0x187 src/ASF/common/services/clock/sam4s/sysclk.o
 .debug_macro   0x0000d7c4       0x10 src/ASF/common/services/clock/sam4s/sysclk.o
 .debug_macro   0x0000d7d4       0x1c src/ASF/common/services/clock/sam4s/sysclk.o
 .debug_macro   0x0000d7f0       0x52 src/ASF/common/services/clock/sam4s/sysclk.o
 .debug_macro   0x0000d842       0x40 src/ASF/common/services/clock/sam4s/sysclk.o
 .debug_macro   0x0000d882       0x10 src/ASF/common/services/clock/sam4s/sysclk.o
 .debug_macro   0x0000d892       0x40 src/ASF/common/services/clock/sam4s/sysclk.o
 .debug_macro   0x0000d8d2       0xd7 src/ASF/common/services/clock/sam4s/sysclk.o
 .debug_macro   0x0000d9a9       0x16 src/ASF/common/services/clock/sam4s/sysclk.o
 .debug_macro   0x0000d9bf      0x18b src/ASF/common/services/clock/sam4s/sysclk.o
 .debug_macro   0x0000db4a       0x22 src/ASF/common/services/clock/sam4s/sysclk.o
 .debug_macro   0x0000db6c       0x16 src/ASF/common/services/clock/sam4s/sysclk.o
 .debug_macro   0x0000db82       0x16 src/ASF/common/services/clock/sam4s/sysclk.o
 .debug_macro   0x0000db98       0x29 src/ASF/common/services/clock/sam4s/sysclk.o
 .debug_macro   0x0000dbc1       0x73 src/ASF/common/services/clock/sam4s/sysclk.o
 .debug_macro   0x0000dc34       0x3e src/ASF/common/services/clock/sam4s/sysclk.o
 .debug_macro   0x0000dc72      0x3ca src/ASF/common/services/clock/sam4s/sysclk.o
 .debug_macro   0x0000e03c      0x2d2 src/ASF/common/services/clock/sam4s/sysclk.o
 .debug_macro   0x0000e30e       0x6a src/ASF/common/services/clock/sam4s/sysclk.o
 .debug_macro   0x0000e378       0x58 src/ASF/common/services/clock/sam4s/sysclk.o
 .debug_macro   0x0000e3d0       0x82 src/ASF/common/services/clock/sam4s/sysclk.o
 .debug_macro   0x0000e452       0x46 src/ASF/common/services/clock/sam4s/sysclk.o
 .debug_macro   0x0000e498       0x90 src/ASF/common/services/clock/sam4s/sysclk.o
 .debug_macro   0x0000e528      0x502 src/ASF/common/services/delay/sam/cycle_counter.o
 .debug_macro   0x0000ea2a       0x22 src/ASF/common/services/delay/sam/cycle_counter.o
 .debug_macro   0x0000ea4c      0x508 src/ASF/sam/drivers/pio/pio.o
 .debug_macro   0x0000ef54       0x8e src/ASF/sam/drivers/pio/pio.o
 .debug_macro   0x0000efe2      0x512 src/ASF/sam/drivers/pio/pio_handler.o
 .debug_macro   0x0000f4f4      0x508 src/ASF/sam/drivers/pmc/pmc.o
 .debug_macro   0x0000f9fc       0x52 src/ASF/sam/drivers/pmc/pmc.o
 .debug_macro   0x0000fa4e      0x508 src/ASF/sam/drivers/tc/tc.o
 .debug_macro   0x0000ff56       0x4c src/ASF/sam/drivers/tc/tc.o
 .debug_macro   0x0000ffa2       0x8d src/ASF/sam/drivers/tc/tc.o
 .debug_macro   0x0001002f       0x16 src/ASF/sam/drivers/tc/tc.o
 .debug_macro   0x00010045       0x57 src/ASF/sam/drivers/tc/tc.o
 .debug_macro   0x0001009c       0x1c src/ASF/sam/drivers/tc/tc.o
 .debug_macro   0x000100b8      0x52c src/ASF/sam/drivers/twi/twi.o
 .debug_macro   0x000105e4       0x46 src/ASF/sam/drivers/twi/twi.o
 .debug_macro   0x0001062a      0x538 src/ASF/sam/drivers/usart/usart.o
 .debug_macro   0x00010b62       0x28 src/ASF/sam/drivers/usart/usart.o
 .debug_macro   0x00010b8a      0x515 src/ASF/sam/drivers/wdt/wdt.o
 .debug_macro   0x0001109f      0x67e src/camera.o
 .debug_macro   0x0001171d       0x28 src/camera.o
 .debug_macro   0x00011745       0x22 src/camera.o
 .debug_macro   0x00011767       0x94 src/camera.o
 .debug_macro   0x000117fb       0x40 src/camera.o
 .debug_macro   0x0001183b       0x88 src/camera.o
 .debug_macro   0x000118c3       0x4c src/camera.o
 .debug_macro   0x0001190f       0x10 src/camera.o
 .debug_macro   0x0001191f       0x16 src/camera.o
 .debug_macro   0x00011935       0x10 src/camera.o
 .debug_macro   0x00011945      0x178 src/camera.o
 .debug_macro   0x00011abd      0x401 src/camera.o
 .debug_macro   0x00011ebe      0x5ca src/ov2640.o
 .debug_macro   0x00012488      0x3fb src/ov2640.o
 .debug_macro   0x00012883       0x16 src/ov2640.o
 .debug_macro   0x00012899      0x5a6 src/ov2640_table_registers.o
 .debug_macro   0x00012e3f      0x69f src/timer_interface.o
 .debug_macro   0x000134de      0x6a9 src/wifi.o
 .debug_macro   0x00013b87       0xbe src/wifi.o
 .debug_macro   0x00013c45      0x69e src/ASF/common/boards/user_board/init.o
 .debug_macro   0x000142e3      0x2f4 src/ASF/sam/utils/cmsis/sam4s/source/templates/gcc/startup_sam4s.o
 .debug_macro   0x000145d7      0x2fc src/ASF/sam/utils/cmsis/sam4s/source/templates/system_sam4s.o
 .debug_macro   0x000148d3      0x1d6 src/ASF/sam/utils/syscalls/gcc/syscalls.o
 .debug_macro   0x00014aa9       0x97 src/ASF/sam/utils/syscalls/gcc/syscalls.o
 .debug_macro   0x00014b40      0x330 src/ASF/sam/utils/syscalls/gcc/syscalls.o
 .debug_macro   0x00014e70       0xf6 src/ASF/sam/utils/syscalls/gcc/syscalls.o
 .debug_macro   0x00014f66       0x4c src/ASF/sam/utils/syscalls/gcc/syscalls.o
 .debug_macro   0x00014fb2       0x16 src/ASF/sam/utils/syscalls/gcc/syscalls.o
 .debug_macro   0x00014fc8       0x10 src/ASF/sam/utils/syscalls/gcc/syscalls.o
 .debug_macro   0x00014fd8       0x10 src/ASF/sam/utils/syscalls/gcc/syscalls.o
 .debug_macro   0x00014fe8       0x35 src/ASF/sam/utils/syscalls/gcc/syscalls.o
 .debug_macro   0x0001501d      0x122 src/ASF/sam/utils/syscalls/gcc/syscalls.o
 .debug_macro   0x0001513f      0x6b2 src/main.o
 .debug_macro   0x000157f1       0x10 src/main.o

.debug_line     0x00000000     0xf221
 .debug_line    0x00000000      0xcb9 src/ASF/common/services/clock/sam4s/sysclk.o
 .debug_line    0x00000cb9      0xa3f src/ASF/common/services/delay/sam/cycle_counter.o
 .debug_line    0x000016f8      0xe58 src/ASF/sam/drivers/pio/pio.o
 .debug_line    0x00002550      0xb51 src/ASF/sam/drivers/pio/pio_handler.o
 .debug_line    0x000030a1     0x1033 src/ASF/sam/drivers/pmc/pmc.o
 .debug_line    0x000040d4      0xbde src/ASF/sam/drivers/tc/tc.o
 .debug_line    0x00004cb2      0xc8a src/ASF/sam/drivers/twi/twi.o
 .debug_line    0x0000593c     0x100f src/ASF/sam/drivers/usart/usart.o
 .debug_line    0x0000694b      0xa8c src/ASF/sam/drivers/wdt/wdt.o
 .debug_line    0x000073d7     0x105b src/camera.o
 .debug_line    0x00008432      0xec6 src/ov2640.o
 .debug_line    0x000092f8      0xbed src/ov2640_table_registers.o
 .debug_line    0x00009ee5      0xf34 src/timer_interface.o
 .debug_line    0x0000ae19     0x105a src/wifi.o
 .debug_line    0x0000be73      0xf55 src/ASF/common/boards/user_board/init.o
 .debug_line    0x0000cdc8      0x820 src/ASF/sam/utils/cmsis/sam4s/source/templates/gcc/startup_sam4s.o
 .debug_line    0x0000d5e8      0x868 src/ASF/sam/utils/cmsis/sam4s/source/templates/system_sam4s.o
 .debug_line    0x0000de50      0x417 src/ASF/sam/utils/syscalls/gcc/syscalls.o
 .debug_line    0x0000e267      0xfba src/main.o

.debug_str      0x00000000    0x51f7b
 .debug_str     0x00000000    0x4b905 src/ASF/common/services/clock/sam4s/sysclk.o
                              0x4bd14 (size before relaxing)
 .debug_str     0x0004b905      0x1a9 src/ASF/common/services/delay/sam/cycle_counter.o
                              0x4a587 (size before relaxing)
 .debug_str     0x0004baae      0xbb2 src/ASF/sam/drivers/pio/pio.o
                              0x4b027 (size before relaxing)
 .debug_str     0x0004c660      0x37a src/ASF/sam/drivers/pio/pio_handler.o
                              0x4af2b (size before relaxing)
 .debug_str     0x0004c9da      0x584 src/ASF/sam/drivers/pmc/pmc.o
                              0x4ae73 (size before relaxing)
 .debug_str     0x0004cf5e      0x35f src/ASF/sam/drivers/tc/tc.o
                              0x4a772 (size before relaxing)
 .debug_str     0x0004d2bd      0x4aa src/ASF/sam/drivers/twi/twi.o
                              0x4a952 (size before relaxing)
 .debug_str     0x0004d767      0x958 src/ASF/sam/drivers/usart/usart.o
                              0x4ae0c (size before relaxing)
 .debug_str     0x0004e0bf      0x135 src/ASF/sam/drivers/wdt/wdt.o
                              0x4a50e (size before relaxing)
 .debug_str     0x0004e1f4     0x26f9 src/camera.o
                              0x4f02f (size before relaxing)
 .debug_str     0x000508ed      0x1d7 src/ov2640.o
                              0x4de3e (size before relaxing)
 .debug_str     0x00050ac4       0x20 src/ov2640_table_registers.o
                              0x4d5ef (size before relaxing)
 .debug_str     0x00050ae4       0x5f src/timer_interface.o
                              0x4cc2f (size before relaxing)
 .debug_str     0x00050b43      0x65a src/wifi.o
                              0x4dd64 (size before relaxing)
 .debug_str     0x0005119d      0x150 src/ASF/common/boards/user_board/init.o
                              0x4d133 (size before relaxing)
 .debug_str     0x000512ed      0x428 src/ASF/sam/utils/cmsis/sam4s/source/templates/gcc/startup_sam4s.o
                              0x3a208 (size before relaxing)
 .debug_str     0x00051715       0xb9 src/ASF/sam/utils/cmsis/sam4s/source/templates/system_sam4s.o
                              0x39fad (size before relaxing)
 .debug_str     0x000517ce      0x77b src/ASF/sam/utils/syscalls/gcc/syscalls.o
                               0x72a2 (size before relaxing)
 .debug_str     0x00051f49       0x32 src/main.o
                              0x4d91e (size before relaxing)

.debug_frame    0x00000000     0x403c
 .debug_frame   0x00000000      0x244 src/ASF/common/services/clock/sam4s/sysclk.o
 .debug_frame   0x00000244       0x20 src/ASF/common/services/delay/sam/cycle_counter.o
 .debug_frame   0x00000264      0x7c0 src/ASF/sam/drivers/pio/pio.o
 .debug_frame   0x00000a24      0x1a4 src/ASF/sam/drivers/pio/pio_handler.o
 .debug_frame   0x00000bc8      0x920 src/ASF/sam/drivers/pmc/pmc.o
 .debug_frame   0x000014e8      0x3a8 src/ASF/sam/drivers/tc/tc.o
 .debug_frame   0x00001890      0x36c src/ASF/sam/drivers/twi/twi.o
 .debug_frame   0x00001bfc      0xa7c src/ASF/sam/drivers/usart/usart.o
 .debug_frame   0x00002678      0x100 src/ASF/sam/drivers/wdt/wdt.o
 .debug_frame   0x00002778      0x264 src/camera.o
 .debug_frame   0x000029dc      0x2c0 src/ov2640.o
 .debug_frame   0x00002c9c       0xe4 src/timer_interface.o
 .debug_frame   0x00002d80      0x25c src/wifi.o
 .debug_frame   0x00002fdc       0xbc src/ASF/common/boards/user_board/init.o
 .debug_frame   0x00003098       0x48 src/ASF/sam/utils/cmsis/sam4s/source/templates/gcc/startup_sam4s.o
 .debug_frame   0x000030e0       0x78 src/ASF/sam/utils/cmsis/sam4s/source/templates/system_sam4s.o
 .debug_frame   0x00003158      0x164 src/ASF/sam/utils/syscalls/gcc/syscalls.o
 .debug_frame   0x000032bc       0xec src/main.o
 .debug_frame   0x000033a8       0x2c c:/program files (x86)/atmel/studio/7.0/toolchain/arm/arm-gnu-toolchain/bin/../lib/gcc/arm-none-eabi/6.2.1/thumb/v7e-m\libgcc.a(_aeabi_uldivmod.o)
 .debug_frame   0x000033d4       0x34 c:/program files (x86)/atmel/studio/7.0/toolchain/arm/arm-gnu-toolchain/bin/../lib/gcc/arm-none-eabi/6.2.1/thumb/v7e-m\libgcc.a(_udivmoddi4.o)
 .debug_frame   0x00003408       0x2c c:/program files (x86)/atmel/studio/7.0/toolchain/arm/arm-gnu-toolchain/bin/../lib/gcc/arm-none-eabi/6.2.1/../../../../arm-none-eabi/lib/thumb/v7e-m\libc.a(lib_a-init.o)
 .debug_frame   0x00003434       0x34 c:/program files (x86)/atmel/studio/7.0/toolchain/arm/arm-gnu-toolchain/bin/../lib/gcc/arm-none-eabi/6.2.1/../../../../arm-none-eabi/lib/thumb/v7e-m\libc.a(lib_a-memset.o)